Archive member included to satisfy reference by file (symbol)

obj_cooja/mtype384.a(simEnvChange.o)
                              obj_cooja/mtype384.o (simDontFallAsleep)
obj_cooja/mtype384.a(cooja_mt.o)
                              obj_cooja/mtype384.o (cooja_mt_start)
obj_cooja/mtype384.a(cooja_mtarch.o)
                              obj_cooja/mtype384.a(cooja_mt.o) (cooja_mtarch_init)
obj_cooja/mtype384.a(rtimer-arch.o)
                              obj_cooja/mtype384.o (rtimer_arch_check)
obj_cooja/mtype384.a(beep.o)  obj_cooja/mtype384.o (beep_interface)
obj_cooja/mtype384.a(button-sensor.o)
                              obj_cooja/mtype384.o (button_interface)
obj_cooja/mtype384.a(leds-arch.o)
                              obj_cooja/mtype384.o (leds_interface)
obj_cooja/mtype384.a(moteid.o)
                              obj_cooja/mtype384.o (moteid_interface)
obj_cooja/mtype384.a(pir-sensor.o)
                              obj_cooja/mtype384.o (pir_interface)
obj_cooja/mtype384.a(rs232.o)
                              obj_cooja/mtype384.o (rs232_interface)
obj_cooja/mtype384.a(vib-sensor.o)
                              obj_cooja/mtype384.o (vib_interface)
obj_cooja/mtype384.a(clock.o)
                              obj_cooja/mtype384.o (clock_interface)
obj_cooja/mtype384.a(log.o)   obj_cooja/mtype384.o (simlog_interface)
obj_cooja/mtype384.a(cfs-cooja.o)
                              obj_cooja/mtype384.o (cfs_interface)
obj_cooja/mtype384.a(cooja-radio.o)
                              obj_cooja/mtype384.o (radio_interface)
obj_cooja/mtype384.a(eeprom.o)
                              obj_cooja/mtype384.o (eeprom_interface)
obj_cooja/mtype384.a(random.o)
                              obj_cooja/mtype384.a(moteid.o) (random_init)
obj_cooja/mtype384.a(sensors.o)
                              obj_cooja/mtype384.o (sensors_process)
obj_cooja/mtype384.a(autostart.o)
                              obj_cooja/mtype384.o (autostart_start)
obj_cooja/mtype384.a(ctimer.o)
                              obj_cooja/mtype384.o (ctimer_init)
obj_cooja/mtype384.a(etimer.o)
                              obj_cooja/mtype384.o (etimer_process)
obj_cooja/mtype384.a(process.o)
                              obj_cooja/mtype384.a(ctimer.o) (process_current)
obj_cooja/mtype384.a(rtimer.o)
                              obj_cooja/mtype384.a(rtimer-arch.o) (rtimer_run_next)
obj_cooja/mtype384.a(timer.o)
                              obj_cooja/mtype384.a(button-sensor.o) (timer_set)
obj_cooja/mtype384.a(serial-line.o)
                              obj_cooja/mtype384.a(rs232.o) (serial_line_input_byte)
obj_cooja/mtype384.a(list.o)  obj_cooja/mtype384.a(ctimer.o) (list_init)
obj_cooja/mtype384.a(ringbuf.o)
                              obj_cooja/mtype384.a(serial-line.o) (ringbuf_init)
obj_cooja/mtype384.a(broadcast.o)
                              example-broadcast.co (broadcast_open)
obj_cooja/mtype384.a(rime.o)  obj_cooja/mtype384.o (rime_driver)
obj_cooja/mtype384.a(abc.o)   obj_cooja/mtype384.a(broadcast.o) (abc_open)
obj_cooja/mtype384.a(announcement.o)
                              obj_cooja/mtype384.a(rime.o) (announcement_init)
obj_cooja/mtype384.a(queuebuf.o)
                              obj_cooja/mtype384.o (queuebuf_init)
obj_cooja/mtype384.a(packetbuf.o)
                              obj_cooja/mtype384.a(cooja-radio.o) (packetbuf_attrs)
obj_cooja/mtype384.a(netstack.o)
                              obj_cooja/mtype384.o (netstack_init)
obj_cooja/mtype384.a(linkaddr.o)
                              obj_cooja/mtype384.o (linkaddr_node_addr)
obj_cooja/mtype384.a(csma.o)  obj_cooja/mtype384.o (csma_driver)
obj_cooja/mtype384.a(nullrdc.o)
                              obj_cooja/mtype384.o (nullrdc_driver)
obj_cooja/mtype384.a(nullsec.o)
                              obj_cooja/mtype384.a(rime.o) (nullsec_driver)
obj_cooja/mtype384.a(rimestats.o)
                              obj_cooja/mtype384.a(cooja-radio.o) (rimestats)
obj_cooja/mtype384.a(memb.o)  obj_cooja/mtype384.a(queuebuf.o) (memb_init)
obj_cooja/mtype384.a(broadcast-annou)
                              obj_cooja/mtype384.a(rime.o) (broadcast_announcement_init)
obj_cooja/mtype384.a(chameleon.o)
                              obj_cooja/mtype384.a(rime.o) (chameleon_init)
obj_cooja/mtype384.a(channel.o)
                              obj_cooja/mtype384.a(chameleon.o) (channel_init)
obj_cooja/mtype384.a(framer-nullmac.)
                              obj_cooja/mtype384.a(nullrdc.o) (framer_nullmac)
obj_cooja/mtype384.a(mac.o)   obj_cooja/mtype384.a(csma.o) (mac_call_sent_callback)
obj_cooja/mtype384.a(chameleon-bitop)
                              obj_cooja/mtype384.a(chameleon.o) (chameleon_bitopt)

Allocating common symbols
Common symbol       size              file

simButtonIsActive   0x1               obj_cooja/mtype384.a(button-sensor.o)
simButtonIsDown     0x1               obj_cooja/mtype384.a(button-sensor.o)
simOutDataBuffer    0x80              obj_cooja/mtype384.a(cooja-radio.o)
linkaddr_node_addr  0x2               obj_cooja/mtype384.a(linkaddr.o)
simSerialReceivingFlag
                    0x1               obj_cooja/mtype384.a(rs232.o)
simEEPROMData       0x400             obj_cooja/mtype384.a(eeprom.o)
simLoggedLength     0x4               obj_cooja/mtype384.a(log.o)
simSerialReceivingLength
                    0x4               obj_cooja/mtype384.a(rs232.o)
simEtimerPending    0x4               obj_cooja/mtype384.a(simEnvChange.o)
simVibChanged       0x1               obj_cooja/mtype384.a(vib-sensor.o)
rimestats           0x90              obj_cooja/mtype384.a(rimestats.o)
simRtimerPending    0x4               obj_cooja/mtype384.a(rtimer-arch.o)
simProcessRunValue  0x4               obj_cooja/mtype384.a(simEnvChange.o)
serial_line_event_message
                    0x1               obj_cooja/mtype384.a(serial-line.o)
referenceVar        0x8               obj_cooja/mtype384.o
simCurrentTime      0x8               obj_cooja/mtype384.a(clock.o)
simVibIsActive      0x1               obj_cooja/mtype384.a(vib-sensor.o)
simSerialReceivingData
                    0x800             obj_cooja/mtype384.a(rs232.o)
simLoggedFlag       0x1               obj_cooja/mtype384.a(log.o)
packetbuf_attrs     0x34              obj_cooja/mtype384.a(packetbuf.o)
simRtimerCurrentTicks
                    0x8               obj_cooja/mtype384.a(rtimer-arch.o)
simRandomSeed       0x4               obj_cooja/mtype384.a(moteid.o)
simLoggedData       0x400             obj_cooja/mtype384.a(log.o)
simLedsValue        0x1               obj_cooja/mtype384.a(leds-arch.o)
simEtimerNextExpirationTime
                    0x8               obj_cooja/mtype384.a(simEnvChange.o)
simButtonChanged    0x1               obj_cooja/mtype384.a(button-sensor.o)
simRtimerNextExpirationTime
                    0x8               obj_cooja/mtype384.a(rtimer-arch.o)
simPirIsActive      0x1               obj_cooja/mtype384.a(pir-sensor.o)
simInDataBuffer     0x80              obj_cooja/mtype384.a(cooja-radio.o)
simPirChanged       0x1               obj_cooja/mtype384.a(pir-sensor.o)
simBeeped           0x1               obj_cooja/mtype384.a(beep.o)
sensors_event       0x1               obj_cooja/mtype384.a(sensors.o)
packetbuf_addrs     0x8               obj_cooja/mtype384.a(packetbuf.o)
simMoteIDChanged    0x1               obj_cooja/mtype384.a(moteid.o)
sensors_flags       0x4               obj_cooja/mtype384.o
simMoteID           0x4               obj_cooja/mtype384.a(moteid.o)

Discarded input sections

 .note.GNU-stack
                0x0000000000000000        0x0 /usr/lib/gcc/x86_64-linux-gnu/6/../../../x86_64-linux-gnu/crti.o
 .note.GNU-stack
                0x0000000000000000        0x0 /usr/lib/gcc/x86_64-linux-gnu/6/crtbeginS.o
 .note.GNU-stack
                0x0000000000000000        0x0 example-broadcast.co
 .note.GNU-stack
                0x0000000000000000        0x0 obj_cooja/mtype384.o
 .note.GNU-stack
                0x0000000000000000        0x0 obj_cooja/mtype384.a(simEnvChange.o)
 .note.GNU-stack
                0x0000000000000000        0x0 obj_cooja/mtype384.a(cooja_mt.o)
 .note.GNU-stack
                0x0000000000000000        0x0 obj_cooja/mtype384.a(cooja_mtarch.o)
 .note.GNU-stack
                0x0000000000000000        0x0 obj_cooja/mtype384.a(rtimer-arch.o)
 .note.GNU-stack
                0x0000000000000000        0x0 obj_cooja/mtype384.a(beep.o)
 .note.GNU-stack
                0x0000000000000000        0x0 obj_cooja/mtype384.a(button-sensor.o)
 .note.GNU-stack
                0x0000000000000000        0x0 obj_cooja/mtype384.a(leds-arch.o)
 .note.GNU-stack
                0x0000000000000000        0x0 obj_cooja/mtype384.a(moteid.o)
 .note.GNU-stack
                0x0000000000000000        0x0 obj_cooja/mtype384.a(pir-sensor.o)
 .note.GNU-stack
                0x0000000000000000        0x0 obj_cooja/mtype384.a(rs232.o)
 .note.GNU-stack
                0x0000000000000000        0x0 obj_cooja/mtype384.a(vib-sensor.o)
 .note.GNU-stack
                0x0000000000000000        0x0 obj_cooja/mtype384.a(clock.o)
 .note.GNU-stack
                0x0000000000000000        0x0 obj_cooja/mtype384.a(log.o)
 .note.GNU-stack
                0x0000000000000000        0x0 obj_cooja/mtype384.a(cfs-cooja.o)
 .note.GNU-stack
                0x0000000000000000        0x0 obj_cooja/mtype384.a(cooja-radio.o)
 .note.GNU-stack
                0x0000000000000000        0x0 obj_cooja/mtype384.a(eeprom.o)
 .note.GNU-stack
                0x0000000000000000        0x0 obj_cooja/mtype384.a(random.o)
 .note.GNU-stack
                0x0000000000000000        0x0 obj_cooja/mtype384.a(sensors.o)
 .note.GNU-stack
                0x0000000000000000        0x0 obj_cooja/mtype384.a(autostart.o)
 .note.GNU-stack
                0x0000000000000000        0x0 obj_cooja/mtype384.a(ctimer.o)
 .note.GNU-stack
                0x0000000000000000        0x0 obj_cooja/mtype384.a(etimer.o)
 .note.GNU-stack
                0x0000000000000000        0x0 obj_cooja/mtype384.a(process.o)
 .note.GNU-stack
                0x0000000000000000        0x0 obj_cooja/mtype384.a(rtimer.o)
 .note.GNU-stack
                0x0000000000000000        0x0 obj_cooja/mtype384.a(timer.o)
 .note.GNU-stack
                0x0000000000000000        0x0 obj_cooja/mtype384.a(serial-line.o)
 .note.GNU-stack
                0x0000000000000000        0x0 obj_cooja/mtype384.a(list.o)
 .note.GNU-stack
                0x0000000000000000        0x0 obj_cooja/mtype384.a(ringbuf.o)
 .note.GNU-stack
                0x0000000000000000        0x0 obj_cooja/mtype384.a(broadcast.o)
 .note.GNU-stack
                0x0000000000000000        0x0 obj_cooja/mtype384.a(rime.o)
 .note.GNU-stack
                0x0000000000000000        0x0 obj_cooja/mtype384.a(abc.o)
 .note.GNU-stack
                0x0000000000000000        0x0 obj_cooja/mtype384.a(announcement.o)
 .note.GNU-stack
                0x0000000000000000        0x0 obj_cooja/mtype384.a(queuebuf.o)
 .note.GNU-stack
                0x0000000000000000        0x0 obj_cooja/mtype384.a(packetbuf.o)
 .note.GNU-stack
                0x0000000000000000        0x0 obj_cooja/mtype384.a(netstack.o)
 .note.GNU-stack
                0x0000000000000000        0x0 obj_cooja/mtype384.a(linkaddr.o)
 .note.GNU-stack
                0x0000000000000000        0x0 obj_cooja/mtype384.a(csma.o)
 .note.GNU-stack
                0x0000000000000000        0x0 obj_cooja/mtype384.a(nullrdc.o)
 .note.GNU-stack
                0x0000000000000000        0x0 obj_cooja/mtype384.a(nullsec.o)
 .note.GNU-stack
                0x0000000000000000        0x0 obj_cooja/mtype384.a(rimestats.o)
 .note.GNU-stack
                0x0000000000000000        0x0 obj_cooja/mtype384.a(memb.o)
 .note.GNU-stack
                0x0000000000000000        0x0 obj_cooja/mtype384.a(broadcast-annou)
 .note.GNU-stack
                0x0000000000000000        0x0 obj_cooja/mtype384.a(chameleon.o)
 .note.GNU-stack
                0x0000000000000000        0x0 obj_cooja/mtype384.a(channel.o)
 .note.GNU-stack
                0x0000000000000000        0x0 obj_cooja/mtype384.a(framer-nullmac.)
 .note.GNU-stack
                0x0000000000000000        0x0 obj_cooja/mtype384.a(mac.o)
 .note.GNU-stack
                0x0000000000000000        0x0 obj_cooja/mtype384.a(chameleon-bitop)
 .note.GNU-stack
                0x0000000000000000        0x0 /usr/lib/gcc/x86_64-linux-gnu/6/crtendS.o
 .note.GNU-stack
                0x0000000000000000        0x0 /usr/lib/gcc/x86_64-linux-gnu/6/../../../x86_64-linux-gnu/crtn.o

Memory Configuration

Name             Origin             Length             Attributes
*default*        0x0000000000000000 0xffffffffffffffff

Linker script and memory map

LOAD /usr/lib/gcc/x86_64-linux-gnu/6/../../../x86_64-linux-gnu/crti.o
LOAD /usr/lib/gcc/x86_64-linux-gnu/6/crtbeginS.o
LOAD example-broadcast.co
LOAD obj_cooja/mtype384.o
LOAD obj_cooja/mtype384.a
LOAD /usr/lib/gcc/x86_64-linux-gnu/6/libgcc.a
LOAD /usr/lib/gcc/x86_64-linux-gnu/6/libgcc_s.so
START GROUP
LOAD /usr/lib/gcc/x86_64-linux-gnu/6/libgcc_s.so.1
LOAD /usr/lib/gcc/x86_64-linux-gnu/6/libgcc.a
END GROUP
LOAD /usr/lib/gcc/x86_64-linux-gnu/6/../../../x86_64-linux-gnu/libc.so
START GROUP
LOAD /lib/x86_64-linux-gnu/libc.so.6
LOAD /usr/lib/x86_64-linux-gnu/libc_nonshared.a
LOAD /lib/x86_64-linux-gnu/ld-linux-x86-64.so.2
END GROUP
LOAD /usr/lib/gcc/x86_64-linux-gnu/6/libgcc.a
LOAD /usr/lib/gcc/x86_64-linux-gnu/6/libgcc_s.so
START GROUP
LOAD /usr/lib/gcc/x86_64-linux-gnu/6/libgcc_s.so.1
LOAD /usr/lib/gcc/x86_64-linux-gnu/6/libgcc.a
END GROUP
LOAD /usr/lib/gcc/x86_64-linux-gnu/6/crtendS.o
LOAD /usr/lib/gcc/x86_64-linux-gnu/6/../../../x86_64-linux-gnu/crtn.o
                0x00000000000001c8                . = (SEGMENT_START ("text-segment", 0x0) + SIZEOF_HEADERS)

.note.gnu.build-id
                0x00000000000001c8       0x24
 *(.note.gnu.build-id)
 .note.gnu.build-id
                0x00000000000001c8       0x24 /usr/lib/gcc/x86_64-linux-gnu/6/../../../x86_64-linux-gnu/crti.o

.hash
 *(.hash)

.gnu.hash       0x00000000000001f0      0xa04
 *(.gnu.hash)
 .gnu.hash      0x00000000000001f0      0xa04 /usr/lib/gcc/x86_64-linux-gnu/6/../../../x86_64-linux-gnu/crti.o

.dynsym         0x0000000000000bf8     0x1e60
 *(.dynsym)
 .dynsym        0x0000000000000bf8     0x1e60 /usr/lib/gcc/x86_64-linux-gnu/6/../../../x86_64-linux-gnu/crti.o

.dynstr         0x0000000000002a58     0x1404
 *(.dynstr)
 .dynstr        0x0000000000002a58     0x1404 /usr/lib/gcc/x86_64-linux-gnu/6/../../../x86_64-linux-gnu/crti.o

.gnu.version    0x0000000000003e5c      0x288
 *(.gnu.version)
 .gnu.version   0x0000000000003e5c      0x288 /usr/lib/gcc/x86_64-linux-gnu/6/../../../x86_64-linux-gnu/crti.o

.gnu.version_d  0x00000000000040e8        0x0
 *(.gnu.version_d)
 .gnu.version_d
                0x00000000000040e8        0x0 /usr/lib/gcc/x86_64-linux-gnu/6/../../../x86_64-linux-gnu/crti.o

.gnu.version_r  0x00000000000040e8       0x30
 *(.gnu.version_r)
 .gnu.version_r
                0x00000000000040e8       0x30 /usr/lib/gcc/x86_64-linux-gnu/6/../../../x86_64-linux-gnu/crti.o

.rela.dyn       0x0000000000004118     0x13f8
 *(.rela.init)
 *(.rela.text .rela.text.* .rela.gnu.linkonce.t.*)
 .rela.text     0x0000000000004118        0x0 /usr/lib/gcc/x86_64-linux-gnu/6/../../../x86_64-linux-gnu/crti.o
 *(.rela.fini)
 *(.rela.rodata .rela.rodata.* .rela.gnu.linkonce.r.*)
 *(.rela.data .rela.data.* .rela.gnu.linkonce.d.*)
 .rela.data.rel.local
                0x0000000000004118      0x2b8 /usr/lib/gcc/x86_64-linux-gnu/6/../../../x86_64-linux-gnu/crti.o
 .rela.data.rel.ro
                0x00000000000043d0       0x18 /usr/lib/gcc/x86_64-linux-gnu/6/../../../x86_64-linux-gnu/crti.o
 .rela.data.rel.ro.local
                0x00000000000043e8      0x7c8 /usr/lib/gcc/x86_64-linux-gnu/6/../../../x86_64-linux-gnu/crti.o
 .rela.data.rel
                0x0000000000004bb0      0x168 /usr/lib/gcc/x86_64-linux-gnu/6/../../../x86_64-linux-gnu/crti.o
 *(.rela.tdata .rela.tdata.* .rela.gnu.linkonce.td.*)
 *(.rela.tbss .rela.tbss.* .rela.gnu.linkonce.tb.*)
 *(.rela.ctors)
 *(.rela.dtors)
 *(.rela.got)
 .rela.got      0x0000000000004d18      0x7c8 /usr/lib/gcc/x86_64-linux-gnu/6/../../../x86_64-linux-gnu/crti.o
 *(.rela.bss .rela.bss.* .rela.gnu.linkonce.b.*)
 *(.rela.ldata .rela.ldata.* .rela.gnu.linkonce.l.*)
 *(.rela.lbss .rela.lbss.* .rela.gnu.linkonce.lb.*)
 *(.rela.lrodata .rela.lrodata.* .rela.gnu.linkonce.lr.*)
 *(.rela.ifunc)
 .rela.fini_array
                0x00000000000054e0       0x18 /usr/lib/gcc/x86_64-linux-gnu/6/../../../x86_64-linux-gnu/crti.o
 .rela.init_array
                0x00000000000054f8       0x18 /usr/lib/gcc/x86_64-linux-gnu/6/../../../x86_64-linux-gnu/crti.o

.rela.plt       0x0000000000005510      0xc48
 *(.rela.plt)
 .rela.plt      0x0000000000005510      0xc48 /usr/lib/gcc/x86_64-linux-gnu/6/../../../x86_64-linux-gnu/crti.o
 *(.rela.iplt)

.init           0x0000000000006158       0x17
 *(SORT(.init))
 .init          0x0000000000006158       0x12 /usr/lib/gcc/x86_64-linux-gnu/6/../../../x86_64-linux-gnu/crti.o
                0x0000000000006158                _init
 .init          0x000000000000616a        0x5 /usr/lib/gcc/x86_64-linux-gnu/6/../../../x86_64-linux-gnu/crtn.o

.plt            0x0000000000006170      0x840
 *(.plt)
 .plt           0x0000000000006170      0x840 /usr/lib/gcc/x86_64-linux-gnu/6/../../../x86_64-linux-gnu/crti.o
 *(.iplt)

.plt.got        0x00000000000069b0        0x8
 *(.plt.got)
 .plt.got       0x00000000000069b0        0x8 /usr/lib/gcc/x86_64-linux-gnu/6/../../../x86_64-linux-gnu/crti.o

.plt.bnd
 *(.plt.bnd)

.text           0x00000000000069c0     0x6887
 *(.text.unlikely .text.*_unlikely .text.unlikely.*)
 *(.text.exit .text.exit.*)
 *(.text.startup .text.startup.*)
 *(.text.hot .text.hot.*)
 *(.text .stub .text.* .gnu.linkonce.t.*)
 .text          0x00000000000069c0        0x0 /usr/lib/gcc/x86_64-linux-gnu/6/../../../x86_64-linux-gnu/crti.o
 .text          0x00000000000069c0      0x100 /usr/lib/gcc/x86_64-linux-gnu/6/crtbeginS.o
 .text          0x0000000000006ac0      0x14c example-broadcast.co
 .text          0x0000000000006c0c      0x548 obj_cooja/mtype384.o
                0x0000000000006d2c                contiki_init
                0x0000000000006f75                Java_org_contikios_cooja_corecomm_Lib2_init
                0x0000000000006fb8                Java_org_contikios_cooja_corecomm_Lib2_getMemory
                0x0000000000007010                Java_org_contikios_cooja_corecomm_Lib2_setMemory
                0x000000000000709d                Java_org_contikios_cooja_corecomm_Lib2_tick
                0x0000000000007126                Java_org_contikios_cooja_corecomm_Lib2_setReferenceAddress
 .text          0x0000000000007154       0x89 obj_cooja/mtype384.a(simEnvChange.o)
                0x0000000000007154                doActionsBeforeTick
                0x0000000000007198                doActionsAfterTick
 .text          0x00000000000071dd       0xdb obj_cooja/mtype384.a(cooja_mt.o)
                0x00000000000071dd                cooja_mt_init
                0x00000000000071e9                cooja_mt_remove
                0x00000000000071f5                cooja_mt_start
                0x0000000000007231                cooja_mt_exec
                0x0000000000007270                cooja_mt_exit
                0x0000000000007294                cooja_mt_yield
 .text          0x00000000000072b8      0x166 obj_cooja/mtype384.a(cooja_mtarch.o)
                0x00000000000072b8                cooja_mtarch_init
                0x00000000000072bf                cooja_mtarch_start
                0x000000000000735e                cooja_sw
                0x0000000000007387                cooja_mtarch_exec
                0x00000000000073b1                cooja_mtarch_remove
                0x00000000000073b8                cooja_mtarch_yield
                0x00000000000073c4                cooja_mtarch_pstop
                0x00000000000073cb                cooja_mtarch_pstart
                0x00000000000073d2                cooja_mtarch_stack_usage
 .text          0x000000000000741e       0xb4 obj_cooja/mtype384.a(rtimer-arch.o)
                0x000000000000741e                rtimer_arch_init
                0x0000000000007440                rtimer_arch_schedule
                0x0000000000007466                rtimer_arch_next
                0x0000000000007476                rtimer_arch_pending
                0x0000000000007485                rtimer_arch_check
                0x00000000000074c2                rtimer_arch_now
 .text          0x00000000000074d2       0xba obj_cooja/mtype384.a(beep.o)
                0x00000000000074d2                beep_alarm
                0x00000000000074e9                beep_beep
                0x00000000000074fd                beep
                0x000000000000750e                beep_down
                0x0000000000007522                beep_on
                0x0000000000007533                beep_off
                0x0000000000007544                beep_spinup
                0x0000000000007555                beep_quick
                0x0000000000007569                beep_long
 .text          0x000000000000758c      0x12d obj_cooja/mtype384.a(button-sensor.o)
 .text          0x00000000000076b9       0x57 obj_cooja/mtype384.a(leds-arch.o)
                0x00000000000076b9                leds_arch_init
                0x00000000000076ca                leds_arch_get
                0x00000000000076da                leds_arch_set
 .text          0x0000000000007710       0x39 obj_cooja/mtype384.a(moteid.o)
 .text          0x0000000000007749       0xe5 obj_cooja/mtype384.a(pir-sensor.o)
 .text          0x000000000000782e      0x175 obj_cooja/mtype384.a(rs232.o)
                0x000000000000782e                rs232_init
                0x0000000000007835                rs232_set_speed
                0x0000000000007841                rs232_set_input
                0x0000000000007857                rs232_send
                0x000000000000787e                rs232_print
                0x00000000000078a5                slip_arch_writeb
 .text          0x00000000000079a3       0xe5 obj_cooja/mtype384.a(vib-sensor.o)
 .text          0x0000000000007a88       0x57 obj_cooja/mtype384.a(clock.o)
                0x0000000000007a88                clock_init
                0x0000000000007a8f                clock_time
                0x0000000000007a9f                clock_seconds
                0x0000000000007ac7                clock_delay
 .text          0x0000000000007adf      0x2e5 obj_cooja/mtype384.a(log.o)
                0x0000000000007adf                simlog_char
                0x0000000000007b38                simlog
                0x0000000000007bd7                log_message
                0x0000000000007c10                log_set_putchar_with_slip
                0x0000000000007c23                log_putchar
                0x0000000000007ca3                log_puts
                0x0000000000007ccc                log_printf
 .text          0x0000000000007dc4      0x373 obj_cooja/mtype384.a(cfs-cooja.o)
                0x0000000000007dc4                cfs_open
                0x0000000000007e3d                cfs_close
                0x0000000000007e4e                cfs_read
                0x0000000000007f12                cfs_write
                0x0000000000008021                cfs_seek
                0x00000000000080cc                cfs_remove
                0x00000000000080f8                cfs_opendir
                0x000000000000810b                cfs_readdir
                0x000000000000811e                cfs_closedir
 .text          0x0000000000008137      0x73c obj_cooja/mtype384.a(cooja-radio.o)
                0x00000000000081b2                radio_set_channel
                0x00000000000081c8                radio_set_txpower
                0x00000000000081e1                radio_signal_strength_last
                0x00000000000081f0                radio_signal_strength_current
                0x00000000000081ff                radio_LQI
 .text          0x0000000000008873      0x125 obj_cooja/mtype384.a(eeprom.o)
                0x0000000000008873                eeprom_init
                0x000000000000887a                eeprom_read
                0x0000000000008902                eeprom_write
 .text          0x0000000000008998       0x27 obj_cooja/mtype384.a(random.o)
                0x0000000000008998                random_init
                0x00000000000089b4                random_rand
 .text          0x00000000000089bf      0x340 obj_cooja/mtype384.a(sensors.o)
                0x0000000000008a04                sensors_first
                0x0000000000008a14                sensors_next
                0x0000000000008a3f                sensors_changed
                0x0000000000008a88                sensors_find
 .text          0x0000000000008cff       0xb3 obj_cooja/mtype384.a(autostart.o)
                0x0000000000008cff                autostart_start
                0x0000000000008d5b                autostart_exit
 .text          0x0000000000008db2      0x421 obj_cooja/mtype384.a(ctimer.o)
                0x0000000000008f10                ctimer_init
                0x0000000000008f41                ctimer_set
                0x0000000000008f81                ctimer_set_with_process
                0x0000000000009037                ctimer_reset
                0x00000000000090a4                ctimer_restart
                0x0000000000009111                ctimer_stop
                0x000000000000916b                ctimer_expired
 .text          0x00000000000091d3      0x53f obj_cooja/mtype384.a(etimer.o)
                0x0000000000009472                etimer_request_poll
                0x000000000000951c                etimer_set
                0x000000000000954e                etimer_reset_with_new_interval
                0x0000000000009585                etimer_reset
                0x00000000000095ac                etimer_restart
                0x00000000000095d3                etimer_adjust
                0x0000000000009600                etimer_expired
                0x000000000000961b                etimer_expiration_time
                0x0000000000009637                etimer_start_time
                0x0000000000009648                etimer_pending
                0x000000000000965e                etimer_next_expiration_time
                0x000000000000967b                etimer_stop
 .text          0x0000000000009712      0x641 obj_cooja/mtype384.a(process.o)
                0x0000000000009712                process_alloc_event
                0x0000000000009728                process_start
                0x000000000000998d                process_exit
                0x00000000000099b5                process_init
                0x0000000000009ba5                process_run
                0x0000000000009bd6                process_nevents
                0x0000000000009bf2                process_post
                0x0000000000009cb6                process_post_synch
                0x0000000000009d00                process_poll
                0x0000000000009d39                process_is_running
 .text          0x0000000000009d53       0xf6 obj_cooja/mtype384.a(rtimer.o)
                0x0000000000009d53                rtimer_init
                0x0000000000009d5f                rtimer_set
                0x0000000000009ddc                rtimer_run_next
 .text          0x0000000000009e49       0xdf obj_cooja/mtype384.a(timer.o)
                0x0000000000009e49                timer_set
                0x0000000000009e77                timer_reset
                0x0000000000009e9b                timer_restart
                0x0000000000009eb9                timer_expired
                0x0000000000009ef6                timer_remaining
 .text          0x0000000000009f28      0x20c obj_cooja/mtype384.a(serial-line.o)
                0x0000000000009f28                serial_line_input_byte
                0x000000000000a101                serial_line_init
 .text          0x000000000000a134      0x311 obj_cooja/mtype384.a(list.o)
                0x000000000000a134                list_init
                0x000000000000a14a                list_head
                0x000000000000a15b                list_copy
                0x000000000000a178                list_tail
                0x000000000000a1bd                list_add
                0x000000000000a21d                list_push
                0x000000000000a25c                list_chop
                0x000000000000a2e5                list_pop
                0x000000000000a31b                list_remove
                0x000000000000a3a3                list_length
                0x000000000000a3da                list_insert
                0x000000000000a426                list_item_next
 .text          0x000000000000a445      0x189 obj_cooja/mtype384.a(ringbuf.o)
                0x000000000000a445                ringbuf_init
                0x000000000000a482                ringbuf_put
                0x000000000000a50d                ringbuf_get
                0x000000000000a587                ringbuf_size
                0x000000000000a59f                ringbuf_elements
 .text          0x000000000000a5ce      0x1a0 obj_cooja/mtype384.a(broadcast.o)
                0x000000000000a6d5                broadcast_open
                0x000000000000a725                broadcast_close
                0x000000000000a740                broadcast_send
 .text          0x000000000000a76e      0x1f2 obj_cooja/mtype384.a(rime.o)
                0x000000000000a76e                rime_sniffer_add
                0x000000000000a793                rime_sniffer_remove
                0x000000000000a8fe                rime_output
 .text          0x000000000000a960      0x102 obj_cooja/mtype384.a(abc.o)
                0x000000000000a960                abc_open
                0x000000000000a9a9                abc_close
                0x000000000000a9c4                abc_send
                0x000000000000a9de                abc_input
                0x000000000000aa19                abc_sent
 .text          0x000000000000aa62      0x2c6 obj_cooja/mtype384.a(announcement.o)
                0x000000000000aa62                announcement_init
                0x000000000000aa78                announcement_register
                0x000000000000ab08                announcement_remove
                0x000000000000ab2d                announcement_remove_value
                0x000000000000ab79                announcement_set_value
                0x000000000000abe8                announcement_bump
                0x000000000000ac3f                announcement_listen
                0x000000000000ac67                announcement_register_listen_callback
                0x000000000000ac7d                announcement_register_observer_callback
                0x000000000000ac93                announcement_list
                0x000000000000aca8                announcement_heard
 .text          0x000000000000ad28      0x32c obj_cooja/mtype384.a(queuebuf.o)
                0x000000000000ad39                queuebuf_init
                0x000000000000ad58                queuebuf_numfree
                0x000000000000ad6a                queuebuf_new_from_packetbuf
                0x000000000000ae13                queuebuf_update_attr_from_packetbuf
                0x000000000000ae52                queuebuf_update_from_packetbuf
                0x000000000000aeaa                queuebuf_free
                0x000000000000aef9                queuebuf_to_packetbuf
                0x000000000000af6b                queuebuf_dataptr
                0x000000000000afab                queuebuf_datalen
                0x000000000000afd7                queuebuf_addr
                0x000000000000b016                queuebuf_attr
                0x000000000000b04d                queuebuf_debug_print
 .text          0x000000000000b054      0x41d obj_cooja/mtype384.a(packetbuf.o)
                0x000000000000b054                packetbuf_clear
                0x000000000000b07e                packetbuf_copyfrom
                0x000000000000b0d4                packetbuf_compact
                0x000000000000b15f                packetbuf_copyto
                0x000000000000b202                packetbuf_hdralloc
                0x000000000000b28c                packetbuf_hdrreduce
                0x000000000000b2d8                packetbuf_set_datalen
                0x000000000000b2f0                packetbuf_dataptr
                0x000000000000b312                packetbuf_hdrptr
                0x000000000000b31f                packetbuf_datalen
                0x000000000000b32c                packetbuf_hdrlen
                0x000000000000b344                packetbuf_totlen
                0x000000000000b363                packetbuf_remaininglen
                0x000000000000b377                packetbuf_attr_clear
                0x000000000000b3d3                packetbuf_attr_copyto
                0x000000000000b412                packetbuf_attr_copyfrom
                0x000000000000b451                packetbuf_holds_broadcast
 .text          0x000000000000b471       0x47 obj_cooja/mtype384.a(netstack.o)
                0x000000000000b471                netstack_init
 .text          0x000000000000b4b8       0x74 obj_cooja/mtype384.a(linkaddr.o)
                0x000000000000b4b8                linkaddr_copy
                0x000000000000b4d5                linkaddr_cmp
                0x000000000000b507                linkaddr_set_node_addr
 .text          0x000000000000b52c      0x979 obj_cooja/mtype384.a(csma.o)
 .text          0x000000000000bea5      0x26f obj_cooja/mtype384.a(nullrdc.o)
 .text          0x000000000000c114       0x84 obj_cooja/mtype384.a(nullsec.o)
 .text          0x000000000000c198        0x0 obj_cooja/mtype384.a(rimestats.o)
 .text          0x000000000000c198      0x20e obj_cooja/mtype384.a(memb.o)
                0x000000000000c198                memb_init
                0x000000000000c1f7                memb_alloc
                0x000000000000c26f                memb_free
                0x000000000000c307                memb_inmemb
                0x000000000000c35a                memb_numfree
 .text          0x000000000000c3a6      0x2ee obj_cooja/mtype384.a(broadcast-annou)
                0x000000000000c5f9                broadcast_announcement_init
                0x000000000000c65c                broadcast_announcement_stop
                0x000000000000c687                broadcast_announcement_beacon_interval
 .text          0x000000000000c694       0xec obj_cooja/mtype384.a(chameleon.o)
                0x000000000000c6c0                chameleon_init
                0x000000000000c6cc                chameleon_parse
                0x000000000000c710                chameleon_create
                0x000000000000c75e                chameleon_hdrsize
 .text          0x000000000000c780      0x113 obj_cooja/mtype384.a(channel.o)
                0x000000000000c780                channel_init
                0x000000000000c796                channel_set_attributes
                0x000000000000c7e2                channel_open
                0x000000000000c819                channel_close
                0x000000000000c83e                channel_lookup
 .text          0x000000000000c893      0x121 obj_cooja/mtype384.a(framer-nullmac.)
 .text          0x000000000000c9b4       0x48 obj_cooja/mtype384.a(mac.o)
                0x000000000000c9b4                mac_call_sent_callback
 .text          0x000000000000c9fc      0x84b obj_cooja/mtype384.a(chameleon-bitop)
                0x000000000000cb78                get_bits
                0x000000000000cd79                set_bits
 .text          0x000000000000d247        0x0 /usr/lib/gcc/x86_64-linux-gnu/6/crtendS.o
 .text          0x000000000000d247        0x0 /usr/lib/gcc/x86_64-linux-gnu/6/../../../x86_64-linux-gnu/crtn.o
 *(.gnu.warning)

.fini           0x000000000000d248        0x9
 *(SORT(.fini))
 .fini          0x000000000000d248        0x4 /usr/lib/gcc/x86_64-linux-gnu/6/../../../x86_64-linux-gnu/crti.o
                0x000000000000d248                _fini
 .fini          0x000000000000d24c        0x5 /usr/lib/gcc/x86_64-linux-gnu/6/../../../x86_64-linux-gnu/crtn.o
                [!provide]                        PROVIDE (__etext, .)
                [!provide]                        PROVIDE (_etext, .)
                [!provide]                        PROVIDE (etext, .)

.rodata         0x000000000000d258      0x201
 *(.rodata .rodata.* .gnu.linkonce.r.*)
 .rodata        0x000000000000d258       0x63 example-broadcast.co
 *fill*         0x000000000000d2bb        0x5 
 .rodata        0x000000000000d2c0       0xe5 obj_cooja/mtype384.o
 .rodata        0x000000000000d3a5        0x7 obj_cooja/mtype384.a(button-sensor.o)
 .rodata        0x000000000000d3ac        0x4 obj_cooja/mtype384.a(pir-sensor.o)
 .rodata        0x000000000000d3b0        0x6 obj_cooja/mtype384.a(rs232.o)
 .rodata        0x000000000000d3b6        0xa obj_cooja/mtype384.a(vib-sensor.o)
 .rodata        0x000000000000d3c0       0x27 obj_cooja/mtype384.a(cfs-cooja.o)
 .rodata        0x000000000000d3e7       0x14 obj_cooja/mtype384.a(cooja-radio.o)
 .rodata        0x000000000000d3fb        0x8 obj_cooja/mtype384.a(sensors.o)
 .rodata        0x000000000000d403        0xf obj_cooja/mtype384.a(ctimer.o)
 .rodata        0x000000000000d412        0xc obj_cooja/mtype384.a(etimer.o)
 .rodata        0x000000000000d41e        0xe obj_cooja/mtype384.a(serial-line.o)
 .rodata        0x000000000000d42c        0x4 obj_cooja/mtype384.a(broadcast.o)
 .rodata        0x000000000000d430        0x5 obj_cooja/mtype384.a(rime.o)
 .rodata        0x000000000000d435        0x2 obj_cooja/mtype384.a(abc.o)
 *fill*         0x000000000000d437        0x1 
 .rodata        0x000000000000d438        0x2 obj_cooja/mtype384.a(linkaddr.o)
                0x000000000000d438                linkaddr_null
 .rodata        0x000000000000d43a        0x5 obj_cooja/mtype384.a(csma.o)
 .rodata        0x000000000000d43f        0x8 obj_cooja/mtype384.a(nullrdc.o)
 .rodata        0x000000000000d447        0x8 obj_cooja/mtype384.a(nullsec.o)
 *fill*         0x000000000000d44f        0x1 
 .rodata        0x000000000000d450        0x9 obj_cooja/mtype384.a(chameleon-bitop)

.rodata1
 *(.rodata1)

.eh_frame_hdr   0x000000000000d45c      0xb04
 *(.eh_frame_hdr)
 .eh_frame_hdr  0x000000000000d45c      0xb04 example-broadcast.co
                0x000000000000d45c                __GNU_EH_FRAME_HDR
 *(.eh_frame_entry .eh_frame_entry.*)

.eh_frame       0x000000000000df60     0x2c44
 *(.eh_frame)
 .eh_frame      0x000000000000df60       0x40 /usr/lib/gcc/x86_64-linux-gnu/6/../../../x86_64-linux-gnu/crti.o
 .eh_frame      0x000000000000dfa0       0x18 /usr/lib/gcc/x86_64-linux-gnu/6/../../../x86_64-linux-gnu/crti.o
                                         0x30 (size before relaxing)
 .eh_frame      0x000000000000dfb8       0x40 example-broadcast.co
                                         0x58 (size before relaxing)
 .eh_frame      0x000000000000dff8      0x140 obj_cooja/mtype384.o
                                        0x150 (size before relaxing)
 .eh_frame      0x000000000000e138       0x40 obj_cooja/mtype384.a(simEnvChange.o)
                                         0x58 (size before relaxing)
 .eh_frame      0x000000000000e178       0xc0 obj_cooja/mtype384.a(cooja_mt.o)
                                         0xd8 (size before relaxing)
 .eh_frame      0x000000000000e238      0x120 obj_cooja/mtype384.a(cooja_mtarch.o)
                                        0x138 (size before relaxing)
 .eh_frame      0x000000000000e358       0xc0 obj_cooja/mtype384.a(rtimer-arch.o)
                                         0xd8 (size before relaxing)
 .eh_frame      0x000000000000e418      0x160 obj_cooja/mtype384.a(beep.o)
                                        0x178 (size before relaxing)
 .eh_frame      0x000000000000e578       0xa0 obj_cooja/mtype384.a(button-sensor.o)
                                         0xb8 (size before relaxing)
 .eh_frame      0x000000000000e618       0xa0 obj_cooja/mtype384.a(leds-arch.o)
                                         0xb8 (size before relaxing)
 .eh_frame      0x000000000000e6b8       0x40 obj_cooja/mtype384.a(moteid.o)
                                         0x58 (size before relaxing)
 .eh_frame      0x000000000000e6f8       0xa0 obj_cooja/mtype384.a(pir-sensor.o)
                                         0xb8 (size before relaxing)
 .eh_frame      0x000000000000e798      0x100 obj_cooja/mtype384.a(rs232.o)
                                        0x118 (size before relaxing)
 .eh_frame      0x000000000000e898       0xa0 obj_cooja/mtype384.a(vib-sensor.o)
                                         0xb8 (size before relaxing)
 .eh_frame      0x000000000000e938       0xc0 obj_cooja/mtype384.a(clock.o)
                                         0xd8 (size before relaxing)
 .eh_frame      0x000000000000e9f8      0x128 obj_cooja/mtype384.a(log.o)
                                        0x140 (size before relaxing)
 .eh_frame      0x000000000000eb20      0x160 obj_cooja/mtype384.a(cfs-cooja.o)
                                        0x178 (size before relaxing)
 .eh_frame      0x000000000000ec80      0x360 obj_cooja/mtype384.a(cooja-radio.o)
                                        0x378 (size before relaxing)
 .eh_frame      0x000000000000efe0       0xa0 obj_cooja/mtype384.a(eeprom.o)
                                         0xb8 (size before relaxing)
 .eh_frame      0x000000000000f080       0x40 obj_cooja/mtype384.a(random.o)
                                         0x58 (size before relaxing)
 .eh_frame      0x000000000000f0c0       0xc0 obj_cooja/mtype384.a(sensors.o)
                                         0xd8 (size before relaxing)
 .eh_frame      0x000000000000f180       0x40 obj_cooja/mtype384.a(autostart.o)
                                         0x58 (size before relaxing)
 .eh_frame      0x000000000000f1c0      0x100 obj_cooja/mtype384.a(ctimer.o)
                                        0x118 (size before relaxing)
 .eh_frame      0x000000000000f2c0      0x1e0 obj_cooja/mtype384.a(etimer.o)
                                        0x1f8 (size before relaxing)
 .eh_frame      0x000000000000f4a0      0x1c8 obj_cooja/mtype384.a(process.o)
                                        0x1e0 (size before relaxing)
 .eh_frame      0x000000000000f668       0x60 obj_cooja/mtype384.a(rtimer.o)
                                         0x78 (size before relaxing)
 .eh_frame      0x000000000000f6c8       0xa0 obj_cooja/mtype384.a(timer.o)
                                         0xb8 (size before relaxing)
 .eh_frame      0x000000000000f768       0x60 obj_cooja/mtype384.a(serial-line.o)
                                         0x78 (size before relaxing)
 .eh_frame      0x000000000000f7c8      0x180 obj_cooja/mtype384.a(list.o)
                                        0x198 (size before relaxing)
 .eh_frame      0x000000000000f948       0xa0 obj_cooja/mtype384.a(ringbuf.o)
                                         0xb8 (size before relaxing)
 .eh_frame      0x000000000000f9e8       0xe0 obj_cooja/mtype384.a(broadcast.o)
                                         0xf8 (size before relaxing)
 .eh_frame      0x000000000000fac8       0xc0 obj_cooja/mtype384.a(rime.o)
                                         0xd8 (size before relaxing)
 .eh_frame      0x000000000000fb88       0xa0 obj_cooja/mtype384.a(abc.o)
                                         0xb8 (size before relaxing)
 .eh_frame      0x000000000000fc28      0x160 obj_cooja/mtype384.a(announcement.o)
                                        0x178 (size before relaxing)
 .eh_frame      0x000000000000fd88      0x1a0 obj_cooja/mtype384.a(queuebuf.o)
                                        0x1b8 (size before relaxing)
 .eh_frame      0x000000000000ff28      0x230 obj_cooja/mtype384.a(packetbuf.o)
                                        0x240 (size before relaxing)
 .eh_frame      0x0000000000010158       0x20 obj_cooja/mtype384.a(netstack.o)
                                         0x38 (size before relaxing)
 .eh_frame      0x0000000000010178       0x60 obj_cooja/mtype384.a(linkaddr.o)
                                         0x78 (size before relaxing)
 .eh_frame      0x00000000000101d8      0x290 obj_cooja/mtype384.a(csma.o)
                                        0x2a0 (size before relaxing)
 .eh_frame      0x0000000000010468      0x148 obj_cooja/mtype384.a(nullrdc.o)
                                        0x160 (size before relaxing)
 .eh_frame      0x00000000000105b0       0x80 obj_cooja/mtype384.a(nullsec.o)
                                         0x98 (size before relaxing)
 .eh_frame      0x0000000000010630       0xa0 obj_cooja/mtype384.a(memb.o)
                                         0xb8 (size before relaxing)
 .eh_frame      0x00000000000106d0      0x128 obj_cooja/mtype384.a(broadcast-annou)
                                        0x140 (size before relaxing)
 .eh_frame      0x00000000000107f8       0xa0 obj_cooja/mtype384.a(chameleon.o)
                                         0xb8 (size before relaxing)
 .eh_frame      0x0000000000010898       0xa0 obj_cooja/mtype384.a(channel.o)
                                         0xb8 (size before relaxing)
 .eh_frame      0x0000000000010938       0xa0 obj_cooja/mtype384.a(framer-nullmac.)
                                         0xb8 (size before relaxing)
 .eh_frame      0x00000000000109d8       0x20 obj_cooja/mtype384.a(mac.o)
                                         0x38 (size before relaxing)
 .eh_frame      0x00000000000109f8      0x1a8 obj_cooja/mtype384.a(chameleon-bitop)
                                        0x1c0 (size before relaxing)
 .eh_frame      0x0000000000010ba0        0x4 /usr/lib/gcc/x86_64-linux-gnu/6/crtendS.o
 *(.eh_frame.*)

.gcc_except_table
 *(.gcc_except_table .gcc_except_table.*)

.gnu_extab
 *(.gnu_extab*)

.exception_ranges
 *(.exception_ranges .exception_ranges*)
                0x0000000000211848                . = DATA_SEGMENT_ALIGN (CONSTANT (MAXPAGESIZE), CONSTANT (COMMONPAGESIZE))

.eh_frame
 *(.eh_frame)
 *(.eh_frame.*)

.gnu_extab
 *(.gnu_extab)

.gcc_except_table
 *(.gcc_except_table .gcc_except_table.*)

.exception_ranges
 *(.exception_ranges .exception_ranges*)

.tdata
 *(.tdata .tdata.* .gnu.linkonce.td.*)

.tbss
 *(.tbss .tbss.* .gnu.linkonce.tb.*)
 *(.tcommon)

.preinit_array
 *(.preinit_array)

.init_array     0x0000000000211848        0x8
 *(SORT(.init_array.*) SORT(.ctors.*))
 *(.init_array EXCLUDE_FILE(*crtend?.o *crtend.o *crtbegin?.o *crtbegin.o) .ctors)
 .init_array    0x0000000000211848        0x8 /usr/lib/gcc/x86_64-linux-gnu/6/crtbeginS.o

.fini_array     0x0000000000211850        0x8
 *(SORT(.fini_array.*) SORT(.dtors.*))
 *(.fini_array EXCLUDE_FILE(*crtend?.o *crtend.o *crtbegin?.o *crtbegin.o) .dtors)
 .fini_array    0x0000000000211850        0x8 /usr/lib/gcc/x86_64-linux-gnu/6/crtbeginS.o

.ctors
 *crtbegin.o(.ctors)
 *crtbegin?.o(.ctors)
 *(EXCLUDE_FILE(*crtend?.o *crtend.o) .ctors)
 *(SORT(.ctors.*))
 *(.ctors)

.dtors
 *crtbegin.o(.dtors)
 *crtbegin?.o(.dtors)
 *(EXCLUDE_FILE(*crtend?.o *crtend.o) .dtors)
 *(SORT(.dtors.*))
 *(.dtors)

.jcr            0x0000000000211858        0x8
 *(.jcr)
 .jcr           0x0000000000211858        0x0 /usr/lib/gcc/x86_64-linux-gnu/6/crtbeginS.o
 .jcr           0x0000000000211858        0x8 /usr/lib/gcc/x86_64-linux-gnu/6/crtendS.o

.data.rel.ro    0x0000000000211860      0x340
 *(.data.rel.ro.local* .gnu.linkonce.d.rel.ro.local.*)
 .data.rel.ro.local
                0x0000000000211860       0x10 example-broadcast.co
 .data.rel.ro.local
                0x0000000000211870       0x10 obj_cooja/mtype384.a(beep.o)
                0x0000000000211870                beep_interface
 .data.rel.ro.local
                0x0000000000211880       0x40 obj_cooja/mtype384.a(button-sensor.o)
                0x0000000000211880                button_interface
                0x00000000002118a0                button_sensor
 .data.rel.ro.local
                0x00000000002118c0       0x10 obj_cooja/mtype384.a(leds-arch.o)
                0x00000000002118c0                leds_interface
 .data.rel.ro.local
                0x00000000002118d0       0x10 obj_cooja/mtype384.a(moteid.o)
                0x00000000002118d0                moteid_interface
 .data.rel.ro.local
                0x00000000002118e0       0x40 obj_cooja/mtype384.a(pir-sensor.o)
                0x00000000002118e0                pir_interface
                0x0000000000211900                pir_sensor
 .data.rel.ro.local
                0x0000000000211920       0x10 obj_cooja/mtype384.a(rs232.o)
                0x0000000000211920                rs232_interface
 *fill*         0x0000000000211930       0x10 
 .data.rel.ro.local
                0x0000000000211940       0x40 obj_cooja/mtype384.a(vib-sensor.o)
                0x0000000000211940                vib_interface
                0x0000000000211960                vib_sensor
 .data.rel.ro.local
                0x0000000000211980       0x10 obj_cooja/mtype384.a(clock.o)
                0x0000000000211980                clock_interface
 .data.rel.ro.local
                0x0000000000211990       0x10 obj_cooja/mtype384.a(log.o)
                0x0000000000211990                simlog_interface
 .data.rel.ro.local
                0x00000000002119a0       0x10 obj_cooja/mtype384.a(cfs-cooja.o)
                0x00000000002119a0                cfs_interface
 *fill*         0x00000000002119b0       0x10 
 .data.rel.ro.local
                0x00000000002119c0       0x90 obj_cooja/mtype384.a(cooja-radio.o)
                0x00000000002119c0                radio_interface
                0x00000000002119e0                cooja_radio_driver
 .data.rel.ro.local
                0x0000000000211a50       0x10 obj_cooja/mtype384.a(eeprom.o)
                0x0000000000211a50                eeprom_interface
 .data.rel.ro.local
                0x0000000000211a60       0x10 obj_cooja/mtype384.a(broadcast.o)
 .data.rel.ro.local
                0x0000000000211a70       0x18 obj_cooja/mtype384.a(rime.o)
                0x0000000000211a70                rime_driver
 *fill*         0x0000000000211a88       0x18 
 .data.rel.ro.local
                0x0000000000211aa0       0x38 obj_cooja/mtype384.a(csma.o)
                0x0000000000211aa0                csma_driver
 *fill*         0x0000000000211ad8        0x8 
 .data.rel.ro.local
                0x0000000000211ae0       0x40 obj_cooja/mtype384.a(nullrdc.o)
                0x0000000000211ae0                nullrdc_driver
 .data.rel.ro.local
                0x0000000000211b20       0x20 obj_cooja/mtype384.a(nullsec.o)
                0x0000000000211b20                nullsec_driver
 .data.rel.ro.local
                0x0000000000211b40       0x10 obj_cooja/mtype384.a(broadcast-annou)
 .data.rel.ro.local
                0x0000000000211b50       0x18 obj_cooja/mtype384.a(framer-nullmac.)
                0x0000000000211b50                framer_nullmac
 *fill*         0x0000000000211b68        0x8 
 .data.rel.ro.local
                0x0000000000211b70       0x18 obj_cooja/mtype384.a(chameleon-bitop)
                0x0000000000211b70                chameleon_bitopt
 *(.data.rel.ro .data.rel.ro.* .gnu.linkonce.d.rel.ro.*)
 .data.rel.ro   0x0000000000211b88        0x0 /usr/lib/gcc/x86_64-linux-gnu/6/../../../x86_64-linux-gnu/crti.o
 *fill*         0x0000000000211b88        0x8 
 .data.rel.ro   0x0000000000211b90       0x10 example-broadcast.co
                0x0000000000211b90                autostart_processes

.dynamic        0x0000000000211ba0      0x1c0
 *(.dynamic)
 .dynamic       0x0000000000211ba0      0x1c0 /usr/lib/gcc/x86_64-linux-gnu/6/../../../x86_64-linux-gnu/crti.o
                0x0000000000211ba0                _DYNAMIC

.got            0x0000000000211d60      0x298
 *(.got)
 .got           0x0000000000211d60      0x298 /usr/lib/gcc/x86_64-linux-gnu/6/../../../x86_64-linux-gnu/crti.o
 *(.igot)
                0x0000000000212fe8                . = DATA_SEGMENT_RELRO_END (., (SIZEOF (.got.plt) >= 0x18)?0x18:0x0)

.got.plt        0x0000000000212000      0x430
 *(.got.plt)
 .got.plt       0x0000000000212000      0x430 /usr/lib/gcc/x86_64-linux-gnu/6/../../../x86_64-linux-gnu/crti.o
                0x0000000000212000                _GLOBAL_OFFSET_TABLE_
 *(.igot.plt)

.data           0x0000000000212440      0x278
 *(.data .data.* .gnu.linkonce.d.*)
 .data          0x0000000000212440        0x0 /usr/lib/gcc/x86_64-linux-gnu/6/../../../x86_64-linux-gnu/crti.o
 .data          0x0000000000212440        0x0 /usr/lib/gcc/x86_64-linux-gnu/6/crtbeginS.o
 .data.rel.local
                0x0000000000212440        0x8 /usr/lib/gcc/x86_64-linux-gnu/6/crtbeginS.o
                0x0000000000212440                __dso_handle
 .data          0x0000000000212448        0x0 example-broadcast.co
 *fill*         0x0000000000212448       0x18 
 .data.rel.local
                0x0000000000212460       0x20 example-broadcast.co
                0x0000000000212460                example_broadcast_process
 .data          0x0000000000212480        0x0 obj_cooja/mtype384.o
 .data.rel      0x0000000000212480       0xa0 obj_cooja/mtype384.o
                0x0000000000212480                simInterfaces
                0x0000000000212500                sensors
 .data          0x0000000000212520        0x0 obj_cooja/mtype384.a(simEnvChange.o)
 .data          0x0000000000212520        0x0 obj_cooja/mtype384.a(cooja_mt.o)
 .data          0x0000000000212520        0x0 obj_cooja/mtype384.a(cooja_mtarch.o)
 .data          0x0000000000212520        0x0 obj_cooja/mtype384.a(rtimer-arch.o)
 .data          0x0000000000212520        0x0 obj_cooja/mtype384.a(beep.o)
 .data          0x0000000000212520        0x0 obj_cooja/mtype384.a(button-sensor.o)
 .data          0x0000000000212520        0x0 obj_cooja/mtype384.a(leds-arch.o)
 .data          0x0000000000212520        0x0 obj_cooja/mtype384.a(moteid.o)
 .data          0x0000000000212520        0x0 obj_cooja/mtype384.a(pir-sensor.o)
 .data          0x0000000000212520        0x0 obj_cooja/mtype384.a(rs232.o)
 .data          0x0000000000212520        0x0 obj_cooja/mtype384.a(vib-sensor.o)
 .data          0x0000000000212520        0x0 obj_cooja/mtype384.a(clock.o)
 .data          0x0000000000212520        0x0 obj_cooja/mtype384.a(log.o)
 .data          0x0000000000212520        0x0 obj_cooja/mtype384.a(cfs-cooja.o)
 .data          0x0000000000212520       0x1c obj_cooja/mtype384.a(cooja-radio.o)
                0x0000000000212520                simRadioHWOn
                0x0000000000212524                simSignalStrength
                0x0000000000212528                simLastSignalStrength
                0x000000000021252c                simPower
                0x0000000000212530                simRadioChannel
                0x0000000000212534                simLQI
 *fill*         0x000000000021253c        0x4 
 .data.rel.local
                0x0000000000212540       0x20 obj_cooja/mtype384.a(cooja-radio.o)
                0x0000000000212540                cooja_radio_process
 .data          0x0000000000212560        0x0 obj_cooja/mtype384.a(eeprom.o)
 .data          0x0000000000212560        0x0 obj_cooja/mtype384.a(random.o)
 .data          0x0000000000212560        0x0 obj_cooja/mtype384.a(sensors.o)
 .data.rel.local
                0x0000000000212560       0x20 obj_cooja/mtype384.a(sensors.o)
                0x0000000000212560                sensors_process
 .data          0x0000000000212580        0x0 obj_cooja/mtype384.a(autostart.o)
 .data          0x0000000000212580        0x0 obj_cooja/mtype384.a(ctimer.o)
 .data.rel.local
                0x0000000000212580       0x40 obj_cooja/mtype384.a(ctimer.o)
                0x00000000002125a0                ctimer_process
 .data          0x00000000002125c0        0x0 obj_cooja/mtype384.a(etimer.o)
 .data.rel.local
                0x00000000002125c0       0x20 obj_cooja/mtype384.a(etimer.o)
                0x00000000002125c0                etimer_process
 .data          0x00000000002125e0        0x0 obj_cooja/mtype384.a(process.o)
 .data          0x00000000002125e0        0x0 obj_cooja/mtype384.a(rtimer.o)
 .data          0x00000000002125e0        0x0 obj_cooja/mtype384.a(timer.o)
 .data          0x00000000002125e0        0x0 obj_cooja/mtype384.a(serial-line.o)
 .data.rel.local
                0x00000000002125e0       0x20 obj_cooja/mtype384.a(serial-line.o)
                0x00000000002125e0                serial_line_process
 .data          0x0000000000212600        0x0 obj_cooja/mtype384.a(list.o)
 .data          0x0000000000212600        0x0 obj_cooja/mtype384.a(ringbuf.o)
 .data          0x0000000000212600        0x0 obj_cooja/mtype384.a(broadcast.o)
 .data          0x0000000000212600        0x0 obj_cooja/mtype384.a(rime.o)
 .data.rel.local
                0x0000000000212600        0x8 obj_cooja/mtype384.a(rime.o)
 .data          0x0000000000212608        0x0 obj_cooja/mtype384.a(abc.o)
 .data          0x0000000000212608        0x0 obj_cooja/mtype384.a(announcement.o)
 .data.rel.local
                0x0000000000212608        0x8 obj_cooja/mtype384.a(announcement.o)
 .data          0x0000000000212610        0x0 obj_cooja/mtype384.a(queuebuf.o)
 .data.rel.local
                0x0000000000212610       0x38 obj_cooja/mtype384.a(queuebuf.o)
 .data          0x0000000000212648        0x0 obj_cooja/mtype384.a(packetbuf.o)
 .data.rel.local
                0x0000000000212648        0x8 obj_cooja/mtype384.a(packetbuf.o)
 .data          0x0000000000212650        0x0 obj_cooja/mtype384.a(netstack.o)
 .data          0x0000000000212650        0x0 obj_cooja/mtype384.a(linkaddr.o)
 .data          0x0000000000212650        0x0 obj_cooja/mtype384.a(csma.o)
 .data.rel.local
                0x0000000000212650       0x60 obj_cooja/mtype384.a(csma.o)
 .data          0x00000000002126b0        0x0 obj_cooja/mtype384.a(nullrdc.o)
 .data          0x00000000002126b0        0x0 obj_cooja/mtype384.a(nullsec.o)
 .data          0x00000000002126b0        0x0 obj_cooja/mtype384.a(rimestats.o)
 .data          0x00000000002126b0        0x0 obj_cooja/mtype384.a(memb.o)
 .data          0x00000000002126b0        0x0 obj_cooja/mtype384.a(broadcast-annou)
 .data          0x00000000002126b0        0x0 obj_cooja/mtype384.a(chameleon.o)
 .data          0x00000000002126b0        0x0 obj_cooja/mtype384.a(channel.o)
 .data.rel.local
                0x00000000002126b0        0x8 obj_cooja/mtype384.a(channel.o)
 .data          0x00000000002126b8        0x0 obj_cooja/mtype384.a(framer-nullmac.)
 .data          0x00000000002126b8        0x0 obj_cooja/mtype384.a(mac.o)
 .data          0x00000000002126b8        0x0 obj_cooja/mtype384.a(chameleon-bitop)
 .data          0x00000000002126b8        0x0 /usr/lib/gcc/x86_64-linux-gnu/6/crtendS.o
 .data          0x00000000002126b8        0x0 /usr/lib/gcc/x86_64-linux-gnu/6/../../../x86_64-linux-gnu/crtn.o

.tm_clone_table
                0x00000000002126b8        0x0
 .tm_clone_table
                0x00000000002126b8        0x0 /usr/lib/gcc/x86_64-linux-gnu/6/crtbeginS.o
 .tm_clone_table
                0x00000000002126b8        0x0 /usr/lib/gcc/x86_64-linux-gnu/6/crtendS.o

.data1
 *(.data1)
                0x00000000002126b8                _edata = .
                [!provide]                        PROVIDE (edata, .)
                0x00000000002126b8                . = .
                0x00000000002126b8                __bss_start = .

.bss            0x00000000002126c0     0x7f50
 *(.dynbss)
 .dynbss        0x00000000002126c0        0x0 /usr/lib/gcc/x86_64-linux-gnu/6/../../../x86_64-linux-gnu/crti.o
 *(.bss .bss.* .gnu.linkonce.b.*)
 .bss           0x00000000002126c0        0x0 /usr/lib/gcc/x86_64-linux-gnu/6/../../../x86_64-linux-gnu/crti.o
 .bss           0x00000000002126c0        0x1 /usr/lib/gcc/x86_64-linux-gnu/6/crtbeginS.o
 *fill*         0x00000000002126c1       0x1f 
 .bss           0x00000000002126e0       0x60 example-broadcast.co
 .bss           0x0000000000212740     0x4040 obj_cooja/mtype384.o
 .bss           0x0000000000216780        0x1 obj_cooja/mtype384.a(simEnvChange.o)
                0x0000000000216780                simDontFallAsleep
 *fill*         0x0000000000216781        0x7 
 .bss           0x0000000000216788        0x8 obj_cooja/mtype384.a(cooja_mt.o)
 .bss           0x0000000000216790        0x8 obj_cooja/mtype384.a(cooja_mtarch.o)
 .bss           0x0000000000216798        0x0 obj_cooja/mtype384.a(rtimer-arch.o)
 .bss           0x0000000000216798        0x0 obj_cooja/mtype384.a(beep.o)
 *fill*         0x0000000000216798        0x8 
 .bss           0x00000000002167a0       0x10 obj_cooja/mtype384.a(button-sensor.o)
 .bss           0x00000000002167b0        0x0 obj_cooja/mtype384.a(leds-arch.o)
 .bss           0x00000000002167b0        0x0 obj_cooja/mtype384.a(moteid.o)
 .bss           0x00000000002167b0        0x1 obj_cooja/mtype384.a(pir-sensor.o)
                0x00000000002167b0                simPirValue
 *fill*         0x00000000002167b1        0x7 
 .bss           0x00000000002167b8        0x8 obj_cooja/mtype384.a(rs232.o)
 .bss           0x00000000002167c0        0x1 obj_cooja/mtype384.a(vib-sensor.o)
                0x00000000002167c0                simVibValue
 .bss           0x00000000002167c1        0x0 obj_cooja/mtype384.a(clock.o)
 *fill*         0x00000000002167c1       0x1f 
 .bss           0x00000000002167e0      0x420 obj_cooja/mtype384.a(log.o)
 .bss           0x0000000000216c00      0xfc0 obj_cooja/mtype384.a(cfs-cooja.o)
                0x0000000000216c00                simCFSData
                0x0000000000217ba0                simCFSSize
                0x0000000000217ba4                simCFSChanged
                0x0000000000217ba8                simCFSRead
                0x0000000000217bac                simCFSWritten
 .bss           0x0000000000217bc0       0x2c obj_cooja/mtype384.a(cooja-radio.o)
                0x0000000000217bc0                simReceiving
                0x0000000000217bc4                simInSize
                0x0000000000217bc8                simLastPacketTimestamp
                0x0000000000217bd0                simOutSize
 .bss           0x0000000000217bec        0xc obj_cooja/mtype384.a(eeprom.o)
                0x0000000000217bec                simEEPROMChanged
                0x0000000000217bf0                simEEPROMRead
                0x0000000000217bf4                simEEPROMWritten
 .bss           0x0000000000217bf8        0x0 obj_cooja/mtype384.a(random.o)
 .bss           0x0000000000217bf8        0xc obj_cooja/mtype384.a(sensors.o)
 .bss           0x0000000000217c04        0x0 obj_cooja/mtype384.a(autostart.o)
 *fill*         0x0000000000217c04        0x4 
 .bss           0x0000000000217c08        0x9 obj_cooja/mtype384.a(ctimer.o)
 *fill*         0x0000000000217c11        0x7 
 .bss           0x0000000000217c18       0x10 obj_cooja/mtype384.a(etimer.o)
 *fill*         0x0000000000217c28       0x18 
 .bss           0x0000000000217c40      0x321 obj_cooja/mtype384.a(process.o)
                0x0000000000217c40                process_list
                0x0000000000217c48                process_current
 *fill*         0x0000000000217f61        0x7 
 .bss           0x0000000000217f68        0x8 obj_cooja/mtype384.a(rtimer.o)
 .bss           0x0000000000217f70        0x0 obj_cooja/mtype384.a(timer.o)
 *fill*         0x0000000000217f70       0x10 
 .bss           0x0000000000217f80      0x140 obj_cooja/mtype384.a(serial-line.o)
 .bss           0x00000000002180c0        0x0 obj_cooja/mtype384.a(list.o)
 .bss           0x00000000002180c0        0x0 obj_cooja/mtype384.a(ringbuf.o)
 .bss           0x00000000002180c0        0x0 obj_cooja/mtype384.a(broadcast.o)
 .bss           0x00000000002180c0        0x8 obj_cooja/mtype384.a(rime.o)
 .bss           0x00000000002180c8        0x0 obj_cooja/mtype384.a(abc.o)
 .bss           0x00000000002180c8       0x18 obj_cooja/mtype384.a(announcement.o)
 .bss           0x00000000002180e0      0xca0 obj_cooja/mtype384.a(queuebuf.o)
 .bss           0x0000000000218d80       0xa0 obj_cooja/mtype384.a(packetbuf.o)
 .bss           0x0000000000218e20        0x0 obj_cooja/mtype384.a(netstack.o)
 .bss           0x0000000000218e20        0x0 obj_cooja/mtype384.a(linkaddr.o)
 .bss           0x0000000000218e20      0x42c obj_cooja/mtype384.a(csma.o)
 .bss           0x000000000021924c        0x0 obj_cooja/mtype384.a(nullrdc.o)
 .bss           0x000000000021924c        0x0 obj_cooja/mtype384.a(nullsec.o)
 .bss           0x000000000021924c        0x0 obj_cooja/mtype384.a(rimestats.o)
 .bss           0x000000000021924c        0x0 obj_cooja/mtype384.a(memb.o)
 *fill*         0x000000000021924c       0x14 
 .bss           0x0000000000219260       0xd8 obj_cooja/mtype384.a(broadcast-annou)
 .bss           0x0000000000219338        0x0 obj_cooja/mtype384.a(chameleon.o)
 .bss           0x0000000000219338        0x8 obj_cooja/mtype384.a(channel.o)
 .bss           0x0000000000219340        0x0 obj_cooja/mtype384.a(framer-nullmac.)
 .bss           0x0000000000219340        0x0 obj_cooja/mtype384.a(mac.o)
 .bss           0x0000000000219340        0x0 obj_cooja/mtype384.a(chameleon-bitop)
 .bss           0x0000000000219340        0x0 /usr/lib/gcc/x86_64-linux-gnu/6/crtendS.o
 .bss           0x0000000000219340        0x0 /usr/lib/gcc/x86_64-linux-gnu/6/../../../x86_64-linux-gnu/crtn.o
 *(COMMON)
 COMMON         0x0000000000219340        0xc obj_cooja/mtype384.o
                0x0000000000219340                referenceVar
                0x0000000000219348                sensors_flags
 *fill*         0x000000000021934c        0x4 
 COMMON         0x0000000000219350       0x10 obj_cooja/mtype384.a(simEnvChange.o)
                0x0000000000219350                simEtimerPending
                0x0000000000219354                simProcessRunValue
                0x0000000000219358                simEtimerNextExpirationTime
 COMMON         0x0000000000219360       0x18 obj_cooja/mtype384.a(rtimer-arch.o)
                0x0000000000219360                simRtimerPending
                0x0000000000219368                simRtimerCurrentTicks
                0x0000000000219370                simRtimerNextExpirationTime
 COMMON         0x0000000000219378        0x1 obj_cooja/mtype384.a(beep.o)
                0x0000000000219378                simBeeped
 COMMON         0x0000000000219379        0x3 obj_cooja/mtype384.a(button-sensor.o)
                0x0000000000219379                simButtonIsActive
                0x000000000021937a                simButtonIsDown
                0x000000000021937b                simButtonChanged
 COMMON         0x000000000021937c        0x1 obj_cooja/mtype384.a(leds-arch.o)
                0x000000000021937c                simLedsValue
 *fill*         0x000000000021937d        0x3 
 COMMON         0x0000000000219380        0xc obj_cooja/mtype384.a(moteid.o)
                0x0000000000219380                simRandomSeed
                0x0000000000219384                simMoteIDChanged
                0x0000000000219388                simMoteID
 COMMON         0x000000000021938c        0x2 obj_cooja/mtype384.a(pir-sensor.o)
                0x000000000021938c                simPirIsActive
                0x000000000021938d                simPirChanged
 *fill*         0x000000000021938e       0x12 
 COMMON         0x00000000002193a0      0x820 obj_cooja/mtype384.a(rs232.o)
                0x00000000002193a0                simSerialReceivingFlag
                0x00000000002193a4                simSerialReceivingLength
                0x00000000002193c0                simSerialReceivingData
 COMMON         0x0000000000219bc0        0x2 obj_cooja/mtype384.a(vib-sensor.o)
                0x0000000000219bc0                simVibChanged
                0x0000000000219bc1                simVibIsActive
 *fill*         0x0000000000219bc2        0x6 
 COMMON         0x0000000000219bc8        0x8 obj_cooja/mtype384.a(clock.o)
                0x0000000000219bc8                simCurrentTime
 *fill*         0x0000000000219bd0       0x10 
 COMMON         0x0000000000219be0      0x420 obj_cooja/mtype384.a(log.o)
                0x0000000000219be0                simLoggedLength
                0x0000000000219be4                simLoggedFlag
                0x0000000000219c00                simLoggedData
 COMMON         0x000000000021a000      0x100 obj_cooja/mtype384.a(cooja-radio.o)
                0x000000000021a000                simOutDataBuffer
                0x000000000021a080                simInDataBuffer
 COMMON         0x000000000021a100      0x400 obj_cooja/mtype384.a(eeprom.o)
                0x000000000021a100                simEEPROMData
 COMMON         0x000000000021a500        0x1 obj_cooja/mtype384.a(sensors.o)
                0x000000000021a500                sensors_event
 COMMON         0x000000000021a501        0x1 obj_cooja/mtype384.a(serial-line.o)
                0x000000000021a501                serial_line_event_message
 *fill*         0x000000000021a502       0x1e 
 COMMON         0x000000000021a520       0x40 obj_cooja/mtype384.a(packetbuf.o)
                0x000000000021a520                packetbuf_attrs
                0x000000000021a558                packetbuf_addrs
 COMMON         0x000000000021a560        0x2 obj_cooja/mtype384.a(linkaddr.o)
                0x000000000021a560                linkaddr_node_addr
 *fill*         0x000000000021a562       0x1e 
 COMMON         0x000000000021a580       0x90 obj_cooja/mtype384.a(rimestats.o)
                0x000000000021a580                rimestats
                0x000000000021a610                . = ALIGN ((. != 0x0)?0x8:0x1)

.lbss
 *(.dynlbss)
 *(.lbss .lbss.* .gnu.linkonce.lb.*)
 *(LARGE_COMMON)
                0x000000000021a610                . = ALIGN (0x8)
                0x000000000021a610                . = SEGMENT_START ("ldata-segment", .)

.lrodata
 *(.lrodata .lrodata.* .gnu.linkonce.lr.*)

.ldata          0x000000000061a610        0x0
 *(.ldata .ldata.* .gnu.linkonce.l.*)
                0x000000000061a610                . = ALIGN ((. != 0x0)?0x8:0x1)
                0x000000000061a610                . = ALIGN (0x8)
                0x000000000061a610                _end = .
                [!provide]                        PROVIDE (end, .)
                0x000000000061a610                . = DATA_SEGMENT_END (.)

.stab
 *(.stab)

.stabstr
 *(.stabstr)

.stab.excl
 *(.stab.excl)

.stab.exclstr
 *(.stab.exclstr)

.stab.index
 *(.stab.index)

.stab.indexstr
 *(.stab.indexstr)

.comment        0x0000000000000000       0x26
 *(.comment)
 .comment       0x0000000000000000       0x26 /usr/lib/gcc/x86_64-linux-gnu/6/crtbeginS.o
                                         0x27 (size before relaxing)
 .comment       0x0000000000000026       0x27 example-broadcast.co
 .comment       0x0000000000000026       0x27 obj_cooja/mtype384.o
 .comment       0x0000000000000026       0x27 obj_cooja/mtype384.a(simEnvChange.o)
 .comment       0x0000000000000026       0x27 obj_cooja/mtype384.a(cooja_mt.o)
 .comment       0x0000000000000026       0x27 obj_cooja/mtype384.a(cooja_mtarch.o)
 .comment       0x0000000000000026       0x27 obj_cooja/mtype384.a(rtimer-arch.o)
 .comment       0x0000000000000026       0x27 obj_cooja/mtype384.a(beep.o)
 .comment       0x0000000000000026       0x27 obj_cooja/mtype384.a(button-sensor.o)
 .comment       0x0000000000000026       0x27 obj_cooja/mtype384.a(leds-arch.o)
 .comment       0x0000000000000026       0x27 obj_cooja/mtype384.a(moteid.o)
 .comment       0x0000000000000026       0x27 obj_cooja/mtype384.a(pir-sensor.o)
 .comment       0x0000000000000026       0x27 obj_cooja/mtype384.a(rs232.o)
 .comment       0x0000000000000026       0x27 obj_cooja/mtype384.a(vib-sensor.o)
 .comment       0x0000000000000026       0x27 obj_cooja/mtype384.a(clock.o)
 .comment       0x0000000000000026       0x27 obj_cooja/mtype384.a(log.o)
 .comment       0x0000000000000026       0x27 obj_cooja/mtype384.a(cfs-cooja.o)
 .comment       0x0000000000000026       0x27 obj_cooja/mtype384.a(cooja-radio.o)
 .comment       0x0000000000000026       0x27 obj_cooja/mtype384.a(eeprom.o)
 .comment       0x0000000000000026       0x27 obj_cooja/mtype384.a(random.o)
 .comment       0x0000000000000026       0x27 obj_cooja/mtype384.a(sensors.o)
 .comment       0x0000000000000026       0x27 obj_cooja/mtype384.a(autostart.o)
 .comment       0x0000000000000026       0x27 obj_cooja/mtype384.a(ctimer.o)
 .comment       0x0000000000000026       0x27 obj_cooja/mtype384.a(etimer.o)
 .comment       0x0000000000000026       0x27 obj_cooja/mtype384.a(process.o)
 .comment       0x0000000000000026       0x27 obj_cooja/mtype384.a(rtimer.o)
 .comment       0x0000000000000026       0x27 obj_cooja/mtype384.a(timer.o)
 .comment       0x0000000000000026       0x27 obj_cooja/mtype384.a(serial-line.o)
 .comment       0x0000000000000026       0x27 obj_cooja/mtype384.a(list.o)
 .comment       0x0000000000000026       0x27 obj_cooja/mtype384.a(ringbuf.o)
 .comment       0x0000000000000026       0x27 obj_cooja/mtype384.a(broadcast.o)
 .comment       0x0000000000000026       0x27 obj_cooja/mtype384.a(rime.o)
 .comment       0x0000000000000026       0x27 obj_cooja/mtype384.a(abc.o)
 .comment       0x0000000000000026       0x27 obj_cooja/mtype384.a(announcement.o)
 .comment       0x0000000000000026       0x27 obj_cooja/mtype384.a(queuebuf.o)
 .comment       0x0000000000000026       0x27 obj_cooja/mtype384.a(packetbuf.o)
 .comment       0x0000000000000026       0x27 obj_cooja/mtype384.a(netstack.o)
 .comment       0x0000000000000026       0x27 obj_cooja/mtype384.a(linkaddr.o)
 .comment       0x0000000000000026       0x27 obj_cooja/mtype384.a(csma.o)
 .comment       0x0000000000000026       0x27 obj_cooja/mtype384.a(nullrdc.o)
 .comment       0x0000000000000026       0x27 obj_cooja/mtype384.a(nullsec.o)
 .comment       0x0000000000000026       0x27 obj_cooja/mtype384.a(rimestats.o)
 .comment       0x0000000000000026       0x27 obj_cooja/mtype384.a(memb.o)
 .comment       0x0000000000000026       0x27 obj_cooja/mtype384.a(broadcast-annou)
 .comment       0x0000000000000026       0x27 obj_cooja/mtype384.a(chameleon.o)
 .comment       0x0000000000000026       0x27 obj_cooja/mtype384.a(channel.o)
 .comment       0x0000000000000026       0x27 obj_cooja/mtype384.a(framer-nullmac.)
 .comment       0x0000000000000026       0x27 obj_cooja/mtype384.a(mac.o)
 .comment       0x0000000000000026       0x27 obj_cooja/mtype384.a(chameleon-bitop)
 .comment       0x0000000000000026       0x27 /usr/lib/gcc/x86_64-linux-gnu/6/crtendS.o

.debug
 *(.debug)

.line
 *(.line)

.debug_srcinfo
 *(.debug_srcinfo)

.debug_sfnames
 *(.debug_sfnames)

.debug_aranges  0x0000000000000000      0x8f0
 *(.debug_aranges)
 .debug_aranges
                0x0000000000000000       0x30 example-broadcast.co
 .debug_aranges
                0x0000000000000030       0x30 obj_cooja/mtype384.o
 .debug_aranges
                0x0000000000000060       0x30 obj_cooja/mtype384.a(simEnvChange.o)
 .debug_aranges
                0x0000000000000090       0x30 obj_cooja/mtype384.a(cooja_mt.o)
 .debug_aranges
                0x00000000000000c0       0x30 obj_cooja/mtype384.a(cooja_mtarch.o)
 .debug_aranges
                0x00000000000000f0       0x30 obj_cooja/mtype384.a(rtimer-arch.o)
 .debug_aranges
                0x0000000000000120       0x30 obj_cooja/mtype384.a(beep.o)
 .debug_aranges
                0x0000000000000150       0x30 obj_cooja/mtype384.a(button-sensor.o)
 .debug_aranges
                0x0000000000000180       0x30 obj_cooja/mtype384.a(leds-arch.o)
 .debug_aranges
                0x00000000000001b0       0x30 obj_cooja/mtype384.a(moteid.o)
 .debug_aranges
                0x00000000000001e0       0x30 obj_cooja/mtype384.a(pir-sensor.o)
 .debug_aranges
                0x0000000000000210       0x30 obj_cooja/mtype384.a(rs232.o)
 .debug_aranges
                0x0000000000000240       0x30 obj_cooja/mtype384.a(vib-sensor.o)
 .debug_aranges
                0x0000000000000270       0x30 obj_cooja/mtype384.a(clock.o)
 .debug_aranges
                0x00000000000002a0       0x30 obj_cooja/mtype384.a(log.o)
 .debug_aranges
                0x00000000000002d0       0x30 obj_cooja/mtype384.a(cfs-cooja.o)
 .debug_aranges
                0x0000000000000300       0x30 obj_cooja/mtype384.a(cooja-radio.o)
 .debug_aranges
                0x0000000000000330       0x30 obj_cooja/mtype384.a(eeprom.o)
 .debug_aranges
                0x0000000000000360       0x30 obj_cooja/mtype384.a(random.o)
 .debug_aranges
                0x0000000000000390       0x30 obj_cooja/mtype384.a(sensors.o)
 .debug_aranges
                0x00000000000003c0       0x30 obj_cooja/mtype384.a(autostart.o)
 .debug_aranges
                0x00000000000003f0       0x30 obj_cooja/mtype384.a(ctimer.o)
 .debug_aranges
                0x0000000000000420       0x30 obj_cooja/mtype384.a(etimer.o)
 .debug_aranges
                0x0000000000000450       0x30 obj_cooja/mtype384.a(process.o)
 .debug_aranges
                0x0000000000000480       0x30 obj_cooja/mtype384.a(rtimer.o)
 .debug_aranges
                0x00000000000004b0       0x30 obj_cooja/mtype384.a(timer.o)
 .debug_aranges
                0x00000000000004e0       0x30 obj_cooja/mtype384.a(serial-line.o)
 .debug_aranges
                0x0000000000000510       0x30 obj_cooja/mtype384.a(list.o)
 .debug_aranges
                0x0000000000000540       0x30 obj_cooja/mtype384.a(ringbuf.o)
 .debug_aranges
                0x0000000000000570       0x30 obj_cooja/mtype384.a(broadcast.o)
 .debug_aranges
                0x00000000000005a0       0x30 obj_cooja/mtype384.a(rime.o)
 .debug_aranges
                0x00000000000005d0       0x30 obj_cooja/mtype384.a(abc.o)
 .debug_aranges
                0x0000000000000600       0x30 obj_cooja/mtype384.a(announcement.o)
 .debug_aranges
                0x0000000000000630       0x30 obj_cooja/mtype384.a(queuebuf.o)
 .debug_aranges
                0x0000000000000660       0x30 obj_cooja/mtype384.a(packetbuf.o)
 .debug_aranges
                0x0000000000000690       0x30 obj_cooja/mtype384.a(netstack.o)
 .debug_aranges
                0x00000000000006c0       0x30 obj_cooja/mtype384.a(linkaddr.o)
 .debug_aranges
                0x00000000000006f0       0x30 obj_cooja/mtype384.a(csma.o)
 .debug_aranges
                0x0000000000000720       0x30 obj_cooja/mtype384.a(nullrdc.o)
 .debug_aranges
                0x0000000000000750       0x30 obj_cooja/mtype384.a(nullsec.o)
 .debug_aranges
                0x0000000000000780       0x20 obj_cooja/mtype384.a(rimestats.o)
 .debug_aranges
                0x00000000000007a0       0x30 obj_cooja/mtype384.a(memb.o)
 .debug_aranges
                0x00000000000007d0       0x30 obj_cooja/mtype384.a(broadcast-annou)
 .debug_aranges
                0x0000000000000800       0x30 obj_cooja/mtype384.a(chameleon.o)
 .debug_aranges
                0x0000000000000830       0x30 obj_cooja/mtype384.a(channel.o)
 .debug_aranges
                0x0000000000000860       0x30 obj_cooja/mtype384.a(framer-nullmac.)
 .debug_aranges
                0x0000000000000890       0x30 obj_cooja/mtype384.a(mac.o)
 .debug_aranges
                0x00000000000008c0       0x30 obj_cooja/mtype384.a(chameleon-bitop)

.debug_pubnames
 *(.debug_pubnames)

.debug_info     0x0000000000000000    0x192b3
 *(.debug_info .gnu.linkonce.wi.*)
 .debug_info    0x0000000000000000      0xcd8 example-broadcast.co
 .debug_info    0x0000000000000cd8     0x3f81 obj_cooja/mtype384.o
 .debug_info    0x0000000000004c59      0x528 obj_cooja/mtype384.a(simEnvChange.o)
 .debug_info    0x0000000000005181      0x306 obj_cooja/mtype384.a(cooja_mt.o)
 .debug_info    0x0000000000005487      0x6b4 obj_cooja/mtype384.a(cooja_mtarch.o)
 .debug_info    0x0000000000005b3b      0x347 obj_cooja/mtype384.a(rtimer-arch.o)
 .debug_info    0x0000000000005e82      0x38e obj_cooja/mtype384.a(beep.o)
 .debug_info    0x0000000000006210      0x3ee obj_cooja/mtype384.a(button-sensor.o)
 .debug_info    0x00000000000065fe      0x2ac obj_cooja/mtype384.a(leds-arch.o)
 .debug_info    0x00000000000068aa      0x27b obj_cooja/mtype384.a(moteid.o)
 .debug_info    0x0000000000006b25      0x3b5 obj_cooja/mtype384.a(pir-sensor.o)
 .debug_info    0x0000000000006eda      0x665 obj_cooja/mtype384.a(rs232.o)
 .debug_info    0x000000000000753f      0x3b5 obj_cooja/mtype384.a(vib-sensor.o)
 .debug_info    0x00000000000078f4      0x2c5 obj_cooja/mtype384.a(clock.o)
 .debug_info    0x0000000000007bb9      0x72d obj_cooja/mtype384.a(log.o)
 .debug_info    0x00000000000082e6      0x7ff obj_cooja/mtype384.a(cfs-cooja.o)
 .debug_info    0x0000000000008ae5     0x166e obj_cooja/mtype384.a(cooja-radio.o)
 .debug_info    0x000000000000a153      0x35b obj_cooja/mtype384.a(eeprom.o)
 .debug_info    0x000000000000a4ae       0xc7 obj_cooja/mtype384.a(random.o)
 .debug_info    0x000000000000a575      0x400 obj_cooja/mtype384.a(sensors.o)
 .debug_info    0x000000000000a975      0x1e2 obj_cooja/mtype384.a(autostart.o)
 .debug_info    0x000000000000ab57      0x513 obj_cooja/mtype384.a(ctimer.o)
 .debug_info    0x000000000000b06a      0x532 obj_cooja/mtype384.a(etimer.o)
 .debug_info    0x000000000000b59c      0x7c4 obj_cooja/mtype384.a(process.o)
 .debug_info    0x000000000000bd60      0x2dd obj_cooja/mtype384.a(rtimer.o)
 .debug_info    0x000000000000c03d      0x18e obj_cooja/mtype384.a(timer.o)
 .debug_info    0x000000000000c1cb      0x351 obj_cooja/mtype384.a(serial-line.o)
 .debug_info    0x000000000000c51c      0x355 obj_cooja/mtype384.a(list.o)
 .debug_info    0x000000000000c871      0x1cc obj_cooja/mtype384.a(ringbuf.o)
 .debug_info    0x000000000000ca3d      0xf81 obj_cooja/mtype384.a(broadcast.o)
 .debug_info    0x000000000000d9be      0xd96 obj_cooja/mtype384.a(rime.o)
 .debug_info    0x000000000000e754      0xe61 obj_cooja/mtype384.a(abc.o)
 .debug_info    0x000000000000f5b5      0x42d obj_cooja/mtype384.a(announcement.o)
 .debug_info    0x000000000000f9e2     0x106e obj_cooja/mtype384.a(queuebuf.o)
 .debug_info    0x0000000000010a50      0xf8b obj_cooja/mtype384.a(packetbuf.o)
 .debug_info    0x00000000000119db      0x9ee obj_cooja/mtype384.a(netstack.o)
 .debug_info    0x00000000000123c9      0x19f obj_cooja/mtype384.a(linkaddr.o)
 .debug_info    0x0000000000012568     0x15f2 obj_cooja/mtype384.a(csma.o)
 .debug_info    0x0000000000013b5a      0xed9 obj_cooja/mtype384.a(nullrdc.o)
 .debug_info    0x0000000000014a33      0xbc6 obj_cooja/mtype384.a(nullsec.o)
 .debug_info    0x00000000000155f9      0x11d obj_cooja/mtype384.a(rimestats.o)
 .debug_info    0x0000000000015716      0x305 obj_cooja/mtype384.a(memb.o)
 .debug_info    0x0000000000015a1b      0xce6 obj_cooja/mtype384.a(broadcast-annou)
 .debug_info    0x0000000000016701      0xbfd obj_cooja/mtype384.a(chameleon.o)
 .debug_info    0x00000000000172fe      0x880 obj_cooja/mtype384.a(channel.o)
 .debug_info    0x0000000000017b7e      0x802 obj_cooja/mtype384.a(framer-nullmac.)
 .debug_info    0x0000000000018380      0x126 obj_cooja/mtype384.a(mac.o)
 .debug_info    0x00000000000184a6      0xe0d obj_cooja/mtype384.a(chameleon-bitop)

.debug_abbrev   0x0000000000000000     0x56c0
 *(.debug_abbrev)
 .debug_abbrev  0x0000000000000000      0x20b example-broadcast.co
 .debug_abbrev  0x000000000000020b      0x2d6 obj_cooja/mtype384.o
 .debug_abbrev  0x00000000000004e1      0x167 obj_cooja/mtype384.a(simEnvChange.o)
 .debug_abbrev  0x0000000000000648      0x15b obj_cooja/mtype384.a(cooja_mt.o)
 .debug_abbrev  0x00000000000007a3      0x1d9 obj_cooja/mtype384.a(cooja_mtarch.o)
 .debug_abbrev  0x000000000000097c      0x18f obj_cooja/mtype384.a(rtimer-arch.o)
 .debug_abbrev  0x0000000000000b0b      0x18f obj_cooja/mtype384.a(beep.o)
 .debug_abbrev  0x0000000000000c9a      0x1c1 obj_cooja/mtype384.a(button-sensor.o)
 .debug_abbrev  0x0000000000000e5b      0x182 obj_cooja/mtype384.a(leds-arch.o)
 .debug_abbrev  0x0000000000000fdd      0x14a obj_cooja/mtype384.a(moteid.o)
 .debug_abbrev  0x0000000000001127      0x19a obj_cooja/mtype384.a(pir-sensor.o)
 .debug_abbrev  0x00000000000012c1      0x1ed obj_cooja/mtype384.a(rs232.o)
 .debug_abbrev  0x00000000000014ae      0x19a obj_cooja/mtype384.a(vib-sensor.o)
 .debug_abbrev  0x0000000000001648      0x18f obj_cooja/mtype384.a(clock.o)
 .debug_abbrev  0x00000000000017d7      0x1ff obj_cooja/mtype384.a(log.o)
 .debug_abbrev  0x00000000000019d6      0x1eb obj_cooja/mtype384.a(cfs-cooja.o)
 .debug_abbrev  0x0000000000001bc1      0x384 obj_cooja/mtype384.a(cooja-radio.o)
 .debug_abbrev  0x0000000000001f45      0x180 obj_cooja/mtype384.a(eeprom.o)
 .debug_abbrev  0x00000000000020c5       0x6b obj_cooja/mtype384.a(random.o)
 .debug_abbrev  0x0000000000002130      0x1cd obj_cooja/mtype384.a(sensors.o)
 .debug_abbrev  0x00000000000022fd      0x12b obj_cooja/mtype384.a(autostart.o)
 .debug_abbrev  0x0000000000002428      0x1be obj_cooja/mtype384.a(ctimer.o)
 .debug_abbrev  0x00000000000025e6      0x21b obj_cooja/mtype384.a(etimer.o)
 .debug_abbrev  0x0000000000002801      0x27b obj_cooja/mtype384.a(process.o)
 .debug_abbrev  0x0000000000002a7c      0x1a4 obj_cooja/mtype384.a(rtimer.o)
 .debug_abbrev  0x0000000000002c20       0xf3 obj_cooja/mtype384.a(timer.o)
 .debug_abbrev  0x0000000000002d13      0x1a7 obj_cooja/mtype384.a(serial-line.o)
 .debug_abbrev  0x0000000000002eba      0x143 obj_cooja/mtype384.a(list.o)
 .debug_abbrev  0x0000000000002ffd       0xbf obj_cooja/mtype384.a(ringbuf.o)
 .debug_abbrev  0x00000000000030bc      0x265 obj_cooja/mtype384.a(broadcast.o)
 .debug_abbrev  0x0000000000003321      0x25f obj_cooja/mtype384.a(rime.o)
 .debug_abbrev  0x0000000000003580      0x224 obj_cooja/mtype384.a(abc.o)
 .debug_abbrev  0x00000000000037a4      0x182 obj_cooja/mtype384.a(announcement.o)
 .debug_abbrev  0x0000000000003926      0x27d obj_cooja/mtype384.a(queuebuf.o)
 .debug_abbrev  0x0000000000003ba3      0x29b obj_cooja/mtype384.a(packetbuf.o)
 .debug_abbrev  0x0000000000003e3e      0x1b2 obj_cooja/mtype384.a(netstack.o)
 .debug_abbrev  0x0000000000003ff0       0xfd obj_cooja/mtype384.a(linkaddr.o)
 .debug_abbrev  0x00000000000040ed      0x316 obj_cooja/mtype384.a(csma.o)
 .debug_abbrev  0x0000000000004403      0x2ed obj_cooja/mtype384.a(nullrdc.o)
 .debug_abbrev  0x00000000000046f0      0x23f obj_cooja/mtype384.a(nullsec.o)
 .debug_abbrev  0x000000000000492f       0x59 obj_cooja/mtype384.a(rimestats.o)
 .debug_abbrev  0x0000000000004988      0x15a obj_cooja/mtype384.a(memb.o)
 .debug_abbrev  0x0000000000004ae2      0x25a obj_cooja/mtype384.a(broadcast-annou)
 .debug_abbrev  0x0000000000004d3c      0x227 obj_cooja/mtype384.a(chameleon.o)
 .debug_abbrev  0x0000000000004f63      0x1ee obj_cooja/mtype384.a(channel.o)
 .debug_abbrev  0x0000000000005151      0x20b obj_cooja/mtype384.a(framer-nullmac.)
 .debug_abbrev  0x000000000000535c       0xa5 obj_cooja/mtype384.a(mac.o)
 .debug_abbrev  0x0000000000005401      0x2bf obj_cooja/mtype384.a(chameleon-bitop)

.debug_line     0x0000000000000000     0x57e3
 *(.debug_line .debug_line.* .debug_line_end)
 .debug_line    0x0000000000000000      0x2cb example-broadcast.co
 .debug_line    0x00000000000002cb      0x500 obj_cooja/mtype384.o
 .debug_line    0x00000000000007cb      0x1da obj_cooja/mtype384.a(simEnvChange.o)
 .debug_line    0x00000000000009a5      0x10f obj_cooja/mtype384.a(cooja_mt.o)
 .debug_line    0x0000000000000ab4      0x1db obj_cooja/mtype384.a(cooja_mtarch.o)
 .debug_line    0x0000000000000c8f      0x162 obj_cooja/mtype384.a(rtimer-arch.o)
 .debug_line    0x0000000000000df1      0x12f obj_cooja/mtype384.a(beep.o)
 .debug_line    0x0000000000000f20      0x1c8 obj_cooja/mtype384.a(button-sensor.o)
 .debug_line    0x00000000000010e8      0x123 obj_cooja/mtype384.a(leds-arch.o)
 .debug_line    0x000000000000120b      0x147 obj_cooja/mtype384.a(moteid.o)
 .debug_line    0x0000000000001352      0x18c obj_cooja/mtype384.a(pir-sensor.o)
 .debug_line    0x00000000000014de      0x23d obj_cooja/mtype384.a(rs232.o)
 .debug_line    0x000000000000171b      0x18c obj_cooja/mtype384.a(vib-sensor.o)
 .debug_line    0x00000000000018a7      0x121 obj_cooja/mtype384.a(clock.o)
 .debug_line    0x00000000000019c8      0x213 obj_cooja/mtype384.a(log.o)
 .debug_line    0x0000000000001bdb      0x23e obj_cooja/mtype384.a(cfs-cooja.o)
 .debug_line    0x0000000000001e19      0x3f8 obj_cooja/mtype384.a(cooja-radio.o)
 .debug_line    0x0000000000002211      0x15d obj_cooja/mtype384.a(eeprom.o)
 .debug_line    0x000000000000236e       0x56 obj_cooja/mtype384.a(random.o)
 .debug_line    0x00000000000023c4      0x16e obj_cooja/mtype384.a(sensors.o)
 .debug_line    0x0000000000002532       0xca obj_cooja/mtype384.a(autostart.o)
 .debug_line    0x00000000000025fc      0x1ad obj_cooja/mtype384.a(ctimer.o)
 .debug_line    0x00000000000027a9      0x1c9 obj_cooja/mtype384.a(etimer.o)
 .debug_line    0x0000000000002972      0x246 obj_cooja/mtype384.a(process.o)
 .debug_line    0x0000000000002bb8      0x119 obj_cooja/mtype384.a(rtimer.o)
 .debug_line    0x0000000000002cd1       0xbe obj_cooja/mtype384.a(timer.o)
 .debug_line    0x0000000000002d8f      0x173 obj_cooja/mtype384.a(serial-line.o)
 .debug_line    0x0000000000002f02      0x121 obj_cooja/mtype384.a(list.o)
 .debug_line    0x0000000000003023       0xbb obj_cooja/mtype384.a(ringbuf.o)
 .debug_line    0x00000000000030de      0x2b1 obj_cooja/mtype384.a(broadcast.o)
 .debug_line    0x000000000000338f      0x2a0 obj_cooja/mtype384.a(rime.o)
 .debug_line    0x000000000000362f      0x288 obj_cooja/mtype384.a(abc.o)
 .debug_line    0x00000000000038b7      0x13c obj_cooja/mtype384.a(announcement.o)
 .debug_line    0x00000000000039f3      0x2d1 obj_cooja/mtype384.a(queuebuf.o)
 .debug_line    0x0000000000003cc4      0x2f3 obj_cooja/mtype384.a(packetbuf.o)
 .debug_line    0x0000000000003fb7      0x1e0 obj_cooja/mtype384.a(netstack.o)
 .debug_line    0x0000000000004197       0x9b obj_cooja/mtype384.a(linkaddr.o)
 .debug_line    0x0000000000004232      0x3e4 obj_cooja/mtype384.a(csma.o)
 .debug_line    0x0000000000004616      0x2e4 obj_cooja/mtype384.a(nullrdc.o)
 .debug_line    0x00000000000048fa      0x20f obj_cooja/mtype384.a(nullsec.o)
 .debug_line    0x0000000000004b09       0x71 obj_cooja/mtype384.a(rimestats.o)
 .debug_line    0x0000000000004b7a      0x13a obj_cooja/mtype384.a(memb.o)
 .debug_line    0x0000000000004cb4      0x267 obj_cooja/mtype384.a(broadcast-annou)
 .debug_line    0x0000000000004f1b      0x228 obj_cooja/mtype384.a(chameleon.o)
 .debug_line    0x0000000000005143      0x1b2 obj_cooja/mtype384.a(channel.o)
 .debug_line    0x00000000000052f5      0x190 obj_cooja/mtype384.a(framer-nullmac.)
 .debug_line    0x0000000000005485       0x83 obj_cooja/mtype384.a(mac.o)
 .debug_line    0x0000000000005508      0x2db obj_cooja/mtype384.a(chameleon-bitop)

.debug_frame
 *(.debug_frame)

.debug_str      0x0000000000000000     0x45fc
 *(.debug_str)
 .debug_str     0x0000000000000000      0x727 example-broadcast.co
                                        0x83d (size before relaxing)
 .debug_str     0x0000000000000727     0x18a9 obj_cooja/mtype384.o
                                       0x206e (size before relaxing)
 .debug_str     0x0000000000001fd0       0x2e obj_cooja/mtype384.a(simEnvChange.o)
                                        0x454 (size before relaxing)
 .debug_str     0x0000000000001ffe       0x8b obj_cooja/mtype384.a(cooja_mt.o)
                                        0x268 (size before relaxing)
 .debug_str     0x0000000000002089       0xfb obj_cooja/mtype384.a(cooja_mtarch.o)
                                        0x4dd (size before relaxing)
 .debug_str     0x0000000000002184      0x13a obj_cooja/mtype384.a(rtimer-arch.o)
                                        0x366 (size before relaxing)
 .debug_str     0x00000000000022be       0xc4 obj_cooja/mtype384.a(beep.o)
                                        0x309 (size before relaxing)
 .debug_str     0x0000000000002382       0x70 obj_cooja/mtype384.a(button-sensor.o)
                                        0x357 (size before relaxing)
 .debug_str     0x00000000000023f2       0x68 obj_cooja/mtype384.a(leds-arch.o)
                                        0x2e1 (size before relaxing)
 .debug_str     0x000000000000245a       0x47 obj_cooja/mtype384.a(moteid.o)
                                        0x2cc (size before relaxing)
 .debug_str     0x00000000000024a1       0x55 obj_cooja/mtype384.a(pir-sensor.o)
                                        0x321 (size before relaxing)
 .debug_str     0x00000000000024f6       0xcf obj_cooja/mtype384.a(rs232.o)
                                        0x58a (size before relaxing)
 .debug_str     0x00000000000025c5       0x55 obj_cooja/mtype384.a(vib-sensor.o)
                                        0x321 (size before relaxing)
 .debug_str     0x000000000000261a       0x62 obj_cooja/mtype384.a(clock.o)
                                        0x2dc (size before relaxing)
 .debug_str     0x000000000000267c       0xf2 obj_cooja/mtype384.a(log.o)
                                        0x5a6 (size before relaxing)
 .debug_str     0x000000000000276e      0x111 obj_cooja/mtype384.a(cfs-cooja.o)
                                        0x575 (size before relaxing)
 .debug_str     0x000000000000287f      0x719 obj_cooja/mtype384.a(cooja-radio.o)
                                       0x111a (size before relaxing)
 .debug_str     0x0000000000002f98       0x99 obj_cooja/mtype384.a(eeprom.o)
                                        0x322 (size before relaxing)
 .debug_str     0x0000000000003031       0x3b obj_cooja/mtype384.a(random.o)
                                        0x16b (size before relaxing)
 .debug_str     0x000000000000306c       0x9a obj_cooja/mtype384.a(sensors.o)
                                        0x2b6 (size before relaxing)
 .debug_str     0x0000000000003106       0x40 obj_cooja/mtype384.a(autostart.o)
                                        0x1ca (size before relaxing)
 .debug_str     0x0000000000003146       0xe5 obj_cooja/mtype384.a(ctimer.o)
                                        0x2ca (size before relaxing)
 .debug_str     0x000000000000322b      0x158 obj_cooja/mtype384.a(etimer.o)
                                        0x31a (size before relaxing)
 .debug_str     0x0000000000003383      0x14f obj_cooja/mtype384.a(process.o)
                                        0x4b6 (size before relaxing)
 .debug_str     0x00000000000034d2       0xb8 obj_cooja/mtype384.a(rtimer.o)
                                        0x271 (size before relaxing)
 .debug_str     0x000000000000358a       0x2d obj_cooja/mtype384.a(timer.o)
                                        0x183 (size before relaxing)
 .debug_str     0x00000000000035b7       0xa0 obj_cooja/mtype384.a(serial-line.o)
                                        0x291 (size before relaxing)
 .debug_str     0x0000000000003657       0xae obj_cooja/mtype384.a(list.o)
                                        0x167 (size before relaxing)
 .debug_str     0x0000000000003705       0x62 obj_cooja/mtype384.a(ringbuf.o)
                                        0x196 (size before relaxing)
 .debug_str     0x0000000000003767       0xc0 obj_cooja/mtype384.a(broadcast.o)
                                        0xb16 (size before relaxing)
 .debug_str     0x0000000000003827       0xe9 obj_cooja/mtype384.a(rime.o)
                                        0x7f4 (size before relaxing)
 .debug_str     0x0000000000003910       0x4f obj_cooja/mtype384.a(abc.o)
                                        0xaba (size before relaxing)
 .debug_str     0x000000000000395f      0x1a5 obj_cooja/mtype384.a(announcement.o)
                                        0x34e (size before relaxing)
 .debug_str     0x0000000000003b04      0x1a5 obj_cooja/mtype384.a(queuebuf.o)
                                        0xbb7 (size before relaxing)
 .debug_str     0x0000000000003ca9      0x18f obj_cooja/mtype384.a(packetbuf.o)
                                        0xbaa (size before relaxing)
 .debug_str     0x0000000000003e38       0x2e obj_cooja/mtype384.a(netstack.o)
                                        0x5fb (size before relaxing)
 .debug_str     0x0000000000003e66       0x58 obj_cooja/mtype384.a(linkaddr.o)
                                        0x1a3 (size before relaxing)
 .debug_str     0x0000000000003ebe      0x23b obj_cooja/mtype384.a(csma.o)
                                        0xe34 (size before relaxing)
 .debug_str     0x00000000000040f9       0x57 obj_cooja/mtype384.a(nullrdc.o)
                                        0xb4f (size before relaxing)
 .debug_str     0x0000000000004150       0x25 obj_cooja/mtype384.a(nullsec.o)
                                        0x96a (size before relaxing)
 .debug_str     0x0000000000004175       0x26 obj_cooja/mtype384.a(rimestats.o)
                                        0x169 (size before relaxing)
 .debug_str     0x000000000000419b       0x62 obj_cooja/mtype384.a(memb.o)
                                        0x20a (size before relaxing)
 .debug_str     0x00000000000041fd      0x187 obj_cooja/mtype384.a(broadcast-annou)
                                        0x780 (size before relaxing)
 .debug_str     0x0000000000004384       0x8a obj_cooja/mtype384.a(chameleon.o)
                                        0xa98 (size before relaxing)
 .debug_str     0x000000000000440e       0x91 obj_cooja/mtype384.a(channel.o)
                                        0x59c (size before relaxing)
 .debug_str     0x000000000000449f       0x41 obj_cooja/mtype384.a(framer-nullmac.)
                                        0x7a0 (size before relaxing)
 .debug_str     0x00000000000044e0       0x36 obj_cooja/mtype384.a(mac.o)
                                        0x1c8 (size before relaxing)
 .debug_str     0x0000000000004516       0xe6 obj_cooja/mtype384.a(chameleon-bitop)
                                        0x96d (size before relaxing)

.debug_loc
 *(.debug_loc)

.debug_macinfo
 *(.debug_macinfo)

.debug_weaknames
 *(.debug_weaknames)

.debug_funcnames
 *(.debug_funcnames)

.debug_typenames
 *(.debug_typenames)

.debug_varnames
 *(.debug_varnames)

.debug_pubtypes
 *(.debug_pubtypes)

.debug_ranges   0x0000000000000000       0xc0
 *(.debug_ranges)
 .debug_ranges  0x0000000000000000       0x30 obj_cooja/mtype384.a(etimer.o)
 .debug_ranges  0x0000000000000030       0x30 obj_cooja/mtype384.a(serial-line.o)
 .debug_ranges  0x0000000000000060       0x30 obj_cooja/mtype384.a(csma.o)
 .debug_ranges  0x0000000000000090       0x30 obj_cooja/mtype384.a(nullrdc.o)

.debug_macro
 *(.debug_macro)

.debug_addr
 *(.debug_addr)

.gnu.attributes
 *(.gnu.attributes)

/DISCARD/
 *(.note.GNU-stack)
 *(.gnu_debuglink)
 *(.gnu.lto_*)
OUTPUT(obj_cooja/mtype384.cooja elf64-x86-64)
