Archive member included to satisfy reference by file (symbol)

obj_cooja/mtype304.a(simEnvChange.o)
                              obj_cooja/mtype304.o (simDontFallAsleep)
obj_cooja/mtype304.a(cooja_mt.o)
                              obj_cooja/mtype304.o (cooja_mt_start)
obj_cooja/mtype304.a(cooja_mtarch.o)
                              obj_cooja/mtype304.a(cooja_mt.o) (cooja_mtarch_init)
obj_cooja/mtype304.a(rtimer-arch.o)
                              obj_cooja/mtype304.o (rtimer_arch_check)
obj_cooja/mtype304.a(beep.o)  obj_cooja/mtype304.o (beep_interface)
obj_cooja/mtype304.a(button-sensor.o)
                              obj_cooja/mtype304.o (button_interface)
obj_cooja/mtype304.a(leds-arch.o)
                              obj_cooja/mtype304.o (leds_interface)
obj_cooja/mtype304.a(moteid.o)
                              obj_cooja/mtype304.o (moteid_interface)
obj_cooja/mtype304.a(pir-sensor.o)
                              obj_cooja/mtype304.o (pir_interface)
obj_cooja/mtype304.a(rs232.o)
                              obj_cooja/mtype304.o (rs232_interface)
obj_cooja/mtype304.a(vib-sensor.o)
                              obj_cooja/mtype304.o (vib_interface)
obj_cooja/mtype304.a(clock.o)
                              obj_cooja/mtype304.o (clock_interface)
obj_cooja/mtype304.a(log.o)   obj_cooja/mtype304.o (simlog_interface)
obj_cooja/mtype304.a(cfs-cooja.o)
                              obj_cooja/mtype304.o (cfs_interface)
obj_cooja/mtype304.a(cooja-radio.o)
                              obj_cooja/mtype304.o (radio_interface)
obj_cooja/mtype304.a(eeprom.o)
                              obj_cooja/mtype304.o (eeprom_interface)
obj_cooja/mtype304.a(random.o)
                              obj_cooja/mtype304.a(moteid.o) (random_init)
obj_cooja/mtype304.a(sensors.o)
                              obj_cooja/mtype304.o (sensors_process)
obj_cooja/mtype304.a(autostart.o)
                              obj_cooja/mtype304.o (autostart_start)
obj_cooja/mtype304.a(ctimer.o)
                              obj_cooja/mtype304.o (ctimer_init)
obj_cooja/mtype304.a(etimer.o)
                              obj_cooja/mtype304.o (etimer_process)
obj_cooja/mtype304.a(process.o)
                              obj_cooja/mtype304.a(ctimer.o) (process_current)
obj_cooja/mtype304.a(rtimer.o)
                              obj_cooja/mtype304.a(rtimer-arch.o) (rtimer_run_next)
obj_cooja/mtype304.a(timer.o)
                              obj_cooja/mtype304.a(button-sensor.o) (timer_set)
obj_cooja/mtype304.a(serial-line.o)
                              obj_cooja/mtype304.a(rs232.o) (serial_line_input_byte)
obj_cooja/mtype304.a(list.o)  obj_cooja/mtype304.a(ctimer.o) (list_init)
obj_cooja/mtype304.a(ringbuf.o)
                              obj_cooja/mtype304.a(serial-line.o) (ringbuf_init)
obj_cooja/mtype304.a(rime.o)  obj_cooja/mtype304.o (rime_driver)
obj_cooja/mtype304.a(unicast.o)
                              example_unicast.co (unicast_open)
obj_cooja/mtype304.a(abc.o)   obj_cooja/mtype304.a(rime.o) (abc_input)
obj_cooja/mtype304.a(announcement.o)
                              obj_cooja/mtype304.a(rime.o) (announcement_init)
obj_cooja/mtype304.a(queuebuf.o)
                              obj_cooja/mtype304.o (queuebuf_init)
obj_cooja/mtype304.a(packetbuf.o)
                              obj_cooja/mtype304.a(cooja-radio.o) (packetbuf_attrs)
obj_cooja/mtype304.a(netstack.o)
                              obj_cooja/mtype304.o (netstack_init)
obj_cooja/mtype304.a(linkaddr.o)
                              example_unicast.co (linkaddr_node_addr)
obj_cooja/mtype304.a(csma.o)  obj_cooja/mtype304.o (csma_driver)
obj_cooja/mtype304.a(nullrdc.o)
                              obj_cooja/mtype304.o (nullrdc_driver)
obj_cooja/mtype304.a(nullsec.o)
                              obj_cooja/mtype304.a(rime.o) (nullsec_driver)
obj_cooja/mtype304.a(rimestats.o)
                              obj_cooja/mtype304.a(cooja-radio.o) (rimestats)
obj_cooja/mtype304.a(memb.o)  obj_cooja/mtype304.a(queuebuf.o) (memb_init)
obj_cooja/mtype304.a(broadcast-annou)
                              obj_cooja/mtype304.a(rime.o) (broadcast_announcement_init)
obj_cooja/mtype304.a(chameleon.o)
                              obj_cooja/mtype304.a(rime.o) (chameleon_init)
obj_cooja/mtype304.a(channel.o)
                              obj_cooja/mtype304.a(chameleon.o) (channel_init)
obj_cooja/mtype304.a(broadcast.o)
                              obj_cooja/mtype304.a(unicast.o) (broadcast_open)
obj_cooja/mtype304.a(framer-nullmac.)
                              obj_cooja/mtype304.a(nullrdc.o) (framer_nullmac)
obj_cooja/mtype304.a(mac.o)   obj_cooja/mtype304.a(csma.o) (mac_call_sent_callback)
obj_cooja/mtype304.a(chameleon-bitop)
                              obj_cooja/mtype304.a(chameleon.o) (chameleon_bitopt)

Allocating common symbols
Common symbol       size              file

simButtonIsActive   0x1               obj_cooja/mtype304.a(button-sensor.o)
[...]
Memory Configuration

Name             Origin             Length             Attributes
*default*        0x0000000000000000 0xffffffffffffffff

Linker script and memory map

LOAD /usr/lib/gcc/x86_64-linux-gnu/6/../../../x86_64-linux-gnu/crti.o
LOAD /usr/lib/gcc/x86_64-linux-gnu/6/crtbeginS.o
LOAD example_unicast.co
LOAD obj_cooja/mtype304.o
LOAD obj_cooja/mtype304.a
LOAD /usr/lib/gcc/x86_64-linux-gnu/6/libgcc.a
LOAD /usr/lib/gcc/x86_64-linux-gnu/6/libgcc_s.so
START GROUP
LOAD /usr/lib/gcc/x86_64-linux-gnu/6/libgcc_s.so.1
LOAD /usr/lib/gcc/x86_64-linux-gnu/6/libgcc.a
END GROUP
LOAD /usr/lib/gcc/x86_64-linux-gnu/6/../../../x86_64-linux-gnu/libc.so
START GROUP
LOAD /lib/x86_64-linux-gnu/libc.so.6
LOAD /usr/lib/x86_64-linux-gnu/libc_nonshared.a
LOAD /lib/x86_64-linux-gnu/ld-linux-x86-64.so.2
END GROUP
LOAD /usr/lib/gcc/x86_64-linux-gnu/6/libgcc.a
LOAD /usr/lib/gcc/x86_64-linux-gnu/6/libgcc_s.so
START GROUP
LOAD /usr/lib/gcc/x86_64-linux-gnu/6/libgcc_s.so.1
LOAD /usr/lib/gcc/x86_64-linux-gnu/6/libgcc.a
END GROUP
LOAD /usr/lib/gcc/x86_64-linux-gnu/6/crtendS.o
LOAD /usr/lib/gcc/x86_64-linux-gnu/6/../../../x86_64-linux-gnu/crtn.o
                0x00000000000001c8                . = (SEGMENT_START ("text-segment", 0x0) + SIZEOF_HEADERS)

.note.gnu.build-id
                0x00000000000001c8       0x24
 *(.note.gnu.build-id)
 .note.gnu.build-id
                0x00000000000001c8       0x24 /usr/lib/gcc/x86_64-linux-gnu/6/../../../x86_64-linux-gnu/crti.o

.hash
 *(.hash)

.gnu.hash       0x00000000000001f0      0xa10
 *(.gnu.hash)
 .gnu.hash      0x00000000000001f0      0xa10 /usr/lib/gcc/x86_64-linux-gnu/6/../../../x86_64-linux-gnu/crti.o

.dynsym         0x0000000000000c00     0x1ea8
 *(.dynsym)
 .dynsym        0x0000000000000c00     0x1ea8 /usr/lib/gcc/x86_64-linux-gnu/6/../../../x86_64-linux-gnu/crti.o

.dynstr         0x0000000000002aa8     0x142a
 *(.dynstr)
 .dynstr        0x0000000000002aa8     0x142a /usr/lib/gcc/x86_64-linux-gnu/6/../../../x86_64-linux-gnu/crti.o

.gnu.version    0x0000000000003ed2      0x28e
 *(.gnu.version)
 .gnu.version   0x0000000000003ed2      0x28e /usr/lib/gcc/x86_64-linux-gnu/6/../../../x86_64-linux-gnu/crti.o

.gnu.version_d  0x0000000000004160        0x0
 *(.gnu.version_d)
 .gnu.version_d
                0x0000000000004160        0x0 /usr/lib/gcc/x86_64-linux-gnu/6/../../../x86_64-linux-gnu/crti.o

.gnu.version_r  0x0000000000004160       0x30
 *(.gnu.version_r)
 .gnu.version_r
                0x0000000000004160       0x30 /usr/lib/gcc/x86_64-linux-gnu/6/../../../x86_64-linux-gnu/crti.o

.rela.dyn       0x0000000000004190     0x1428
 *(.rela.init)
 *(.rela.text .rela.text.* .rela.gnu.linkonce.t.*)
 .rela.text     0x0000000000004190        0x0 /usr/lib/gcc/x86_64-linux-gnu/6/../../../x86_64-linux-gnu/crti.o
 *(.rela.fini)
 *(.rela.rodata .rela.rodata.* .rela.gnu.linkonce.r.*)
 *(.rela.data .rela.data.* .rela.gnu.linkonce.d.*)
 .rela.data.rel.local
                0x0000000000004190      0x2b8 /usr/lib/gcc/x86_64-linux-gnu/6/../../../x86_64-linux-gnu/crti.o
 .rela.data.rel.ro
                0x0000000000004448       0x18 /usr/lib/gcc/x86_64-linux-gnu/6/../../../x86_64-linux-gnu/crti.o
 .rela.data.rel.ro.local
                0x0000000000004460      0x7f8 /usr/lib/gcc/x86_64-linux-gnu/6/../../../x86_64-linux-gnu/crti.o
 .rela.data.rel
                0x0000000000004c58      0x168 /usr/lib/gcc/x86_64-linux-gnu/6/../../../x86_64-linux-gnu/crti.o
 *(.rela.tdata .rela.tdata.* .rela.gnu.linkonce.td.*)
 *(.rela.tbss .rela.tbss.* .rela.gnu.linkonce.tb.*)
 *(.rela.ctors)
 *(.rela.dtors)
 *(.rela.got)
 .rela.got      0x0000000000004dc0      0x7c8 /usr/lib/gcc/x86_64-linux-gnu/6/../../../x86_64-linux-gnu/crti.o
 *(.rela.bss .rela.bss.* .rela.gnu.linkonce.b.*)
 *(.rela.ldata .rela.ldata.* .rela.gnu.linkonce.l.*)
 *(.rela.lbss .rela.lbss.* .rela.gnu.linkonce.lb.*)
 *(.rela.lrodata .rela.lrodata.* .rela.gnu.linkonce.lr.*)
 *(.rela.ifunc)
 .rela.fini_array
                0x0000000000005588       0x18 /usr/lib/gcc/x86_64-linux-gnu/6/../../../x86_64-linux-gnu/crti.o
 .rela.init_array
                0x00000000000055a0       0x18 /usr/lib/gcc/x86_64-linux-gnu/6/../../../x86_64-linux-gnu/crti.o

.rela.plt       0x00000000000055b8      0xc90
 *(.rela.plt)
 .rela.plt      0x00000000000055b8      0xc90 /usr/lib/gcc/x86_64-linux-gnu/6/../../../x86_64-linux-gnu/crti.o
 *(.rela.iplt)

.init           0x0000000000006248       0x17
 *(SORT(.init))
 .init          0x0000000000006248       0x12 /usr/lib/gcc/x86_64-linux-gnu/6/../../../x86_64-linux-gnu/crti.o
                0x0000000000006248                _init
 .init          0x000000000000625a        0x5 /usr/lib/gcc/x86_64-linux-gnu/6/../../../x86_64-linux-gnu/crtn.o

.plt            0x0000000000006260      0x870
 *(.plt)
 .plt           0x0000000000006260      0x870 /usr/lib/gcc/x86_64-linux-gnu/6/../../../x86_64-linux-gnu/crti.o
 *(.iplt)

.plt.got        0x0000000000006ad0        0x8
 *(.plt.got)
 .plt.got       0x0000000000006ad0        0x8 /usr/lib/gcc/x86_64-linux-gnu/6/../../../x86_64-linux-gnu/crti.o

.plt.bnd
 *(.plt.bnd)

.text           0x0000000000006ae0     0x6a1a
 *(.text.unlikely .text.*_unlikely .text.unlikely.*)
 *(.text.exit .text.exit.*)
 *(.text.startup .text.startup.*)
 *(.text.hot .text.hot.*)
 *(.text .stub .text.* .gnu.linkonce.t.*)
 .text          0x0000000000006ae0        0x0 /usr/lib/gcc/x86_64-linux-gnu/6/../../../x86_64-linux-gnu/crti.o
 .text          0x0000000000006ae0      0x100 /usr/lib/gcc/x86_64-linux-gnu/6/crtbeginS.o
 .text          0x0000000000006be0      0x133 example_unicast.co
 .text          0x0000000000006d13      0x548 obj_cooja/mtype304.o
                0x0000000000006e33                contiki_init
                0x000000000000707c                Java_org_contikios_cooja_corecomm_Lib3_init
                0x00000000000070bf                Java_org_contikios_cooja_corecomm_Lib3_getMemory
                0x0000000000007117                Java_org_contikios_cooja_corecomm_Lib3_setMemory
                0x00000000000071a4                Java_org_contikios_cooja_corecomm_Lib3_tick
                0x000000000000722d                Java_org_contikios_cooja_corecomm_Lib3_setReferenceAddress
 .text          0x000000000000725b       0x89 obj_cooja/mtype304.a(simEnvChange.o)
                0x000000000000725b                doActionsBeforeTick
                0x000000000000729f                doActionsAfterTick
 .text          0x00000000000072e4       0xdb obj_cooja/mtype304.a(cooja_mt.o)
                0x00000000000072e4                cooja_mt_init
                0x00000000000072f0                cooja_mt_remove
                0x00000000000072fc                cooja_mt_start
                0x0000000000007338                cooja_mt_exec
                0x0000000000007377                cooja_mt_exit
                0x000000000000739b                cooja_mt_yield
 .text          0x00000000000073bf      0x166 obj_cooja/mtype304.a(cooja_mtarch.o)
                0x00000000000073bf                cooja_mtarch_init
                0x00000000000073c6                cooja_mtarch_start
                0x0000000000007465                cooja_sw
                0x000000000000748e                cooja_mtarch_exec
                0x00000000000074b8                cooja_mtarch_remove
                0x00000000000074bf                cooja_mtarch_yield
                0x00000000000074cb                cooja_mtarch_pstop
                0x00000000000074d2                cooja_mtarch_pstart
                0x00000000000074d9                cooja_mtarch_stack_usage
 .text          0x0000000000007525       0xb4 obj_cooja/mtype304.a(rtimer-arch.o)
                0x0000000000007525                rtimer_arch_init
                0x0000000000007547                rtimer_arch_schedule
                0x000000000000756d                rtimer_arch_next
                0x000000000000757d                rtimer_arch_pending
                0x000000000000758c                rtimer_arch_check
                0x00000000000075c9                rtimer_arch_now
 .text          0x00000000000075d9       0xba obj_cooja/mtype304.a(beep.o)
                0x00000000000075d9                beep_alarm
                0x00000000000075f0                beep_beep
                0x0000000000007604                beep
                0x0000000000007615                beep_down
                0x0000000000007629                beep_on
                0x000000000000763a                beep_off
                0x000000000000764b                beep_spinup
                0x000000000000765c                beep_quick
                0x0000000000007670                beep_long
 .text          0x0000000000007693      0x12d obj_cooja/mtype304.a(button-sensor.o)
 .text          0x00000000000077c0       0x57 obj_cooja/mtype304.a(leds-arch.o)
                0x00000000000077c0                leds_arch_init
                0x00000000000077d1                leds_arch_get
                0x00000000000077e1                leds_arch_set
 .text          0x0000000000007817       0x39 obj_cooja/mtype304.a(moteid.o)
 .text          0x0000000000007850       0xe5 obj_cooja/mtype304.a(pir-sensor.o)
 .text          0x0000000000007935      0x175 obj_cooja/mtype304.a(rs232.o)
                0x0000000000007935                rs232_init
                0x000000000000793c                rs232_set_speed
                0x0000000000007948                rs232_set_input
                0x000000000000795e                rs232_send
                0x0000000000007985                rs232_print
                0x00000000000079ac                slip_arch_writeb
 .text          0x0000000000007aaa       0xe5 obj_cooja/mtype304.a(vib-sensor.o)
 .text          0x0000000000007b8f       0x57 obj_cooja/mtype304.a(clock.o)
                0x0000000000007b8f                clock_init
                0x0000000000007b96                clock_time
                0x0000000000007ba6                clock_seconds
                0x0000000000007bce                clock_delay
 .text          0x0000000000007be6      0x2e5 obj_cooja/mtype304.a(log.o)
                0x0000000000007be6                simlog_char
                0x0000000000007c3f                simlog
                0x0000000000007cde                log_message
                0x0000000000007d17                log_set_putchar_with_slip
                0x0000000000007d2a                log_putchar
                0x0000000000007daa                log_puts
                0x0000000000007dd3                log_printf
 .text          0x0000000000007ecb      0x373 obj_cooja/mtype304.a(cfs-cooja.o)
                0x0000000000007ecb                cfs_open
                0x0000000000007f44                cfs_close
                0x0000000000007f55                cfs_read
                0x0000000000008019                cfs_write
                0x0000000000008128                cfs_seek
                0x00000000000081d3                cfs_remove
                0x00000000000081ff                cfs_opendir
                0x0000000000008212                cfs_readdir
                0x0000000000008225                cfs_closedir
 .text          0x000000000000823e      0x73c obj_cooja/mtype304.a(cooja-radio.o)
                0x00000000000082b9                radio_set_channel
                0x00000000000082cf                radio_set_txpower
                0x00000000000082e8                radio_signal_strength_last
                0x00000000000082f7                radio_signal_strength_current
                0x0000000000008306                radio_LQI
 .text          0x000000000000897a      0x125 obj_cooja/mtype304.a(eeprom.o)
                0x000000000000897a                eeprom_init
                0x0000000000008981                eeprom_read
                0x0000000000008a09                eeprom_write
 .text          0x0000000000008a9f       0x27 obj_cooja/mtype304.a(random.o)
                0x0000000000008a9f                random_init
                0x0000000000008abb                random_rand
 .text          0x0000000000008ac6      0x340 obj_cooja/mtype304.a(sensors.o)
                0x0000000000008b0b                sensors_first
                0x0000000000008b1b                sensors_next
                0x0000000000008b46                sensors_changed
                0x0000000000008b8f                sensors_find
 .text          0x0000000000008e06       0xb3 obj_cooja/mtype304.a(autostart.o)
                0x0000000000008e06                autostart_start
                0x0000000000008e62                autostart_exit
 .text          0x0000000000008eb9      0x421 obj_cooja/mtype304.a(ctimer.o)
                0x0000000000009017                ctimer_init
                0x0000000000009048                ctimer_set
                0x0000000000009088                ctimer_set_with_process
                0x000000000000913e                ctimer_reset
                0x00000000000091ab                ctimer_restart
                0x0000000000009218                ctimer_stop
                0x0000000000009272                ctimer_expired
 .text          0x00000000000092da      0x53f obj_cooja/mtype304.a(etimer.o)
                0x0000000000009579                etimer_request_poll
                0x0000000000009623                etimer_set
                0x0000000000009655                etimer_reset_with_new_interval
                0x000000000000968c                etimer_reset
                0x00000000000096b3                etimer_restart
                0x00000000000096da                etimer_adjust
                0x0000000000009707                etimer_expired
                0x0000000000009722                etimer_expiration_time
                0x000000000000973e                etimer_start_time
                0x000000000000974f                etimer_pending
                0x0000000000009765                etimer_next_expiration_time
                0x0000000000009782                etimer_stop
 .text          0x0000000000009819      0x641 obj_cooja/mtype304.a(process.o)
                0x0000000000009819                process_alloc_event
                0x000000000000982f                process_start
                0x0000000000009a94                process_exit
                0x0000000000009abc                process_init
                0x0000000000009cac                process_run
                0x0000000000009cdd                process_nevents
                0x0000000000009cf9                process_post
                0x0000000000009dbd                process_post_synch
                0x0000000000009e07                process_poll
                0x0000000000009e40                process_is_running
 .text          0x0000000000009e5a       0xf6 obj_cooja/mtype304.a(rtimer.o)
                0x0000000000009e5a                rtimer_init
                0x0000000000009e66                rtimer_set
                0x0000000000009ee3                rtimer_run_next
 .text          0x0000000000009f50       0xdf obj_cooja/mtype304.a(timer.o)
                0x0000000000009f50                timer_set
                0x0000000000009f7e                timer_reset
                0x0000000000009fa2                timer_restart
                0x0000000000009fc0                timer_expired
                0x0000000000009ffd                timer_remaining
 .text          0x000000000000a02f      0x20c obj_cooja/mtype304.a(serial-line.o)
                0x000000000000a02f                serial_line_input_byte
                0x000000000000a208                serial_line_init
 .text          0x000000000000a23b      0x311 obj_cooja/mtype304.a(list.o)
                0x000000000000a23b                list_init
                0x000000000000a251                list_head
                0x000000000000a262                list_copy
                0x000000000000a27f                list_tail
                0x000000000000a2c4                list_add
                0x000000000000a324                list_push
                0x000000000000a363                list_chop
                0x000000000000a3ec                list_pop
                0x000000000000a422                list_remove
                0x000000000000a4aa                list_length
                0x000000000000a4e1                list_insert
                0x000000000000a52d                list_item_next
 .text          0x000000000000a54c      0x189 obj_cooja/mtype304.a(ringbuf.o)
                0x000000000000a54c                ringbuf_init
                0x000000000000a589                ringbuf_put
                0x000000000000a614                ringbuf_get
                0x000000000000a68e                ringbuf_size
                0x000000000000a6a6                ringbuf_elements
 .text          0x000000000000a6d5      0x1f2 obj_cooja/mtype304.a(rime.o)
                0x000000000000a6d5                rime_sniffer_add
                0x000000000000a6fa                rime_sniffer_remove
                0x000000000000a865                rime_output
 .text          0x000000000000a8c7      0x1ac obj_cooja/mtype304.a(unicast.o)
                0x000000000000a9d9                unicast_open
                0x000000000000aa29                unicast_close
                0x000000000000aa44                unicast_send
 .text          0x000000000000aa73      0x102 obj_cooja/mtype304.a(abc.o)
                0x000000000000aa73                abc_open
                0x000000000000aabc                abc_close
                0x000000000000aad7                abc_send
                0x000000000000aaf1                abc_input
                0x000000000000ab2c                abc_sent
 .text          0x000000000000ab75      0x2c6 obj_cooja/mtype304.a(announcement.o)
                0x000000000000ab75                announcement_init
                0x000000000000ab8b                announcement_register
                0x000000000000ac1b                announcement_remove
                0x000000000000ac40                announcement_remove_value
                0x000000000000ac8c                announcement_set_value
                0x000000000000acfb                announcement_bump
                0x000000000000ad52                announcement_listen
                0x000000000000ad7a                announcement_register_listen_callback
                0x000000000000ad90                announcement_register_observer_callback
                0x000000000000ada6                announcement_list
                0x000000000000adbb                announcement_heard
 .text          0x000000000000ae3b      0x32c obj_cooja/mtype304.a(queuebuf.o)
                0x000000000000ae4c                queuebuf_init
                0x000000000000ae6b                queuebuf_numfree
                0x000000000000ae7d                queuebuf_new_from_packetbuf
                0x000000000000af26                queuebuf_update_attr_from_packetbuf
                0x000000000000af65                queuebuf_update_from_packetbuf
                0x000000000000afbd                queuebuf_free
                0x000000000000b00c                queuebuf_to_packetbuf
                0x000000000000b07e                queuebuf_dataptr
                0x000000000000b0be                queuebuf_datalen
                0x000000000000b0ea                queuebuf_addr
                0x000000000000b129                queuebuf_attr
                0x000000000000b160                queuebuf_debug_print
 .text          0x000000000000b167      0x41d obj_cooja/mtype304.a(packetbuf.o)
                0x000000000000b167                packetbuf_clear
                0x000000000000b191                packetbuf_copyfrom
                0x000000000000b1e7                packetbuf_compact
                0x000000000000b272                packetbuf_copyto
                0x000000000000b315                packetbuf_hdralloc
                0x000000000000b39f                packetbuf_hdrreduce
                0x000000000000b3eb                packetbuf_set_datalen
                0x000000000000b403                packetbuf_dataptr
                0x000000000000b425                packetbuf_hdrptr
                0x000000000000b432                packetbuf_datalen
                0x000000000000b43f                packetbuf_hdrlen
                0x000000000000b457                packetbuf_totlen
                0x000000000000b476                packetbuf_remaininglen
                0x000000000000b48a                packetbuf_attr_clear
                0x000000000000b4e6                packetbuf_attr_copyto
                0x000000000000b525                packetbuf_attr_copyfrom
                0x000000000000b564                packetbuf_holds_broadcast
 .text          0x000000000000b584       0x47 obj_cooja/mtype304.a(netstack.o)
                0x000000000000b584                netstack_init
 .text          0x000000000000b5cb       0x74 obj_cooja/mtype304.a(linkaddr.o)
                0x000000000000b5cb                linkaddr_copy
                0x000000000000b5e8                linkaddr_cmp
                0x000000000000b61a                linkaddr_set_node_addr
 .text          0x000000000000b63f      0x979 obj_cooja/mtype304.a(csma.o)
 .text          0x000000000000bfb8      0x26f obj_cooja/mtype304.a(nullrdc.o)
 .text          0x000000000000c227       0x84 obj_cooja/mtype304.a(nullsec.o)
 .text          0x000000000000c2ab        0x0 obj_cooja/mtype304.a(rimestats.o)
 .text          0x000000000000c2ab      0x20e obj_cooja/mtype304.a(memb.o)
                0x000000000000c2ab                memb_init
                0x000000000000c30a                memb_alloc
                0x000000000000c382                memb_free
                0x000000000000c41a                memb_inmemb
                0x000000000000c46d                memb_numfree
 .text          0x000000000000c4b9      0x2ee obj_cooja/mtype304.a(broadcast-annou)
                0x000000000000c70c                broadcast_announcement_init
                0x000000000000c76f                broadcast_announcement_stop
                0x000000000000c79a                broadcast_announcement_beacon_interval
 .text          0x000000000000c7a7       0xec obj_cooja/mtype304.a(chameleon.o)
                0x000000000000c7d3                chameleon_init
                0x000000000000c7df                chameleon_parse
                0x000000000000c823                chameleon_create
                0x000000000000c871                chameleon_hdrsize
 .text          0x000000000000c893      0x113 obj_cooja/mtype304.a(channel.o)
                0x000000000000c893                channel_init
                0x000000000000c8a9                channel_set_attributes
                0x000000000000c8f5                channel_open
                0x000000000000c92c                channel_close
                0x000000000000c951                channel_lookup
 .text          0x000000000000c9a6      0x1a0 obj_cooja/mtype304.a(broadcast.o)
                0x000000000000caad                broadcast_open
                0x000000000000cafd                broadcast_close
                0x000000000000cb18                broadcast_send
 .text          0x000000000000cb46      0x121 obj_cooja/mtype304.a(framer-nullmac.)
 .text          0x000000000000cc67       0x48 obj_cooja/mtype304.a(mac.o)
                0x000000000000cc67                mac_call_sent_callback
 .text          0x000000000000ccaf      0x84b obj_cooja/mtype304.a(chameleon-bitop)
                0x000000000000ce2b                get_bits
                0x000000000000d02c                set_bits
 .text          0x000000000000d4fa        0x0 /usr/lib/gcc/x86_64-linux-gnu/6/crtendS.o
 .text          0x000000000000d4fa        0x0 /usr/lib/gcc/x86_64-linux-gnu/6/../../../x86_64-linux-gnu/crtn.o
 *(.gnu.warning)

.fini           0x000000000000d4fc        0x9
 *(SORT(.fini))
 .fini          0x000000000000d4fc        0x4 /usr/lib/gcc/x86_64-linux-gnu/6/../../../x86_64-linux-gnu/crti.o
                0x000000000000d4fc                _fini
 .fini          0x000000000000d500        0x5 /usr/lib/gcc/x86_64-linux-gnu/6/../../../x86_64-linux-gnu/crtn.o
                [!provide]                        PROVIDE (__etext, .)
                [!provide]                        PROVIDE (_etext, .)
                [!provide]                        PROVIDE (etext, .)

.rodata         0x000000000000d508      0x1e1
 *(.rodata .rodata.* .gnu.linkonce.r.*)
 .rodata        0x000000000000d508       0x3b example_unicast.co
 *fill*         0x000000000000d543        0x5 
 .rodata        0x000000000000d548       0xe5 obj_cooja/mtype304.o
 .rodata        0x000000000000d62d        0x7 obj_cooja/mtype304.a(button-sensor.o)
 .rodata        0x000000000000d634        0x4 obj_cooja/mtype304.a(pir-sensor.o)
 .rodata        0x000000000000d638        0x6 obj_cooja/mtype304.a(rs232.o)
 .rodata        0x000000000000d63e        0xa obj_cooja/mtype304.a(vib-sensor.o)
 .rodata        0x000000000000d648       0x27 obj_cooja/mtype304.a(cfs-cooja.o)
 .rodata        0x000000000000d66f       0x14 obj_cooja/mtype304.a(cooja-radio.o)
 .rodata        0x000000000000d683        0x8 obj_cooja/mtype304.a(sensors.o)
 .rodata        0x000000000000d68b        0xf obj_cooja/mtype304.a(ctimer.o)
 .rodata        0x000000000000d69a        0xc obj_cooja/mtype304.a(etimer.o)
 .rodata        0x000000000000d6a6        0xe obj_cooja/mtype304.a(serial-line.o)
 .rodata        0x000000000000d6b4        0x5 obj_cooja/mtype304.a(rime.o)
 .rodata        0x000000000000d6b9        0x6 obj_cooja/mtype304.a(unicast.o)
 .rodata        0x000000000000d6bf        0x2 obj_cooja/mtype304.a(abc.o)
 *fill*         0x000000000000d6c1        0x1 
 .rodata        0x000000000000d6c2        0x2 obj_cooja/mtype304.a(linkaddr.o)
                0x000000000000d6c2                linkaddr_null
 .rodata        0x000000000000d6c4        0x5 obj_cooja/mtype304.a(csma.o)
 .rodata        0x000000000000d6c9        0x8 obj_cooja/mtype304.a(nullrdc.o)
 .rodata        0x000000000000d6d1        0x8 obj_cooja/mtype304.a(nullsec.o)
 .rodata        0x000000000000d6d9        0x4 obj_cooja/mtype304.a(broadcast.o)
 *fill*         0x000000000000d6dd        0x3 
 .rodata        0x000000000000d6e0        0x9 obj_cooja/mtype304.a(chameleon-bitop)

.rodata1
 *(.rodata1)

.eh_frame_hdr   0x000000000000d6ec      0xb3c
 *(.eh_frame_hdr)
 .eh_frame_hdr  0x000000000000d6ec      0xb3c example_unicast.co
                0x000000000000d6ec                __GNU_EH_FRAME_HDR
 *(.eh_frame_entry .eh_frame_entry.*)

.eh_frame       0x000000000000e228     0x2d24
 *(.eh_frame)
 .eh_frame      0x000000000000e228       0x40 /usr/lib/gcc/x86_64-linux-gnu/6/../../../x86_64-linux-gnu/crti.o
 .eh_frame      0x000000000000e268       0x18 /usr/lib/gcc/x86_64-linux-gnu/6/../../../x86_64-linux-gnu/crti.o
                                         0x30 (size before relaxing)
 .eh_frame      0x000000000000e280       0x40 example_unicast.co
                                         0x58 (size before relaxing)
 .eh_frame      0x000000000000e2c0      0x140 obj_cooja/mtype304.o
                                        0x150 (size before relaxing)
 .eh_frame      0x000000000000e400       0x40 obj_cooja/mtype304.a(simEnvChange.o)
                                         0x58 (size before relaxing)
 .eh_frame      0x000000000000e440       0xc0 obj_cooja/mtype304.a(cooja_mt.o)
                                         0xd8 (size before relaxing)
 .eh_frame      0x000000000000e500      0x120 obj_cooja/mtype304.a(cooja_mtarch.o)
                                        0x138 (size before relaxing)
 .eh_frame      0x000000000000e620       0xc0 obj_cooja/mtype304.a(rtimer-arch.o)
                                         0xd8 (size before relaxing)
 .eh_frame      0x000000000000e6e0      0x160 obj_cooja/mtype304.a(beep.o)
                                        0x178 (size before relaxing)
 .eh_frame      0x000000000000e840       0xa0 obj_cooja/mtype304.a(button-sensor.o)
                                         0xb8 (size before relaxing)
 .eh_frame      0x000000000000e8e0       0xa0 obj_cooja/mtype304.a(leds-arch.o)
                                         0xb8 (size before relaxing)
 .eh_frame      0x000000000000e980       0x40 obj_cooja/mtype304.a(moteid.o)
                                         0x58 (size before relaxing)
 .eh_frame      0x000000000000e9c0       0xa0 obj_cooja/mtype304.a(pir-sensor.o)
                                         0xb8 (size before relaxing)
 .eh_frame      0x000000000000ea60      0x100 obj_cooja/mtype304.a(rs232.o)
                                        0x118 (size before relaxing)
 .eh_frame      0x000000000000eb60       0xa0 obj_cooja/mtype304.a(vib-sensor.o)
                                         0xb8 (size before relaxing)
 .eh_frame      0x000000000000ec00       0xc0 obj_cooja/mtype304.a(clock.o)
                                         0xd8 (size before relaxing)
 .eh_frame      0x000000000000ecc0      0x128 obj_cooja/mtype304.a(log.o)
                                        0x140 (size before relaxing)
 .eh_frame      0x000000000000ede8      0x160 obj_cooja/mtype304.a(cfs-cooja.o)
                                        0x178 (size before relaxing)
 .eh_frame      0x000000000000ef48      0x360 obj_cooja/mtype304.a(cooja-radio.o)
                                        0x378 (size before relaxing)
 .eh_frame      0x000000000000f2a8       0xa0 obj_cooja/mtype304.a(eeprom.o)
                                         0xb8 (size before relaxing)
 .eh_frame      0x000000000000f348       0x40 obj_cooja/mtype304.a(random.o)
                                         0x58 (size before relaxing)
 .eh_frame      0x000000000000f388       0xc0 obj_cooja/mtype304.a(sensors.o)
                                         0xd8 (size before relaxing)
 .eh_frame      0x000000000000f448       0x40 obj_cooja/mtype304.a(autostart.o)
                                         0x58 (size before relaxing)
 .eh_frame      0x000000000000f488      0x100 obj_cooja/mtype304.a(ctimer.o)
                                        0x118 (size before relaxing)
 .eh_frame      0x000000000000f588      0x1e0 obj_cooja/mtype304.a(etimer.o)
                                        0x1f8 (size before relaxing)
 .eh_frame      0x000000000000f768      0x1c8 obj_cooja/mtype304.a(process.o)
                                        0x1e0 (size before relaxing)
 .eh_frame      0x000000000000f930       0x60 obj_cooja/mtype304.a(rtimer.o)
                                         0x78 (size before relaxing)
 .eh_frame      0x000000000000f990       0xa0 obj_cooja/mtype304.a(timer.o)
                                         0xb8 (size before relaxing)
 .eh_frame      0x000000000000fa30       0x60 obj_cooja/mtype304.a(serial-line.o)
                                         0x78 (size before relaxing)
 .eh_frame      0x000000000000fa90      0x180 obj_cooja/mtype304.a(list.o)
                                        0x198 (size before relaxing)
 .eh_frame      0x000000000000fc10       0xa0 obj_cooja/mtype304.a(ringbuf.o)
                                         0xb8 (size before relaxing)
 .eh_frame      0x000000000000fcb0       0xc0 obj_cooja/mtype304.a(rime.o)
                                         0xd8 (size before relaxing)
 .eh_frame      0x000000000000fd70       0xe0 obj_cooja/mtype304.a(unicast.o)
                                         0xf8 (size before relaxing)
 .eh_frame      0x000000000000fe50       0xa0 obj_cooja/mtype304.a(abc.o)
                                         0xb8 (size before relaxing)
 .eh_frame      0x000000000000fef0      0x160 obj_cooja/mtype304.a(announcement.o)
                                        0x178 (size before relaxing)
 .eh_frame      0x0000000000010050      0x1a0 obj_cooja/mtype304.a(queuebuf.o)
                                        0x1b8 (size before relaxing)
 .eh_frame      0x00000000000101f0      0x230 obj_cooja/mtype304.a(packetbuf.o)
                                        0x240 (size before relaxing)
 .eh_frame      0x0000000000010420       0x20 obj_cooja/mtype304.a(netstack.o)
                                         0x38 (size before relaxing)
 .eh_frame      0x0000000000010440       0x60 obj_cooja/mtype304.a(linkaddr.o)
                                         0x78 (size before relaxing)
 .eh_frame      0x00000000000104a0      0x290 obj_cooja/mtype304.a(csma.o)
                                        0x2a0 (size before relaxing)
 .eh_frame      0x0000000000010730      0x148 obj_cooja/mtype304.a(nullrdc.o)
                                        0x160 (size before relaxing)
 .eh_frame      0x0000000000010878       0x80 obj_cooja/mtype304.a(nullsec.o)
                                         0x98 (size before relaxing)
 .eh_frame      0x00000000000108f8       0xa0 obj_cooja/mtype304.a(memb.o)
                                         0xb8 (size before relaxing)
 .eh_frame      0x0000000000010998      0x128 obj_cooja/mtype304.a(broadcast-annou)
                                        0x140 (size before relaxing)
 .eh_frame      0x0000000000010ac0       0xa0 obj_cooja/mtype304.a(chameleon.o)
                                         0xb8 (size before relaxing)
 .eh_frame      0x0000000000010b60       0xa0 obj_cooja/mtype304.a(channel.o)
                                         0xb8 (size before relaxing)
 .eh_frame      0x0000000000010c00       0xe0 obj_cooja/mtype304.a(broadcast.o)
                                         0xf8 (size before relaxing)
 .eh_frame      0x0000000000010ce0       0xa0 obj_cooja/mtype304.a(framer-nullmac.)
                                         0xb8 (size before relaxing)
 .eh_frame      0x0000000000010d80       0x20 obj_cooja/mtype304.a(mac.o)
                                         0x38 (size before relaxing)
 .eh_frame      0x0000000000010da0      0x1a8 obj_cooja/mtype304.a(chameleon-bitop)
                                        0x1c0 (size before relaxing)
 .eh_frame      0x0000000000010f48        0x4 /usr/lib/gcc/x86_64-linux-gnu/6/crtendS.o
 *(.eh_frame.*)

.gcc_except_table
 *(.gcc_except_table .gcc_except_table.*)

.gnu_extab
 *(.gnu_extab*)

.exception_ranges
 *(.exception_ranges .exception_ranges*)
                0x0000000000211828                . = DATA_SEGMENT_ALIGN (CONSTANT (MAXPAGESIZE), CONSTANT (COMMONPAGESIZE))

.eh_frame
 *(.eh_frame)
 *(.eh_frame.*)

.gnu_extab
 *(.gnu_extab)

.gcc_except_table
 *(.gcc_except_table .gcc_except_table.*)

.exception_ranges
 *(.exception_ranges .exception_ranges*)

.tdata
 *(.tdata .tdata.* .gnu.linkonce.td.*)

.tbss
 *(.tbss .tbss.* .gnu.linkonce.tb.*)
 *(.tcommon)

.preinit_array
 *(.preinit_array)

.init_array     0x0000000000211828        0x8
 *(SORT(.init_array.*) SORT(.ctors.*))
 *(.init_array EXCLUDE_FILE(*crtend?.o *crtend.o *crtbegin?.o *crtbegin.o) .ctors)
 .init_array    0x0000000000211828        0x8 /usr/lib/gcc/x86_64-linux-gnu/6/crtbeginS.o

.fini_array     0x0000000000211830        0x8
 *(SORT(.fini_array.*) SORT(.dtors.*))
 *(.fini_array EXCLUDE_FILE(*crtend?.o *crtend.o *crtbegin?.o *crtbegin.o) .dtors)
 .fini_array    0x0000000000211830        0x8 /usr/lib/gcc/x86_64-linux-gnu/6/crtbeginS.o

.ctors
 *crtbegin.o(.ctors)
 *crtbegin?.o(.ctors)
 *(EXCLUDE_FILE(*crtend?.o *crtend.o) .ctors)
 *(SORT(.ctors.*))
 *(.ctors)

.dtors
 *crtbegin.o(.dtors)
 *crtbegin?.o(.dtors)
 *(EXCLUDE_FILE(*crtend?.o *crtend.o) .dtors)
 *(SORT(.dtors.*))
 *(.dtors)

.jcr            0x0000000000211838        0x8
 *(.jcr)
 .jcr           0x0000000000211838        0x0 /usr/lib/gcc/x86_64-linux-gnu/6/crtbeginS.o
 .jcr           0x0000000000211838        0x8 /usr/lib/gcc/x86_64-linux-gnu/6/crtendS.o

.data.rel.ro    0x0000000000211840      0x350
 *(.data.rel.ro.local* .gnu.linkonce.d.rel.ro.local.*)
 .data.rel.ro.local
                0x0000000000211840       0x10 example_unicast.co
 .data.rel.ro.local
                0x0000000000211850       0x10 obj_cooja/mtype304.a(beep.o)
                0x0000000000211850                beep_interface
 .data.rel.ro.local
                0x0000000000211860       0x40 obj_cooja/mtype304.a(button-sensor.o)
                0x0000000000211860                button_interface
                0x0000000000211880                button_sensor
 .data.rel.ro.local
                0x00000000002118a0       0x10 obj_cooja/mtype304.a(leds-arch.o)
                0x00000000002118a0                leds_interface
 .data.rel.ro.local
                0x00000000002118b0       0x10 obj_cooja/mtype304.a(moteid.o)
                0x00000000002118b0                moteid_interface
 .data.rel.ro.local
                0x00000000002118c0       0x40 obj_cooja/mtype304.a(pir-sensor.o)
                0x00000000002118c0                pir_interface
                0x00000000002118e0                pir_sensor
 .data.rel.ro.local
                0x0000000000211900       0x10 obj_cooja/mtype304.a(rs232.o)
                0x0000000000211900                rs232_interface
 *fill*         0x0000000000211910       0x10 
 .data.rel.ro.local
                0x0000000000211920       0x40 obj_cooja/mtype304.a(vib-sensor.o)
                0x0000000000211920                vib_interface
                0x0000000000211940                vib_sensor
 .data.rel.ro.local
                0x0000000000211960       0x10 obj_cooja/mtype304.a(clock.o)
                0x0000000000211960                clock_interface
 .data.rel.ro.local
                0x0000000000211970       0x10 obj_cooja/mtype304.a(log.o)
                0x0000000000211970                simlog_interface
 .data.rel.ro.local
                0x0000000000211980       0x10 obj_cooja/mtype304.a(cfs-cooja.o)
                0x0000000000211980                cfs_interface
 *fill*         0x0000000000211990       0x10 
 .data.rel.ro.local
                0x00000000002119a0       0x90 obj_cooja/mtype304.a(cooja-radio.o)
                0x00000000002119a0                radio_interface
                0x00000000002119c0                cooja_radio_driver
 .data.rel.ro.local
                0x0000000000211a30       0x10 obj_cooja/mtype304.a(eeprom.o)
                0x0000000000211a30                eeprom_interface
 .data.rel.ro.local
                0x0000000000211a40       0x18 obj_cooja/mtype304.a(rime.o)
                0x0000000000211a40                rime_driver
 *fill*         0x0000000000211a58        0x8 
 .data.rel.ro.local
                0x0000000000211a60       0x10 obj_cooja/mtype304.a(unicast.o)
 *fill*         0x0000000000211a70       0x10 
 .data.rel.ro.local
                0x0000000000211a80       0x38 obj_cooja/mtype304.a(csma.o)
                0x0000000000211a80                csma_driver
 *fill*         0x0000000000211ab8        0x8 
 .data.rel.ro.local
                0x0000000000211ac0       0x40 obj_cooja/mtype304.a(nullrdc.o)
                0x0000000000211ac0                nullrdc_driver
 .data.rel.ro.local
                0x0000000000211b00       0x20 obj_cooja/mtype304.a(nullsec.o)
                0x0000000000211b00                nullsec_driver
 .data.rel.ro.local
                0x0000000000211b20       0x10 obj_cooja/mtype304.a(broadcast-annou)
 .data.rel.ro.local
                0x0000000000211b30       0x10 obj_cooja/mtype304.a(broadcast.o)
 .data.rel.ro.local
                0x0000000000211b40       0x18 obj_cooja/mtype304.a(framer-nullmac.)
                0x0000000000211b40                framer_nullmac
 *fill*         0x0000000000211b58        0x8 
 .data.rel.ro.local
                0x0000000000211b60       0x18 obj_cooja/mtype304.a(chameleon-bitop)
                0x0000000000211b60                chameleon_bitopt
 *(.data.rel.ro .data.rel.ro.* .gnu.linkonce.d.rel.ro.*)
 .data.rel.ro   0x0000000000211b78        0x0 /usr/lib/gcc/x86_64-linux-gnu/6/../../../x86_64-linux-gnu/crti.o
 *fill*         0x0000000000211b78        0x8 
 .data.rel.ro   0x0000000000211b80       0x10 example_unicast.co
                0x0000000000211b80                autostart_processes

.dynamic        0x0000000000211b90      0x1c0
 *(.dynamic)
 .dynamic       0x0000000000211b90      0x1c0 /usr/lib/gcc/x86_64-linux-gnu/6/../../../x86_64-linux-gnu/crti.o
                0x0000000000211b90                _DYNAMIC

.got            0x0000000000211d50      0x298
 *(.got)
 .got           0x0000000000211d50      0x298 /usr/lib/gcc/x86_64-linux-gnu/6/../../../x86_64-linux-gnu/crti.o
 *(.igot)
                0x0000000000211fe8                . = DATA_SEGMENT_RELRO_END (., (SIZEOF (.got.plt) >= 0x18)?0x18:0x0)

.got.plt        0x0000000000212000      0x448
 *(.got.plt)
 .got.plt       0x0000000000212000      0x448 /usr/lib/gcc/x86_64-linux-gnu/6/../../../x86_64-linux-gnu/crti.o
                0x0000000000212000                _GLOBAL_OFFSET_TABLE_
 *(.igot.plt)

.data           0x0000000000212460      0x278
 *(.data .data.* .gnu.linkonce.d.*)
 .data          0x0000000000212460        0x0 /usr/lib/gcc/x86_64-linux-gnu/6/../../../x86_64-linux-gnu/crti.o
 .data          0x0000000000212460        0x0 /usr/lib/gcc/x86_64-linux-gnu/6/crtbeginS.o
 .data.rel.local
                0x0000000000212460        0x8 /usr/lib/gcc/x86_64-linux-gnu/6/crtbeginS.o
                0x0000000000212460                __dso_handle
 .data          0x0000000000212468        0x0 example_unicast.co
 *fill*         0x0000000000212468       0x18 
 .data.rel.local
                0x0000000000212480       0x20 example_unicast.co
                0x0000000000212480                example_unicast_process
 .data          0x00000000002124a0        0x0 obj_cooja/mtype304.o
 .data.rel      0x00000000002124a0       0xa0 obj_cooja/mtype304.o
                0x00000000002124a0                simInterfaces
                0x0000000000212520                sensors
 .data          0x0000000000212540        0x0 obj_cooja/mtype304.a(simEnvChange.o)
 .data          0x0000000000212540        0x0 obj_cooja/mtype304.a(cooja_mt.o)
 .data          0x0000000000212540        0x0 obj_cooja/mtype304.a(cooja_mtarch.o)
 .data          0x0000000000212540        0x0 obj_cooja/mtype304.a(rtimer-arch.o)
 .data          0x0000000000212540        0x0 obj_cooja/mtype304.a(beep.o)
 .data          0x0000000000212540        0x0 obj_cooja/mtype304.a(button-sensor.o)
 .data          0x0000000000212540        0x0 obj_cooja/mtype304.a(leds-arch.o)
 .data          0x0000000000212540        0x0 obj_cooja/mtype304.a(moteid.o)
 .data          0x0000000000212540        0x0 obj_cooja/mtype304.a(pir-sensor.o)
 .data          0x0000000000212540        0x0 obj_cooja/mtype304.a(rs232.o)
 .data          0x0000000000212540        0x0 obj_cooja/mtype304.a(vib-sensor.o)
 .data          0x0000000000212540        0x0 obj_cooja/mtype304.a(clock.o)
 .data          0x0000000000212540        0x0 obj_cooja/mtype304.a(log.o)
 .data          0x0000000000212540        0x0 obj_cooja/mtype304.a(cfs-cooja.o)
 .data          0x0000000000212540       0x1c obj_cooja/mtype304.a(cooja-radio.o)
                0x0000000000212540                simRadioHWOn
                0x0000000000212544                simSignalStrength
                0x0000000000212548                simLastSignalStrength
                0x000000000021254c                simPower
                0x0000000000212550                simRadioChannel
                0x0000000000212554                simLQI
 *fill*         0x000000000021255c        0x4 
 .data.rel.local
                0x0000000000212560       0x20 obj_cooja/mtype304.a(cooja-radio.o)
                0x0000000000212560                cooja_radio_process
 .data          0x0000000000212580        0x0 obj_cooja/mtype304.a(eeprom.o)
 .data          0x0000000000212580        0x0 obj_cooja/mtype304.a(random.o)
 .data          0x0000000000212580        0x0 obj_cooja/mtype304.a(sensors.o)
 .data.rel.local
                0x0000000000212580       0x20 obj_cooja/mtype304.a(sensors.o)
                0x0000000000212580                sensors_process
 .data          0x00000000002125a0        0x0 obj_cooja/mtype304.a(autostart.o)
 .data          0x00000000002125a0        0x0 obj_cooja/mtype304.a(ctimer.o)
 .data.rel.local
                0x00000000002125a0       0x40 obj_cooja/mtype304.a(ctimer.o)
                0x00000000002125c0                ctimer_process
 .data          0x00000000002125e0        0x0 obj_cooja/mtype304.a(etimer.o)
 .data.rel.local
                0x00000000002125e0       0x20 obj_cooja/mtype304.a(etimer.o)
                0x00000000002125e0                etimer_process
 .data          0x0000000000212600        0x0 obj_cooja/mtype304.a(process.o)
 .data          0x0000000000212600        0x0 obj_cooja/mtype304.a(rtimer.o)
 .data          0x0000000000212600        0x0 obj_cooja/mtype304.a(timer.o)
 .data          0x0000000000212600        0x0 obj_cooja/mtype304.a(serial-line.o)
 .data.rel.local
                0x0000000000212600       0x20 obj_cooja/mtype304.a(serial-line.o)
                0x0000000000212600                serial_line_process
 .data          0x0000000000212620        0x0 obj_cooja/mtype304.a(list.o)
 .data          0x0000000000212620        0x0 obj_cooja/mtype304.a(ringbuf.o)
 .data          0x0000000000212620        0x0 obj_cooja/mtype304.a(rime.o)
 .data.rel.local
                0x0000000000212620        0x8 obj_cooja/mtype304.a(rime.o)
 .data          0x0000000000212628        0x0 obj_cooja/mtype304.a(unicast.o)
 .data          0x0000000000212628        0x0 obj_cooja/mtype304.a(abc.o)
 .data          0x0000000000212628        0x0 obj_cooja/mtype304.a(announcement.o)
 .data.rel.local
                0x0000000000212628        0x8 obj_cooja/mtype304.a(announcement.o)
 .data          0x0000000000212630        0x0 obj_cooja/mtype304.a(queuebuf.o)
 .data.rel.local
                0x0000000000212630       0x38 obj_cooja/mtype304.a(queuebuf.o)
 .data          0x0000000000212668        0x0 obj_cooja/mtype304.a(packetbuf.o)
 .data.rel.local
                0x0000000000212668        0x8 obj_cooja/mtype304.a(packetbuf.o)
 .data          0x0000000000212670        0x0 obj_cooja/mtype304.a(netstack.o)
 .data          0x0000000000212670        0x0 obj_cooja/mtype304.a(linkaddr.o)
 .data          0x0000000000212670        0x0 obj_cooja/mtype304.a(csma.o)
 .data.rel.local
                0x0000000000212670       0x60 obj_cooja/mtype304.a(csma.o)
 .data          0x00000000002126d0        0x0 obj_cooja/mtype304.a(nullrdc.o)
 .data          0x00000000002126d0        0x0 obj_cooja/mtype304.a(nullsec.o)
 .data          0x00000000002126d0        0x0 obj_cooja/mtype304.a(rimestats.o)
 .data          0x00000000002126d0        0x0 obj_cooja/mtype304.a(memb.o)
 .data          0x00000000002126d0        0x0 obj_cooja/mtype304.a(broadcast-annou)
 .data          0x00000000002126d0        0x0 obj_cooja/mtype304.a(chameleon.o)
 .data          0x00000000002126d0        0x0 obj_cooja/mtype304.a(channel.o)
 .data.rel.local
                0x00000000002126d0        0x8 obj_cooja/mtype304.a(channel.o)
 .data          0x00000000002126d8        0x0 obj_cooja/mtype304.a(broadcast.o)
 .data          0x00000000002126d8        0x0 obj_cooja/mtype304.a(framer-nullmac.)
 .data          0x00000000002126d8        0x0 obj_cooja/mtype304.a(mac.o)
 .data          0x00000000002126d8        0x0 obj_cooja/mtype304.a(chameleon-bitop)
 .data          0x00000000002126d8        0x0 /usr/lib/gcc/x86_64-linux-gnu/6/crtendS.o
 .data          0x00000000002126d8        0x0 /usr/lib/gcc/x86_64-linux-gnu/6/../../../x86_64-linux-gnu/crtn.o

.tm_clone_table
                0x00000000002126d8        0x0
 .tm_clone_table
                0x00000000002126d8        0x0 /usr/lib/gcc/x86_64-linux-gnu/6/crtbeginS.o
 .tm_clone_table
                0x00000000002126d8        0x0 /usr/lib/gcc/x86_64-linux-gnu/6/crtendS.o

.data1
 *(.data1)
                0x00000000002126d8                _edata = .
                [!provide]                        PROVIDE (edata, .)
                0x00000000002126d8                . = .
                0x00000000002126d8                __bss_start = .

.bss            0x00000000002126e0     0x7f50
 *(.dynbss)
 .dynbss        0x00000000002126e0        0x0 /usr/lib/gcc/x86_64-linux-gnu/6/../../../x86_64-linux-gnu/crti.o
 *(.bss .bss.* .gnu.linkonce.b.*)
 .bss           0x00000000002126e0        0x0 /usr/lib/gcc/x86_64-linux-gnu/6/../../../x86_64-linux-gnu/crti.o
 .bss           0x00000000002126e0        0x1 /usr/lib/gcc/x86_64-linux-gnu/6/crtbeginS.o
 *fill*         0x00000000002126e1       0x1f 
 .bss           0x0000000000212700       0x60 example_unicast.co
 .bss           0x0000000000212760     0x4040 obj_cooja/mtype304.o
 .bss           0x00000000002167a0        0x1 obj_cooja/mtype304.a(simEnvChange.o)
                0x00000000002167a0                simDontFallAsleep
 *fill*         0x00000000002167a1        0x7 
 .bss           0x00000000002167a8        0x8 obj_cooja/mtype304.a(cooja_mt.o)
 .bss           0x00000000002167b0        0x8 obj_cooja/mtype304.a(cooja_mtarch.o)
 .bss           0x00000000002167b8        0x0 obj_cooja/mtype304.a(rtimer-arch.o)
 .bss           0x00000000002167b8        0x0 obj_cooja/mtype304.a(beep.o)
 *fill*         0x00000000002167b8        0x8 
 .bss           0x00000000002167c0       0x10 obj_cooja/mtype304.a(button-sensor.o)
 .bss           0x00000000002167d0        0x0 obj_cooja/mtype304.a(leds-arch.o)
 .bss           0x00000000002167d0        0x0 obj_cooja/mtype304.a(moteid.o)
 .bss           0x00000000002167d0        0x1 obj_cooja/mtype304.a(pir-sensor.o)
                0x00000000002167d0                simPirValue
 *fill*         0x00000000002167d1        0x7 
 .bss           0x00000000002167d8        0x8 obj_cooja/mtype304.a(rs232.o)
 .bss           0x00000000002167e0        0x1 obj_cooja/mtype304.a(vib-sensor.o)
                0x00000000002167e0                simVibValue
 .bss           0x00000000002167e1        0x0 obj_cooja/mtype304.a(clock.o)
 *fill*         0x00000000002167e1       0x1f 
 .bss           0x0000000000216800      0x420 obj_cooja/mtype304.a(log.o)
 .bss           0x0000000000216c20      0xfc0 obj_cooja/mtype304.a(cfs-cooja.o)
                0x0000000000216c20                simCFSData
                0x0000000000217bc0                simCFSSize
                0x0000000000217bc4                simCFSChanged
                0x0000000000217bc8                simCFSRead
                0x0000000000217bcc                simCFSWritten
 .bss           0x0000000000217be0       0x2c obj_cooja/mtype304.a(cooja-radio.o)
                0x0000000000217be0                simReceiving
                0x0000000000217be4                simInSize
                0x0000000000217be8                simLastPacketTimestamp
                0x0000000000217bf0                simOutSize
 .bss           0x0000000000217c0c        0xc obj_cooja/mtype304.a(eeprom.o)
                0x0000000000217c0c                simEEPROMChanged
                0x0000000000217c10                simEEPROMRead
                0x0000000000217c14                simEEPROMWritten
 .bss           0x0000000000217c18        0x0 obj_cooja/mtype304.a(random.o)
 .bss           0x0000000000217c18        0xc obj_cooja/mtype304.a(sensors.o)
 .bss           0x0000000000217c24        0x0 obj_cooja/mtype304.a(autostart.o)
 *fill*         0x0000000000217c24        0x4 
 .bss           0x0000000000217c28        0x9 obj_cooja/mtype304.a(ctimer.o)
 *fill*         0x0000000000217c31        0x7 
 .bss           0x0000000000217c38       0x10 obj_cooja/mtype304.a(etimer.o)
 *fill*         0x0000000000217c48       0x18 
 .bss           0x0000000000217c60      0x321 obj_cooja/mtype304.a(process.o)
                0x0000000000217c60                process_list
                0x0000000000217c68                process_current
 *fill*         0x0000000000217f81        0x7 
 .bss           0x0000000000217f88        0x8 obj_cooja/mtype304.a(rtimer.o)
 .bss           0x0000000000217f90        0x0 obj_cooja/mtype304.a(timer.o)
 *fill*         0x0000000000217f90       0x10 
 .bss           0x0000000000217fa0      0x140 obj_cooja/mtype304.a(serial-line.o)
 .bss           0x00000000002180e0        0x0 obj_cooja/mtype304.a(list.o)
 .bss           0x00000000002180e0        0x0 obj_cooja/mtype304.a(ringbuf.o)
 .bss           0x00000000002180e0        0x8 obj_cooja/mtype304.a(rime.o)
 .bss           0x00000000002180e8        0x0 obj_cooja/mtype304.a(unicast.o)
 .bss           0x00000000002180e8        0x0 obj_cooja/mtype304.a(abc.o)
 .bss           0x00000000002180e8       0x18 obj_cooja/mtype304.a(announcement.o)
 .bss           0x0000000000218100      0xca0 obj_cooja/mtype304.a(queuebuf.o)
 .bss           0x0000000000218da0       0xa0 obj_cooja/mtype304.a(packetbuf.o)
 .bss           0x0000000000218e40        0x0 obj_cooja/mtype304.a(netstack.o)
 .bss           0x0000000000218e40        0x0 obj_cooja/mtype304.a(linkaddr.o)
 .bss           0x0000000000218e40      0x42c obj_cooja/mtype304.a(csma.o)
 .bss           0x000000000021926c        0x0 obj_cooja/mtype304.a(nullrdc.o)
 .bss           0x000000000021926c        0x0 obj_cooja/mtype304.a(nullsec.o)
 .bss           0x000000000021926c        0x0 obj_cooja/mtype304.a(rimestats.o)
 .bss           0x000000000021926c        0x0 obj_cooja/mtype304.a(memb.o)
 *fill*         0x000000000021926c       0x14 
 .bss           0x0000000000219280       0xd8 obj_cooja/mtype304.a(broadcast-annou)
 .bss           0x0000000000219358        0x0 obj_cooja/mtype304.a(chameleon.o)
 .bss           0x0000000000219358        0x8 obj_cooja/mtype304.a(channel.o)
 .bss           0x0000000000219360        0x0 obj_cooja/mtype304.a(broadcast.o)
 .bss           0x0000000000219360        0x0 obj_cooja/mtype304.a(framer-nullmac.)
 .bss           0x0000000000219360        0x0 obj_cooja/mtype304.a(mac.o)
 .bss           0x0000000000219360        0x0 obj_cooja/mtype304.a(chameleon-bitop)
 .bss           0x0000000000219360        0x0 /usr/lib/gcc/x86_64-linux-gnu/6/crtendS.o
 .bss           0x0000000000219360        0x0 /usr/lib/gcc/x86_64-linux-gnu/6/../../../x86_64-linux-gnu/crtn.o
 *(COMMON)
 COMMON         0x0000000000219360        0xc obj_cooja/mtype304.o
                0x0000000000219360                referenceVar
                0x0000000000219368                sensors_flags
 *fill*         0x000000000021936c        0x4 
 COMMON         0x0000000000219370       0x10 obj_cooja/mtype304.a(simEnvChange.o)
                0x0000000000219370                simEtimerPending
                0x0000000000219374                simProcessRunValue
                0x0000000000219378                simEtimerNextExpirationTime
 COMMON         0x0000000000219380       0x18 obj_cooja/mtype304.a(rtimer-arch.o)
                0x0000000000219380                simRtimerPending
                0x0000000000219388                simRtimerCurrentTicks
                0x0000000000219390                simRtimerNextExpirationTime
 COMMON         0x0000000000219398        0x1 obj_cooja/mtype304.a(beep.o)
                0x0000000000219398                simBeeped
 COMMON         0x0000000000219399        0x3 obj_cooja/mtype304.a(button-sensor.o)
                0x0000000000219399                simButtonIsActive
                0x000000000021939a                simButtonIsDown
                0x000000000021939b                simButtonChanged
 COMMON         0x000000000021939c        0x1 obj_cooja/mtype304.a(leds-arch.o)
                0x000000000021939c                simLedsValue
 *fill*         0x000000000021939d        0x3 
 COMMON         0x00000000002193a0        0xc obj_cooja/mtype304.a(moteid.o)
                0x00000000002193a0                simRandomSeed
                0x00000000002193a4                simMoteIDChanged
                0x00000000002193a8                simMoteID
 COMMON         0x00000000002193ac        0x2 obj_cooja/mtype304.a(pir-sensor.o)
                0x00000000002193ac                simPirIsActive
                0x00000000002193ad                simPirChanged
 *fill*         0x00000000002193ae       0x12 
 COMMON         0x00000000002193c0      0x820 obj_cooja/mtype304.a(rs232.o)
                0x00000000002193c0                simSerialReceivingFlag
                0x00000000002193c4                simSerialReceivingLength
                0x00000000002193e0                simSerialReceivingData
 COMMON         0x0000000000219be0        0x2 obj_cooja/mtype304.a(vib-sensor.o)
                0x0000000000219be0                simVibChanged
                0x0000000000219be1                simVibIsActive
 *fill*         0x0000000000219be2        0x6 
 COMMON         0x0000000000219be8        0x8 obj_cooja/mtype304.a(clock.o)
                0x0000000000219be8                simCurrentTime
 *fill*         0x0000000000219bf0       0x10 
 COMMON         0x0000000000219c00      0x420 obj_cooja/mtype304.a(log.o)
                0x0000000000219c00                simLoggedLength
                0x0000000000219c04                simLoggedFlag
                0x0000000000219c20                simLoggedData
 COMMON         0x000000000021a020      0x100 obj_cooja/mtype304.a(cooja-radio.o)
                0x000000000021a020                simOutDataBuffer
                0x000000000021a0a0                simInDataBuffer
 COMMON         0x000000000021a120      0x400 obj_cooja/mtype304.a(eeprom.o)
                0x000000000021a120                simEEPROMData
 COMMON         0x000000000021a520        0x1 obj_cooja/mtype304.a(sensors.o)
                0x000000000021a520                sensors_event
 COMMON         0x000000000021a521        0x1 obj_cooja/mtype304.a(serial-line.o)
                0x000000000021a521                serial_line_event_message
 *fill*         0x000000000021a522       0x1e 
 COMMON         0x000000000021a540       0x40 obj_cooja/mtype304.a(packetbuf.o)
                0x000000000021a540                packetbuf_attrs
                0x000000000021a578                packetbuf_addrs
 COMMON         0x000000000021a580        0x2 obj_cooja/mtype304.a(linkaddr.o)
                0x000000000021a580                linkaddr_node_addr
 *fill*         0x000000000021a582       0x1e 
 COMMON         0x000000000021a5a0       0x90 obj_cooja/mtype304.a(rimestats.o)
                0x000000000021a5a0                rimestats
                0x000000000021a630                . = ALIGN ((. != 0x0)?0x8:0x1)

.lbss
 *(.dynlbss)
 *(.lbss .lbss.* .gnu.linkonce.lb.*)
 *(LARGE_COMMON)
                0x000000000021a630                . = ALIGN (0x8)
                0x000000000021a630                . = SEGMENT_START ("ldata-segment", .)

.lrodata
 *(.lrodata .lrodata.* .gnu.linkonce.lr.*)

.ldata          0x000000000061a630        0x0
 *(.ldata .ldata.* .gnu.linkonce.l.*)
                0x000000000061a630                . = ALIGN ((. != 0x0)?0x8:0x1)
                0x000000000061a630                . = ALIGN (0x8)
                0x000000000061a630                _end = .
                [!provide]                        PROVIDE (end, .)
                0x000000000061a630                . = DATA_SEGMENT_END (.)

.stab
 *(.stab)

.stabstr
 *(.stabstr)

.stab.excl
 *(.stab.excl)

.stab.exclstr
 *(.stab.exclstr)

.stab.index
 *(.stab.index)

.stab.indexstr
 *(.stab.indexstr)

.comment        0x0000000000000000       0x26
 *(.comment)
 .comment       0x0000000000000000       0x26 /usr/lib/gcc/x86_64-linux-gnu/6/crtbeginS.o
                                         0x27 (size before relaxing)
 .comment       0x0000000000000026       0x27 example_unicast.co
 .comment       0x0000000000000026       0x27 obj_cooja/mtype304.o
 .comment       0x0000000000000026       0x27 obj_cooja/mtype304.a(simEnvChange.o)
 .comment       0x0000000000000026       0x27 obj_cooja/mtype304.a(cooja_mt.o)
 .comment       0x0000000000000026       0x27 obj_cooja/mtype304.a(cooja_mtarch.o)
 .comment       0x0000000000000026       0x27 obj_cooja/mtype304.a(rtimer-arch.o)
 .comment       0x0000000000000026       0x27 obj_cooja/mtype304.a(beep.o)
 .comment       0x0000000000000026       0x27 obj_cooja/mtype304.a(button-sensor.o)
 .comment       0x0000000000000026       0x27 obj_cooja/mtype304.a(leds-arch.o)
 .comment       0x0000000000000026       0x27 obj_cooja/mtype304.a(moteid.o)
 .comment       0x0000000000000026       0x27 obj_cooja/mtype304.a(pir-sensor.o)
 .comment       0x0000000000000026       0x27 obj_cooja/mtype304.a(rs232.o)
 .comment       0x0000000000000026       0x27 obj_cooja/mtype304.a(vib-sensor.o)
 .comment       0x0000000000000026       0x27 obj_cooja/mtype304.a(clock.o)
 .comment       0x0000000000000026       0x27 obj_cooja/mtype304.a(log.o)
 .comment       0x0000000000000026       0x27 obj_cooja/mtype304.a(cfs-cooja.o)
 .comment       0x0000000000000026       0x27 obj_cooja/mtype304.a(cooja-radio.o)
 .comment       0x0000000000000026       0x27 obj_cooja/mtype304.a(eeprom.o)
 .comment       0x0000000000000026       0x27 obj_cooja/mtype304.a(random.o)
 .comment       0x0000000000000026       0x27 obj_cooja/mtype304.a(sensors.o)
 .comment       0x0000000000000026       0x27 obj_cooja/mtype304.a(autostart.o)
 .comment       0x0000000000000026       0x27 obj_cooja/mtype304.a(ctimer.o)
 .comment       0x0000000000000026       0x27 obj_cooja/mtype304.a(etimer.o)
 .comment       0x0000000000000026       0x27 obj_cooja/mtype304.a(process.o)
 .comment       0x0000000000000026       0x27 obj_cooja/mtype304.a(rtimer.o)
 .comment       0x0000000000000026       0x27 obj_cooja/mtype304.a(timer.o)
 .comment       0x0000000000000026       0x27 obj_cooja/mtype304.a(serial-line.o)
 .comment       0x0000000000000026       0x27 obj_cooja/mtype304.a(list.o)
 .comment       0x0000000000000026       0x27 obj_cooja/mtype304.a(ringbuf.o)
 .comment       0x0000000000000026       0x27 obj_cooja/mtype304.a(rime.o)
 .comment       0x0000000000000026       0x27 obj_cooja/mtype304.a(unicast.o)
 .comment       0x0000000000000026       0x27 obj_cooja/mtype304.a(abc.o)
 .comment       0x0000000000000026       0x27 obj_cooja/mtype304.a(announcement.o)
 .comment       0x0000000000000026       0x27 obj_cooja/mtype304.a(queuebuf.o)
 .comment       0x0000000000000026       0x27 obj_cooja/mtype304.a(packetbuf.o)
 .comment       0x0000000000000026       0x27 obj_cooja/mtype304.a(netstack.o)
 .comment       0x0000000000000026       0x27 obj_cooja/mtype304.a(linkaddr.o)
 .comment       0x0000000000000026       0x27 obj_cooja/mtype304.a(csma.o)
 .comment       0x0000000000000026       0x27 obj_cooja/mtype304.a(nullrdc.o)
 .comment       0x0000000000000026       0x27 obj_cooja/mtype304.a(nullsec.o)
 .comment       0x0000000000000026       0x27 obj_cooja/mtype304.a(rimestats.o)
 .comment       0x0000000000000026       0x27 obj_cooja/mtype304.a(memb.o)
 .comment       0x0000000000000026       0x27 obj_cooja/mtype304.a(broadcast-annou)
 .comment       0x0000000000000026       0x27 obj_cooja/mtype304.a(chameleon.o)
 .comment       0x0000000000000026       0x27 obj_cooja/mtype304.a(channel.o)
 .comment       0x0000000000000026       0x27 obj_cooja/mtype304.a(broadcast.o)
 .comment       0x0000000000000026       0x27 obj_cooja/mtype304.a(framer-nullmac.)
 .comment       0x0000000000000026       0x27 obj_cooja/mtype304.a(mac.o)
 .comment       0x0000000000000026       0x27 obj_cooja/mtype304.a(chameleon-bitop)
 .comment       0x0000000000000026       0x27 /usr/lib/gcc/x86_64-linux-gnu/6/crtendS.o

.debug
 *(.debug)

.line
 *(.line)

.debug_srcinfo
 *(.debug_srcinfo)

.debug_sfnames
 *(.debug_sfnames)

.debug_aranges  0x0000000000000000      0x920
 *(.debug_aranges)
 .debug_aranges
                0x0000000000000000       0x30 example_unicast.co
 .debug_aranges
                0x0000000000000030       0x30 obj_cooja/mtype304.o
 .debug_aranges
                0x0000000000000060       0x30 obj_cooja/mtype304.a(simEnvChange.o)
 .debug_aranges
                0x0000000000000090       0x30 obj_cooja/mtype304.a(cooja_mt.o)
 .debug_aranges
                0x00000000000000c0       0x30 obj_cooja/mtype304.a(cooja_mtarch.o)
 .debug_aranges
                0x00000000000000f0       0x30 obj_cooja/mtype304.a(rtimer-arch.o)
 .debug_aranges
                0x0000000000000120       0x30 obj_cooja/mtype304.a(beep.o)
 .debug_aranges
                0x0000000000000150       0x30 obj_cooja/mtype304.a(button-sensor.o)
 .debug_aranges
                0x0000000000000180       0x30 obj_cooja/mtype304.a(leds-arch.o)
 .debug_aranges
                0x00000000000001b0       0x30 obj_cooja/mtype304.a(moteid.o)
 .debug_aranges
                0x00000000000001e0       0x30 obj_cooja/mtype304.a(pir-sensor.o)
 .debug_aranges
                0x0000000000000210       0x30 obj_cooja/mtype304.a(rs232.o)
 .debug_aranges
                0x0000000000000240       0x30 obj_cooja/mtype304.a(vib-sensor.o)
 .debug_aranges
                0x0000000000000270       0x30 obj_cooja/mtype304.a(clock.o)
 .debug_aranges
                0x00000000000002a0       0x30 obj_cooja/mtype304.a(log.o)
 .debug_aranges
                0x00000000000002d0       0x30 obj_cooja/mtype304.a(cfs-cooja.o)
 .debug_aranges
                0x0000000000000300       0x30 obj_cooja/mtype304.a(cooja-radio.o)
 .debug_aranges
                0x0000000000000330       0x30 obj_cooja/mtype304.a(eeprom.o)
 .debug_aranges
                0x0000000000000360       0x30 obj_cooja/mtype304.a(random.o)
 .debug_aranges
                0x0000000000000390       0x30 obj_cooja/mtype304.a(sensors.o)
 .debug_aranges
                0x00000000000003c0       0x30 obj_cooja/mtype304.a(autostart.o)
 .debug_aranges
                0x00000000000003f0       0x30 obj_cooja/mtype304.a(ctimer.o)
 .debug_aranges
                0x0000000000000420       0x30 obj_cooja/mtype304.a(etimer.o)
 .debug_aranges
                0x0000000000000450       0x30 obj_cooja/mtype304.a(process.o)
 .debug_aranges
                0x0000000000000480       0x30 obj_cooja/mtype304.a(rtimer.o)
 .debug_aranges
                0x00000000000004b0       0x30 obj_cooja/mtype304.a(timer.o)
 .debug_aranges
                0x00000000000004e0       0x30 obj_cooja/mtype304.a(serial-line.o)
 .debug_aranges
                0x0000000000000510       0x30 obj_cooja/mtype304.a(list.o)
 .debug_aranges
                0x0000000000000540       0x30 obj_cooja/mtype304.a(ringbuf.o)
 .debug_aranges
                0x0000000000000570       0x30 obj_cooja/mtype304.a(rime.o)
 .debug_aranges
                0x00000000000005a0       0x30 obj_cooja/mtype304.a(unicast.o)
 .debug_aranges
                0x00000000000005d0       0x30 obj_cooja/mtype304.a(abc.o)
 .debug_aranges
                0x0000000000000600       0x30 obj_cooja/mtype304.a(announcement.o)
 .debug_aranges
                0x0000000000000630       0x30 obj_cooja/mtype304.a(queuebuf.o)
 .debug_aranges
                0x0000000000000660       0x30 obj_cooja/mtype304.a(packetbuf.o)
 .debug_aranges
                0x0000000000000690       0x30 obj_cooja/mtype304.a(netstack.o)
 .debug_aranges
                0x00000000000006c0       0x30 obj_cooja/mtype304.a(linkaddr.o)
 .debug_aranges
                0x00000000000006f0       0x30 obj_cooja/mtype304.a(csma.o)
 .debug_aranges
                0x0000000000000720       0x30 obj_cooja/mtype304.a(nullrdc.o)
 .debug_aranges
                0x0000000000000750       0x30 obj_cooja/mtype304.a(nullsec.o)
 .debug_aranges
                0x0000000000000780       0x20 obj_cooja/mtype304.a(rimestats.o)
 .debug_aranges
                0x00000000000007a0       0x30 obj_cooja/mtype304.a(memb.o)
 .debug_aranges
                0x00000000000007d0       0x30 obj_cooja/mtype304.a(broadcast-annou)
 .debug_aranges
                0x0000000000000800       0x30 obj_cooja/mtype304.a(chameleon.o)
 .debug_aranges
                0x0000000000000830       0x30 obj_cooja/mtype304.a(channel.o)
 .debug_aranges
                0x0000000000000860       0x30 obj_cooja/mtype304.a(broadcast.o)
 .debug_aranges
                0x0000000000000890       0x30 obj_cooja/mtype304.a(framer-nullmac.)
 .debug_aranges
                0x00000000000008c0       0x30 obj_cooja/mtype304.a(mac.o)
 .debug_aranges
                0x00000000000008f0       0x30 obj_cooja/mtype304.a(chameleon-bitop)

.debug_pubnames
 *(.debug_pubnames)

.debug_info     0x0000000000000000    0x19e63
 *(.debug_info .gnu.linkonce.wi.*)
 .debug_info    0x0000000000000000      0xced example_unicast.co
 .debug_info    0x0000000000000ced     0x3f81 obj_cooja/mtype304.o
 .debug_info    0x0000000000004c6e      0x528 obj_cooja/mtype304.a(simEnvChange.o)
 .debug_info    0x0000000000005196      0x306 obj_cooja/mtype304.a(cooja_mt.o)
 .debug_info    0x000000000000549c      0x6b4 obj_cooja/mtype304.a(cooja_mtarch.o)
 .debug_info    0x0000000000005b50      0x347 obj_cooja/mtype304.a(rtimer-arch.o)
 .debug_info    0x0000000000005e97      0x38e obj_cooja/mtype304.a(beep.o)
 .debug_info    0x0000000000006225      0x3ee obj_cooja/mtype304.a(button-sensor.o)
 .debug_info    0x0000000000006613      0x2ac obj_cooja/mtype304.a(leds-arch.o)
 .debug_info    0x00000000000068bf      0x27b obj_cooja/mtype304.a(moteid.o)
 .debug_info    0x0000000000006b3a      0x3b5 obj_cooja/mtype304.a(pir-sensor.o)
 .debug_info    0x0000000000006eef      0x665 obj_cooja/mtype304.a(rs232.o)
 .debug_info    0x0000000000007554      0x3b5 obj_cooja/mtype304.a(vib-sensor.o)
 .debug_info    0x0000000000007909      0x2c5 obj_cooja/mtype304.a(clock.o)
 .debug_info    0x0000000000007bce      0x72d obj_cooja/mtype304.a(log.o)
 .debug_info    0x00000000000082fb      0x7ff obj_cooja/mtype304.a(cfs-cooja.o)
 .debug_info    0x0000000000008afa     0x166e obj_cooja/mtype304.a(cooja-radio.o)
 .debug_info    0x000000000000a168      0x35b obj_cooja/mtype304.a(eeprom.o)
 .debug_info    0x000000000000a4c3       0xc7 obj_cooja/mtype304.a(random.o)
 .debug_info    0x000000000000a58a      0x400 obj_cooja/mtype304.a(sensors.o)
 .debug_info    0x000000000000a98a      0x1e2 obj_cooja/mtype304.a(autostart.o)
 .debug_info    0x000000000000ab6c      0x513 obj_cooja/mtype304.a(ctimer.o)
 .debug_info    0x000000000000b07f      0x532 obj_cooja/mtype304.a(etimer.o)
 .debug_info    0x000000000000b5b1      0x7c4 obj_cooja/mtype304.a(process.o)
 .debug_info    0x000000000000bd75      0x2dd obj_cooja/mtype304.a(rtimer.o)
 .debug_info    0x000000000000c052      0x18e obj_cooja/mtype304.a(timer.o)
 .debug_info    0x000000000000c1e0      0x351 obj_cooja/mtype304.a(serial-line.o)
 .debug_info    0x000000000000c531      0x355 obj_cooja/mtype304.a(list.o)
 .debug_info    0x000000000000c886      0x1cc obj_cooja/mtype304.a(ringbuf.o)
 .debug_info    0x000000000000ca52      0xd96 obj_cooja/mtype304.a(rime.o)
 .debug_info    0x000000000000d7e8      0xb9b obj_cooja/mtype304.a(unicast.o)
 .debug_info    0x000000000000e383      0xe61 obj_cooja/mtype304.a(abc.o)
 .debug_info    0x000000000000f1e4      0x42d obj_cooja/mtype304.a(announcement.o)
 .debug_info    0x000000000000f611     0x106e obj_cooja/mtype304.a(queuebuf.o)
 .debug_info    0x000000000001067f      0xf8b obj_cooja/mtype304.a(packetbuf.o)
 .debug_info    0x000000000001160a      0x9ee obj_cooja/mtype304.a(netstack.o)
 .debug_info    0x0000000000011ff8      0x19f obj_cooja/mtype304.a(linkaddr.o)
 .debug_info    0x0000000000012197     0x15f2 obj_cooja/mtype304.a(csma.o)
 .debug_info    0x0000000000013789      0xed9 obj_cooja/mtype304.a(nullrdc.o)
 .debug_info    0x0000000000014662      0xbc6 obj_cooja/mtype304.a(nullsec.o)
 .debug_info    0x0000000000015228      0x11d obj_cooja/mtype304.a(rimestats.o)
 .debug_info    0x0000000000015345      0x305 obj_cooja/mtype304.a(memb.o)
 .debug_info    0x000000000001564a      0xce6 obj_cooja/mtype304.a(broadcast-annou)
 .debug_info    0x0000000000016330      0xbfd obj_cooja/mtype304.a(chameleon.o)
 .debug_info    0x0000000000016f2d      0x880 obj_cooja/mtype304.a(channel.o)
 .debug_info    0x00000000000177ad      0xf81 obj_cooja/mtype304.a(broadcast.o)
 .debug_info    0x000000000001872e      0x802 obj_cooja/mtype304.a(framer-nullmac.)
 .debug_info    0x0000000000018f30      0x126 obj_cooja/mtype304.a(mac.o)
 .debug_info    0x0000000000019056      0xe0d obj_cooja/mtype304.a(chameleon-bitop)

.debug_abbrev   0x0000000000000000     0x5910
 *(.debug_abbrev)
 .debug_abbrev  0x0000000000000000      0x20b example_unicast.co
 .debug_abbrev  0x000000000000020b      0x2d6 obj_cooja/mtype304.o
 .debug_abbrev  0x00000000000004e1      0x167 obj_cooja/mtype304.a(simEnvChange.o)
 .debug_abbrev  0x0000000000000648      0x15b obj_cooja/mtype304.a(cooja_mt.o)
 .debug_abbrev  0x00000000000007a3      0x1d9 obj_cooja/mtype304.a(cooja_mtarch.o)
 .debug_abbrev  0x000000000000097c      0x18f obj_cooja/mtype304.a(rtimer-arch.o)
 .debug_abbrev  0x0000000000000b0b      0x18f obj_cooja/mtype304.a(beep.o)
 .debug_abbrev  0x0000000000000c9a      0x1c1 obj_cooja/mtype304.a(button-sensor.o)
 .debug_abbrev  0x0000000000000e5b      0x182 obj_cooja/mtype304.a(leds-arch.o)
 .debug_abbrev  0x0000000000000fdd      0x14a obj_cooja/mtype304.a(moteid.o)
 .debug_abbrev  0x0000000000001127      0x19a obj_cooja/mtype304.a(pir-sensor.o)
 .debug_abbrev  0x00000000000012c1      0x1ed obj_cooja/mtype304.a(rs232.o)
 .debug_abbrev  0x00000000000014ae      0x19a obj_cooja/mtype304.a(vib-sensor.o)
 .debug_abbrev  0x0000000000001648      0x18f obj_cooja/mtype304.a(clock.o)
 .debug_abbrev  0x00000000000017d7      0x1ff obj_cooja/mtype304.a(log.o)
 .debug_abbrev  0x00000000000019d6      0x1eb obj_cooja/mtype304.a(cfs-cooja.o)
 .debug_abbrev  0x0000000000001bc1      0x384 obj_cooja/mtype304.a(cooja-radio.o)
 .debug_abbrev  0x0000000000001f45      0x180 obj_cooja/mtype304.a(eeprom.o)
 .debug_abbrev  0x00000000000020c5       0x6b obj_cooja/mtype304.a(random.o)
 .debug_abbrev  0x0000000000002130      0x1cd obj_cooja/mtype304.a(sensors.o)
 .debug_abbrev  0x00000000000022fd      0x12b obj_cooja/mtype304.a(autostart.o)
 .debug_abbrev  0x0000000000002428      0x1be obj_cooja/mtype304.a(ctimer.o)
 .debug_abbrev  0x00000000000025e6      0x21b obj_cooja/mtype304.a(etimer.o)
 .debug_abbrev  0x0000000000002801      0x27b obj_cooja/mtype304.a(process.o)
 .debug_abbrev  0x0000000000002a7c      0x1a4 obj_cooja/mtype304.a(rtimer.o)
 .debug_abbrev  0x0000000000002c20       0xf3 obj_cooja/mtype304.a(timer.o)
 .debug_abbrev  0x0000000000002d13      0x1a7 obj_cooja/mtype304.a(serial-line.o)
 .debug_abbrev  0x0000000000002eba      0x143 obj_cooja/mtype304.a(list.o)
 .debug_abbrev  0x0000000000002ffd       0xbf obj_cooja/mtype304.a(ringbuf.o)
 .debug_abbrev  0x00000000000030bc      0x25f obj_cooja/mtype304.a(rime.o)
 .debug_abbrev  0x000000000000331b      0x250 obj_cooja/mtype304.a(unicast.o)
 .debug_abbrev  0x000000000000356b      0x224 obj_cooja/mtype304.a(abc.o)
 .debug_abbrev  0x000000000000378f      0x182 obj_cooja/mtype304.a(announcement.o)
 .debug_abbrev  0x0000000000003911      0x27d obj_cooja/mtype304.a(queuebuf.o)
 .debug_abbrev  0x0000000000003b8e      0x29b obj_cooja/mtype304.a(packetbuf.o)
 .debug_abbrev  0x0000000000003e29      0x1b2 obj_cooja/mtype304.a(netstack.o)
 .debug_abbrev  0x0000000000003fdb       0xfd obj_cooja/mtype304.a(linkaddr.o)
 .debug_abbrev  0x00000000000040d8      0x316 obj_cooja/mtype304.a(csma.o)
 .debug_abbrev  0x00000000000043ee      0x2ed obj_cooja/mtype304.a(nullrdc.o)
 .debug_abbrev  0x00000000000046db      0x23f obj_cooja/mtype304.a(nullsec.o)
 .debug_abbrev  0x000000000000491a       0x59 obj_cooja/mtype304.a(rimestats.o)
 .debug_abbrev  0x0000000000004973      0x15a obj_cooja/mtype304.a(memb.o)
 .debug_abbrev  0x0000000000004acd      0x25a obj_cooja/mtype304.a(broadcast-annou)
 .debug_abbrev  0x0000000000004d27      0x227 obj_cooja/mtype304.a(chameleon.o)
 .debug_abbrev  0x0000000000004f4e      0x1ee obj_cooja/mtype304.a(channel.o)
 .debug_abbrev  0x000000000000513c      0x265 obj_cooja/mtype304.a(broadcast.o)
 .debug_abbrev  0x00000000000053a1      0x20b obj_cooja/mtype304.a(framer-nullmac.)
 .debug_abbrev  0x00000000000055ac       0xa5 obj_cooja/mtype304.a(mac.o)
 .debug_abbrev  0x0000000000005651      0x2bf obj_cooja/mtype304.a(chameleon-bitop)

.debug_line     0x0000000000000000     0x595b
 *(.debug_line .debug_line.* .debug_line_end)
 .debug_line    0x0000000000000000      0x283 example_unicast.co
 .debug_line    0x0000000000000283      0x500 obj_cooja/mtype304.o
 .debug_line    0x0000000000000783      0x1da obj_cooja/mtype304.a(simEnvChange.o)
 .debug_line    0x000000000000095d      0x10f obj_cooja/mtype304.a(cooja_mt.o)
 .debug_line    0x0000000000000a6c      0x1db obj_cooja/mtype304.a(cooja_mtarch.o)
 .debug_line    0x0000000000000c47      0x162 obj_cooja/mtype304.a(rtimer-arch.o)
 .debug_line    0x0000000000000da9      0x12f obj_cooja/mtype304.a(beep.o)
 .debug_line    0x0000000000000ed8      0x1c8 obj_cooja/mtype304.a(button-sensor.o)
 .debug_line    0x00000000000010a0      0x123 obj_cooja/mtype304.a(leds-arch.o)
 .debug_line    0x00000000000011c3      0x147 obj_cooja/mtype304.a(moteid.o)
 .debug_line    0x000000000000130a      0x18c obj_cooja/mtype304.a(pir-sensor.o)
 .debug_line    0x0000000000001496      0x23d obj_cooja/mtype304.a(rs232.o)
 .debug_line    0x00000000000016d3      0x18c obj_cooja/mtype304.a(vib-sensor.o)
 .debug_line    0x000000000000185f      0x121 obj_cooja/mtype304.a(clock.o)
 .debug_line    0x0000000000001980      0x213 obj_cooja/mtype304.a(log.o)
 .debug_line    0x0000000000001b93      0x23e obj_cooja/mtype304.a(cfs-cooja.o)
 .debug_line    0x0000000000001dd1      0x3f8 obj_cooja/mtype304.a(cooja-radio.o)
 .debug_line    0x00000000000021c9      0x15d obj_cooja/mtype304.a(eeprom.o)
 .debug_line    0x0000000000002326       0x56 obj_cooja/mtype304.a(random.o)
 .debug_line    0x000000000000237c      0x16e obj_cooja/mtype304.a(sensors.o)
 .debug_line    0x00000000000024ea       0xca obj_cooja/mtype304.a(autostart.o)
 .debug_line    0x00000000000025b4      0x1ad obj_cooja/mtype304.a(ctimer.o)
 .debug_line    0x0000000000002761      0x1c9 obj_cooja/mtype304.a(etimer.o)
 .debug_line    0x000000000000292a      0x246 obj_cooja/mtype304.a(process.o)
 .debug_line    0x0000000000002b70      0x119 obj_cooja/mtype304.a(rtimer.o)
 .debug_line    0x0000000000002c89       0xbe obj_cooja/mtype304.a(timer.o)
 .debug_line    0x0000000000002d47      0x173 obj_cooja/mtype304.a(serial-line.o)
 .debug_line    0x0000000000002eba      0x121 obj_cooja/mtype304.a(list.o)
 .debug_line    0x0000000000002fdb       0xbb obj_cooja/mtype304.a(ringbuf.o)
 .debug_line    0x0000000000003096      0x2a0 obj_cooja/mtype304.a(rime.o)
 .debug_line    0x0000000000003336      0x1c0 obj_cooja/mtype304.a(unicast.o)
 .debug_line    0x00000000000034f6      0x288 obj_cooja/mtype304.a(abc.o)
 .debug_line    0x000000000000377e      0x13c obj_cooja/mtype304.a(announcement.o)
 .debug_line    0x00000000000038ba      0x2d1 obj_cooja/mtype304.a(queuebuf.o)
 .debug_line    0x0000000000003b8b      0x2f3 obj_cooja/mtype304.a(packetbuf.o)
 .debug_line    0x0000000000003e7e      0x1e0 obj_cooja/mtype304.a(netstack.o)
 .debug_line    0x000000000000405e       0x9b obj_cooja/mtype304.a(linkaddr.o)
 .debug_line    0x00000000000040f9      0x3e4 obj_cooja/mtype304.a(csma.o)
 .debug_line    0x00000000000044dd      0x2e4 obj_cooja/mtype304.a(nullrdc.o)
 .debug_line    0x00000000000047c1      0x20f obj_cooja/mtype304.a(nullsec.o)
 .debug_line    0x00000000000049d0       0x71 obj_cooja/mtype304.a(rimestats.o)
 .debug_line    0x0000000000004a41      0x13a obj_cooja/mtype304.a(memb.o)
 .debug_line    0x0000000000004b7b      0x267 obj_cooja/mtype304.a(broadcast-annou)
 .debug_line    0x0000000000004de2      0x228 obj_cooja/mtype304.a(chameleon.o)
 .debug_line    0x000000000000500a      0x1b2 obj_cooja/mtype304.a(channel.o)
 .debug_line    0x00000000000051bc      0x2b1 obj_cooja/mtype304.a(broadcast.o)
 .debug_line    0x000000000000546d      0x190 obj_cooja/mtype304.a(framer-nullmac.)
 .debug_line    0x00000000000055fd       0x83 obj_cooja/mtype304.a(mac.o)
 .debug_line    0x0000000000005680      0x2db obj_cooja/mtype304.a(chameleon-bitop)

.debug_frame
 *(.debug_frame)

.debug_str      0x0000000000000000     0x4678
 *(.debug_str)
 .debug_str     0x0000000000000000      0x6f5 example_unicast.co
                                        0x7e4 (size before relaxing)
 .debug_str     0x00000000000006f5     0x18e5 obj_cooja/mtype304.o
                                       0x206e (size before relaxing)
 .debug_str     0x0000000000001fda       0x2e obj_cooja/mtype304.a(simEnvChange.o)
                                        0x454 (size before relaxing)
 .debug_str     0x0000000000002008       0x8b obj_cooja/mtype304.a(cooja_mt.o)
                                        0x268 (size before relaxing)
 .debug_str     0x0000000000002093       0xfb obj_cooja/mtype304.a(cooja_mtarch.o)
                                        0x4dd (size before relaxing)
 .debug_str     0x000000000000218e      0x13a obj_cooja/mtype304.a(rtimer-arch.o)
                                        0x366 (size before relaxing)
 .debug_str     0x00000000000022c8       0xc4 obj_cooja/mtype304.a(beep.o)
                                        0x309 (size before relaxing)
 .debug_str     0x000000000000238c       0x70 obj_cooja/mtype304.a(button-sensor.o)
                                        0x357 (size before relaxing)
 .debug_str     0x00000000000023fc       0x68 obj_cooja/mtype304.a(leds-arch.o)
                                        0x2e1 (size before relaxing)
 .debug_str     0x0000000000002464       0x47 obj_cooja/mtype304.a(moteid.o)
                                        0x2cc (size before relaxing)
 .debug_str     0x00000000000024ab       0x55 obj_cooja/mtype304.a(pir-sensor.o)
                                        0x321 (size before relaxing)
 .debug_str     0x0000000000002500       0xcf obj_cooja/mtype304.a(rs232.o)
                                        0x58a (size before relaxing)
 .debug_str     0x00000000000025cf       0x55 obj_cooja/mtype304.a(vib-sensor.o)
                                        0x321 (size before relaxing)
 .debug_str     0x0000000000002624       0x62 obj_cooja/mtype304.a(clock.o)
                                        0x2dc (size before relaxing)
 .debug_str     0x0000000000002686       0xf2 obj_cooja/mtype304.a(log.o)
                                        0x5a6 (size before relaxing)
 .debug_str     0x0000000000002778      0x111 obj_cooja/mtype304.a(cfs-cooja.o)
                                        0x575 (size before relaxing)
 .debug_str     0x0000000000002889      0x719 obj_cooja/mtype304.a(cooja-radio.o)
                                       0x111a (size before relaxing)
 .debug_str     0x0000000000002fa2       0x99 obj_cooja/mtype304.a(eeprom.o)
                                        0x322 (size before relaxing)
 .debug_str     0x000000000000303b       0x3b obj_cooja/mtype304.a(random.o)
                                        0x16b (size before relaxing)
 .debug_str     0x0000000000003076       0x9a obj_cooja/mtype304.a(sensors.o)
                                        0x2b6 (size before relaxing)
 .debug_str     0x0000000000003110       0x40 obj_cooja/mtype304.a(autostart.o)
                                        0x1ca (size before relaxing)
 .debug_str     0x0000000000003150       0xe5 obj_cooja/mtype304.a(ctimer.o)
                                        0x2ca (size before relaxing)
 .debug_str     0x0000000000003235      0x158 obj_cooja/mtype304.a(etimer.o)
                                        0x31a (size before relaxing)
 .debug_str     0x000000000000338d      0x14f obj_cooja/mtype304.a(process.o)
                                        0x4b6 (size before relaxing)
 .debug_str     0x00000000000034dc       0xb8 obj_cooja/mtype304.a(rtimer.o)
                                        0x271 (size before relaxing)
 .debug_str     0x0000000000003594       0x2d obj_cooja/mtype304.a(timer.o)
                                        0x183 (size before relaxing)
 .debug_str     0x00000000000035c1       0xa0 obj_cooja/mtype304.a(serial-line.o)
                                        0x291 (size before relaxing)
 .debug_str     0x0000000000003661       0xae obj_cooja/mtype304.a(list.o)
                                        0x167 (size before relaxing)
 .debug_str     0x000000000000370f       0x62 obj_cooja/mtype304.a(ringbuf.o)
                                        0x196 (size before relaxing)
 .debug_str     0x0000000000003771       0xf0 obj_cooja/mtype304.a(rime.o)
                                        0x7f4 (size before relaxing)
 .debug_str     0x0000000000003861       0x85 obj_cooja/mtype304.a(unicast.o)
                                        0x929 (size before relaxing)
 .debug_str     0x00000000000038e6       0x80 obj_cooja/mtype304.a(abc.o)
                                        0xaba (size before relaxing)
 .debug_str     0x0000000000003966      0x1a5 obj_cooja/mtype304.a(announcement.o)
                                        0x34e (size before relaxing)
 .debug_str     0x0000000000003b0b      0x1a5 obj_cooja/mtype304.a(queuebuf.o)
                                        0xbb7 (size before relaxing)
 .debug_str     0x0000000000003cb0      0x18f obj_cooja/mtype304.a(packetbuf.o)
                                        0xbaa (size before relaxing)
 .debug_str     0x0000000000003e3f       0x2e obj_cooja/mtype304.a(netstack.o)
                                        0x5fb (size before relaxing)
 .debug_str     0x0000000000003e6d       0x58 obj_cooja/mtype304.a(linkaddr.o)
                                        0x1a3 (size before relaxing)
 .debug_str     0x0000000000003ec5      0x23b obj_cooja/mtype304.a(csma.o)
                                        0xe34 (size before relaxing)
 .debug_str     0x0000000000004100       0x57 obj_cooja/mtype304.a(nullrdc.o)
                                        0xb4f (size before relaxing)
 .debug_str     0x0000000000004157       0x25 obj_cooja/mtype304.a(nullsec.o)
                                        0x96a (size before relaxing)
 .debug_str     0x000000000000417c       0x26 obj_cooja/mtype304.a(rimestats.o)
                                        0x169 (size before relaxing)
 .debug_str     0x00000000000041a2       0x62 obj_cooja/mtype304.a(memb.o)
                                        0x20a (size before relaxing)
 .debug_str     0x0000000000004204      0x187 obj_cooja/mtype304.a(broadcast-annou)
                                        0x780 (size before relaxing)
 .debug_str     0x000000000000438b       0x8a obj_cooja/mtype304.a(chameleon.o)
                                        0xa98 (size before relaxing)
 .debug_str     0x0000000000004415       0x91 obj_cooja/mtype304.a(channel.o)
                                        0x59c (size before relaxing)
 .debug_str     0x00000000000044a6       0x75 obj_cooja/mtype304.a(broadcast.o)
                                        0xb16 (size before relaxing)
 .debug_str     0x000000000000451b       0x41 obj_cooja/mtype304.a(framer-nullmac.)
                                        0x7a0 (size before relaxing)
 .debug_str     0x000000000000455c       0x36 obj_cooja/mtype304.a(mac.o)
                                        0x1c8 (size before relaxing)
 .debug_str     0x0000000000004592       0xe6 obj_cooja/mtype304.a(chameleon-bitop)
                                        0x96d (size before relaxing)

.debug_loc
 *(.debug_loc)

.debug_macinfo
 *(.debug_macinfo)

.debug_weaknames
 *(.debug_weaknames)

.debug_funcnames
 *(.debug_funcnames)

.debug_typenames
 *(.debug_typenames)

.debug_varnames
 *(.debug_varnames)

.debug_pubtypes
 *(.debug_pubtypes)

.debug_ranges   0x0000000000000000       0xc0
 *(.debug_ranges)
 .debug_ranges  0x0000000000000000       0x30 obj_cooja/mtype304.a(etimer.o)
 .debug_ranges  0x0000000000000030       0x30 obj_cooja/mtype304.a(serial-line.o)
 .debug_ranges  0x0000000000000060       0x30 obj_cooja/mtype304.a(csma.o)
 .debug_ranges  0x0000000000000090       0x30 obj_cooja/mtype304.a(nullrdc.o)

.debug_macro
 *(.debug_macro)

.debug_addr
 *(.debug_addr)

.gnu.attributes
 *(.gnu.attributes)

/DISCARD/
 *(.note.GNU-stack)
 *(.gnu_debuglink)
 *(.gnu.lto_*)
OUTPUT(obj_cooja/mtype304.cooja elf64-x86-64)
